Archive member included to satisfy reference by file (symbol)

c:/st/stm32cubeide_1.7.0/stm32cubeide/plugins/com.st.stm32cube.ide.mcu.externaltools.gnu-tools-for-stm32.9-2020-q2-update.win32_2.0.0.202105311346/tools/bin/../lib/gcc/arm-none-eabi/9.3.1/../../../../arm-none-eabi/lib/thumb/v6-m/nofp\libc_nano.a(lib_a-exit.o)
                              c:/st/stm32cubeide_1.7.0/stm32cubeide/plugins/com.st.stm32cube.ide.mcu.externaltools.gnu-tools-for-stm32.9-2020-q2-update.win32_2.0.0.202105311346/tools/bin/../lib/gcc/arm-none-eabi/9.3.1/../../../../arm-none-eabi/lib/thumb/v6-m/nofp/crt0.o (exit)
c:/st/stm32cubeide_1.7.0/stm32cubeide/plugins/com.st.stm32cube.ide.mcu.externaltools.gnu-tools-for-stm32.9-2020-q2-update.win32_2.0.0.202105311346/tools/bin/../lib/gcc/arm-none-eabi/9.3.1/../../../../arm-none-eabi/lib/thumb/v6-m/nofp\libc_nano.a(lib_a-impure.o)
                              c:/st/stm32cubeide_1.7.0/stm32cubeide/plugins/com.st.stm32cube.ide.mcu.externaltools.gnu-tools-for-stm32.9-2020-q2-update.win32_2.0.0.202105311346/tools/bin/../lib/gcc/arm-none-eabi/9.3.1/../../../../arm-none-eabi/lib/thumb/v6-m/nofp\libc_nano.a(lib_a-exit.o) (_global_impure_ptr)
c:/st/stm32cubeide_1.7.0/stm32cubeide/plugins/com.st.stm32cube.ide.mcu.externaltools.gnu-tools-for-stm32.9-2020-q2-update.win32_2.0.0.202105311346/tools/bin/../lib/gcc/arm-none-eabi/9.3.1/../../../../arm-none-eabi/lib/thumb/v6-m/nofp\libc_nano.a(lib_a-init.o)
                              c:/st/stm32cubeide_1.7.0/stm32cubeide/plugins/com.st.stm32cube.ide.mcu.externaltools.gnu-tools-for-stm32.9-2020-q2-update.win32_2.0.0.202105311346/tools/bin/../lib/gcc/arm-none-eabi/9.3.1/../../../../arm-none-eabi/lib/thumb/v6-m/nofp/crt0.o (__libc_init_array)
c:/st/stm32cubeide_1.7.0/stm32cubeide/plugins/com.st.stm32cube.ide.mcu.externaltools.gnu-tools-for-stm32.9-2020-q2-update.win32_2.0.0.202105311346/tools/bin/../lib/gcc/arm-none-eabi/9.3.1/../../../../arm-none-eabi/lib/thumb/v6-m/nofp\libc_nano.a(lib_a-memset.o)
                              c:/st/stm32cubeide_1.7.0/stm32cubeide/plugins/com.st.stm32cube.ide.mcu.externaltools.gnu-tools-for-stm32.9-2020-q2-update.win32_2.0.0.202105311346/tools/bin/../lib/gcc/arm-none-eabi/9.3.1/../../../../arm-none-eabi/lib/thumb/v6-m/nofp/crt0.o (memset)
c:/st/stm32cubeide_1.7.0/stm32cubeide/plugins/com.st.stm32cube.ide.mcu.externaltools.gnu-tools-for-stm32.9-2020-q2-update.win32_2.0.0.202105311346/tools/bin/../lib/gcc/arm-none-eabi/9.3.1/../../../../arm-none-eabi/lib/thumb/v6-m/nofp\libnosys.a(_exit.o)
                              c:/st/stm32cubeide_1.7.0/stm32cubeide/plugins/com.st.stm32cube.ide.mcu.externaltools.gnu-tools-for-stm32.9-2020-q2-update.win32_2.0.0.202105311346/tools/bin/../lib/gcc/arm-none-eabi/9.3.1/../../../../arm-none-eabi/lib/thumb/v6-m/nofp\libc_nano.a(lib_a-exit.o) (_exit)
c:/st/stm32cubeide_1.7.0/stm32cubeide/plugins/com.st.stm32cube.ide.mcu.externaltools.gnu-tools-for-stm32.9-2020-q2-update.win32_2.0.0.202105311346/tools/bin/../lib/gcc/arm-none-eabi/9.3.1/thumb/v6-m/nofp\libgcc.a(_udivsi3.o)
                              _build/app_pwm.o (__aeabi_uidiv)
c:/st/stm32cubeide_1.7.0/stm32cubeide/plugins/com.st.stm32cube.ide.mcu.externaltools.gnu-tools-for-stm32.9-2020-q2-update.win32_2.0.0.202105311346/tools/bin/../lib/gcc/arm-none-eabi/9.3.1/thumb/v6-m/nofp\libgcc.a(_divsi3.o)
                              _build/bsp.o (__aeabi_idiv)
c:/st/stm32cubeide_1.7.0/stm32cubeide/plugins/com.st.stm32cube.ide.mcu.externaltools.gnu-tools-for-stm32.9-2020-q2-update.win32_2.0.0.202105311346/tools/bin/../lib/gcc/arm-none-eabi/9.3.1/thumb/v6-m/nofp\libgcc.a(_dvmd_tls.o)
                              c:/st/stm32cubeide_1.7.0/stm32cubeide/plugins/com.st.stm32cube.ide.mcu.externaltools.gnu-tools-for-stm32.9-2020-q2-update.win32_2.0.0.202105311346/tools/bin/../lib/gcc/arm-none-eabi/9.3.1/thumb/v6-m/nofp\libgcc.a(_udivsi3.o) (__aeabi_idiv0)
c:/st/stm32cubeide_1.7.0/stm32cubeide/plugins/com.st.stm32cube.ide.mcu.externaltools.gnu-tools-for-stm32.9-2020-q2-update.win32_2.0.0.202105311346/tools/bin/../lib/gcc/arm-none-eabi/9.3.1/../../../../arm-none-eabi/lib/thumb/v6-m/nofp\libc_nano.a(lib_a-memcpy-stub.o)
                              _build/pstorage.o (memcpy)
c:/st/stm32cubeide_1.7.0/stm32cubeide/plugins/com.st.stm32cube.ide.mcu.externaltools.gnu-tools-for-stm32.9-2020-q2-update.win32_2.0.0.202105311346/tools/bin/../lib/gcc/arm-none-eabi/9.3.1/../../../../arm-none-eabi/lib/thumb/v6-m/nofp\libc_nano.a(lib_a-printf.o)
                              _build/main.o (printf)
c:/st/stm32cubeide_1.7.0/stm32cubeide/plugins/com.st.stm32cube.ide.mcu.externaltools.gnu-tools-for-stm32.9-2020-q2-update.win32_2.0.0.202105311346/tools/bin/../lib/gcc/arm-none-eabi/9.3.1/../../../../arm-none-eabi/lib/thumb/v6-m/nofp\libc_nano.a(lib_a-strlen.o)
                              _build/main.o (strlen)
[...]
Memory Configuration

Name             Origin             Length             Attributes
FLASH            0x0000000000018000 0x0000000000028000 xr
RAM              0x0000000020002000 0x0000000000002000 xrw
*default*        0x0000000000000000 0xffffffffffffffff

Linker script and memory map

LOAD c:/st/stm32cubeide_1.7.0/stm32cubeide/plugins/com.st.stm32cube.ide.mcu.externaltools.gnu-tools-for-stm32.9-2020-q2-update.win32_2.0.0.202105311346/tools/bin/../lib/gcc/arm-none-eabi/9.3.1/thumb/v6-m/nofp/crti.o
LOAD c:/st/stm32cubeide_1.7.0/stm32cubeide/plugins/com.st.stm32cube.ide.mcu.externaltools.gnu-tools-for-stm32.9-2020-q2-update.win32_2.0.0.202105311346/tools/bin/../lib/gcc/arm-none-eabi/9.3.1/thumb/v6-m/nofp/crtbegin.o
LOAD c:/st/stm32cubeide_1.7.0/stm32cubeide/plugins/com.st.stm32cube.ide.mcu.externaltools.gnu-tools-for-stm32.9-2020-q2-update.win32_2.0.0.202105311346/tools/bin/../lib/gcc/arm-none-eabi/9.3.1/../../../../arm-none-eabi/lib/thumb/v6-m/nofp/crt0.o
LOAD c:/st/stm32cubeide_1.7.0/stm32cubeide/plugins/com.st.stm32cube.ide.mcu.externaltools.gnu-tools-for-stm32.9-2020-q2-update.win32_2.0.0.202105311346/tools/bin/../lib/gcc/arm-none-eabi/9.3.1/../../../../arm-none-eabi/lib/thumb/v6-m/nofp\libc_nano.a
LOAD c:/st/stm32cubeide_1.7.0/stm32cubeide/plugins/com.st.stm32cube.ide.mcu.externaltools.gnu-tools-for-stm32.9-2020-q2-update.win32_2.0.0.202105311346/tools/bin/../lib/gcc/arm-none-eabi/9.3.1/../../../../arm-none-eabi/lib/thumb/v6-m/nofp\libnosys.a
LOAD _build/app_button.o
LOAD _build/app_error.o
LOAD _build/app_fifo.o
LOAD _build/app_timer.o
LOAD _build/app_pwm.o
LOAD _build/app_trace.o
LOAD _build/nrf_assert.o
LOAD _build/retarget.o
LOAD _build/app_uart_fifo.o
LOAD _build/nrf_delay.o
LOAD _build/nrf_drv_clock.o
LOAD _build/nrf_drv_common.o
LOAD _build/nrf_drv_gpiote.o
LOAD _build/nrf_drv_ppi.o
LOAD _build/pstorage.o
LOAD _build/bsp.o
LOAD _build/bsp_btn_ble.o
LOAD _build/main.o
LOAD _build/ble_advdata.o
LOAD _build/ble_advertising.o
LOAD _build/ble_conn_params.o
LOAD _build/ble_nus.o
LOAD _build/ble_srv_common.o
LOAD _build/system_nrf51.o
LOAD _build/softdevice_handler.o
LOAD _build/nrf_drv_twi.o
LOAD _build/nrf_drv_timer.o
LOAD _build/twi_hw_master.o
LOAD _build/mpu6050.o
LOAD _build/gcc_startup_nrf51.o
START GROUP
LOAD c:/st/stm32cubeide_1.7.0/stm32cubeide/plugins/com.st.stm32cube.ide.mcu.externaltools.gnu-tools-for-stm32.9-2020-q2-update.win32_2.0.0.202105311346/tools/bin/../lib/gcc/arm-none-eabi/9.3.1/thumb/v6-m/nofp\libgcc.a
LOAD c:/st/stm32cubeide_1.7.0/stm32cubeide/plugins/com.st.stm32cube.ide.mcu.externaltools.gnu-tools-for-stm32.9-2020-q2-update.win32_2.0.0.202105311346/tools/bin/../lib/gcc/arm-none-eabi/9.3.1/../../../../arm-none-eabi/lib/thumb/v6-m/nofp\libc_nano.a
END GROUP
START GROUP
LOAD c:/st/stm32cubeide_1.7.0/stm32cubeide/plugins/com.st.stm32cube.ide.mcu.externaltools.gnu-tools-for-stm32.9-2020-q2-update.win32_2.0.0.202105311346/tools/bin/../lib/gcc/arm-none-eabi/9.3.1/thumb/v6-m/nofp\libgcc.a
LOAD c:/st/stm32cubeide_1.7.0/stm32cubeide/plugins/com.st.stm32cube.ide.mcu.externaltools.gnu-tools-for-stm32.9-2020-q2-update.win32_2.0.0.202105311346/tools/bin/../lib/gcc/arm-none-eabi/9.3.1/../../../../arm-none-eabi/lib/thumb/v6-m/nofp\libc_nano.a
END GROUP
LOAD c:/st/stm32cubeide_1.7.0/stm32cubeide/plugins/com.st.stm32cube.ide.mcu.externaltools.gnu-tools-for-stm32.9-2020-q2-update.win32_2.0.0.202105311346/tools/bin/../lib/gcc/arm-none-eabi/9.3.1/thumb/v6-m/nofp/crtend.o
LOAD c:/st/stm32cubeide_1.7.0/stm32cubeide/plugins/com.st.stm32cube.ide.mcu.externaltools.gnu-tools-for-stm32.9-2020-q2-update.win32_2.0.0.202105311346/tools/bin/../lib/gcc/arm-none-eabi/9.3.1/thumb/v6-m/nofp/crtn.o
START GROUP
LOAD c:/st/stm32cubeide_1.7.0/stm32cubeide/plugins/com.st.stm32cube.ide.mcu.externaltools.gnu-tools-for-stm32.9-2020-q2-update.win32_2.0.0.202105311346/tools/bin/../lib/gcc/arm-none-eabi/9.3.1/thumb/v6-m/nofp\libgcc.a
LOAD c:/st/stm32cubeide_1.7.0/stm32cubeide/plugins/com.st.stm32cube.ide.mcu.externaltools.gnu-tools-for-stm32.9-2020-q2-update.win32_2.0.0.202105311346/tools/bin/../lib/gcc/arm-none-eabi/9.3.1/../../../../arm-none-eabi/lib/thumb/v6-m/nofp\libc.a
LOAD c:/st/stm32cubeide_1.7.0/stm32cubeide/plugins/com.st.stm32cube.ide.mcu.externaltools.gnu-tools-for-stm32.9-2020-q2-update.win32_2.0.0.202105311346/tools/bin/../lib/gcc/arm-none-eabi/9.3.1/../../../../arm-none-eabi/lib/thumb/v6-m/nofp\libnosys.a
END GROUP

.text           0x0000000000018000     0x5bc4
 *(.Vectors)
 .Vectors       0x0000000000018000       0xc0 _build/gcc_startup_nrf51.o
                0x0000000000018000                __Vectors
 *(.text*)
 .text          0x00000000000180c0       0x80 c:/st/stm32cubeide_1.7.0/stm32cubeide/plugins/com.st.stm32cube.ide.mcu.externaltools.gnu-tools-for-stm32.9-2020-q2-update.win32_2.0.0.202105311346/tools/bin/../lib/gcc/arm-none-eabi/9.3.1/../../../../arm-none-eabi/lib/thumb/v6-m/nofp/crt0.o
                0x00000000000180c0                _stack_init
                0x00000000000180cc                _start
                0x00000000000180cc                _mainCRTStartup
 .text.exit     0x0000000000018140       0x2c c:/st/stm32cubeide_1.7.0/stm32cubeide/plugins/com.st.stm32cube.ide.mcu.externaltools.gnu-tools-for-stm32.9-2020-q2-update.win32_2.0.0.202105311346/tools/bin/../lib/gcc/arm-none-eabi/9.3.1/../../../../arm-none-eabi/lib/thumb/v6-m/nofp\libc_nano.a(lib_a-exit.o)
                0x0000000000018140                exit
 .text.__libc_init_array
                0x000000000001816c       0x48 c:/st/stm32cubeide_1.7.0/stm32cubeide/plugins/com.st.stm32cube.ide.mcu.externaltools.gnu-tools-for-stm32.9-2020-q2-update.win32_2.0.0.202105311346/tools/bin/../lib/gcc/arm-none-eabi/9.3.1/../../../../arm-none-eabi/lib/thumb/v6-m/nofp\libc_nano.a(lib_a-init.o)
                0x000000000001816c                __libc_init_array
 .text.memset   0x00000000000181b4       0x10 c:/st/stm32cubeide_1.7.0/stm32cubeide/plugins/com.st.stm32cube.ide.mcu.externaltools.gnu-tools-for-stm32.9-2020-q2-update.win32_2.0.0.202105311346/tools/bin/../lib/gcc/arm-none-eabi/9.3.1/../../../../arm-none-eabi/lib/thumb/v6-m/nofp\libc_nano.a(lib_a-memset.o)
                0x00000000000181b4                memset
 .text._exit    0x00000000000181c4        0x2 c:/st/stm32cubeide_1.7.0/stm32cubeide/plugins/com.st.stm32cube.ide.mcu.externaltools.gnu-tools-for-stm32.9-2020-q2-update.win32_2.0.0.202105311346/tools/bin/../lib/gcc/arm-none-eabi/9.3.1/../../../../arm-none-eabi/lib/thumb/v6-m/nofp\libnosys.a(_exit.o)
                0x00000000000181c4                _exit
 *fill*         0x00000000000181c6        0x2 
 .text.detection_delay_timeout_handler
                0x00000000000181c8       0xac _build/app_button.o
 .text.gpiote_event_handler
                0x0000000000018274       0x5c _build/app_button.o
 .text.app_button_init
                0x00000000000182d0       0xb4 _build/app_button.o
                0x00000000000182d0                app_button_init
 .text.app_button_enable
                0x0000000000018384       0x30 _build/app_button.o
                0x0000000000018384                app_button_enable
 .text.app_error_handler
                0x00000000000183b4       0x18 _build/app_error.o
                0x00000000000183b4                app_error_handler
 .text.app_fifo_init
                0x00000000000183cc       0x28 _build/app_fifo.o
                0x00000000000183cc                app_fifo_init
 .text.app_fifo_put
                0x00000000000183f4       0x24 _build/app_fifo.o
                0x00000000000183f4                app_fifo_put
 .text.app_fifo_get
                0x0000000000018418       0x24 _build/app_fifo.o
                0x0000000000018418                app_fifo_get
 .text.rtc1_stop
                0x000000000001843c       0x78 _build/app_timer.o
 .text.RTC1_IRQHandler
                0x00000000000184b4       0xe4 _build/app_timer.o
                0x00000000000184b4                RTC1_IRQHandler
 .text.SWI0_IRQHandler
                0x0000000000018598      0x58c _build/app_timer.o
                0x0000000000018598                SWI0_IRQHandler
 .text.app_timer_init
                0x0000000000018b24      0x120 _build/app_timer.o
                0x0000000000018b24                app_timer_init
 .text.app_timer_create
                0x0000000000018c44       0x50 _build/app_timer.o
                0x0000000000018c44                app_timer_create
 .text.app_timer_start
                0x0000000000018c94      0x114 _build/app_timer.o
                0x0000000000018c94                app_timer_start
 .text.app_timer_stop
                0x0000000000018da8       0xe8 _build/app_timer.o
                0x0000000000018da8                app_timer_stop
 .text._write   0x0000000000018e90       0x1c _build/retarget.o
                0x0000000000018e90                _write
 .text._read    0x0000000000018eac       0x14 _build/retarget.o
                0x0000000000018eac                _read
 .text.gpiote_uart_event_handler
                0x0000000000018ec0       0xc4 _build/app_uart_fifo.o
 .text.UART0_IRQHandler
                0x0000000000018f84      0x120 _build/app_uart_fifo.o
                0x0000000000018f84                UART0_IRQHandler
 .text.app_uart_init
                0x00000000000190a4      0x2b4 _build/app_uart_fifo.o
                0x00000000000190a4                app_uart_init
 .text.app_uart_get
                0x0000000000019358       0x10 _build/app_uart_fifo.o
                0x0000000000019358                app_uart_get
 .text.app_uart_put
                0x0000000000019368       0x80 _build/app_uart_fifo.o
                0x0000000000019368                app_uart_put
 .text.nrf_delay_ms
                0x00000000000193e8       0x3c _build/nrf_delay.o
                0x00000000000193e8                nrf_delay_ms
 .text.nrf_drv_common_irq_enable
                0x0000000000019424       0x7c _build/nrf_drv_common.o
                0x0000000000019424                nrf_drv_common_irq_enable
 .text.nrf_drv_gpiote_init
                0x00000000000194a0       0x60 _build/nrf_drv_gpiote.o
                0x00000000000194a0                nrf_drv_gpiote_init
 .text.nrf_drv_gpiote_is_init
                0x0000000000019500       0x10 _build/nrf_drv_gpiote.o
                0x0000000000019500                nrf_drv_gpiote_is_init
 .text.nrf_drv_gpiote_out_init
                0x0000000000019510       0xd0 _build/nrf_drv_gpiote.o
                0x0000000000019510                nrf_drv_gpiote_out_init
 .text.nrf_drv_gpiote_in_init
                0x00000000000195e0      0x1c0 _build/nrf_drv_gpiote.o
                0x00000000000195e0                nrf_drv_gpiote_in_init
 .text.nrf_drv_gpiote_in_event_enable
                0x00000000000197a0       0xb4 _build/nrf_drv_gpiote.o
                0x00000000000197a0                nrf_drv_gpiote_in_event_enable
 .text.nrf_drv_gpiote_in_is_set
                0x0000000000019854       0x14 _build/nrf_drv_gpiote.o
                0x0000000000019854                nrf_drv_gpiote_in_is_set
 .text.GPIOTE_IRQHandler
                0x0000000000019868      0x430 _build/nrf_drv_gpiote.o
                0x0000000000019868                GPIOTE_IRQHandler
 .text.pstorage_access_status_get
                0x0000000000019c98       0x28 _build/pstorage.o
                0x0000000000019c98                pstorage_access_status_get
 .text.alert_timer_handler
                0x0000000000019cc0       0x28 _build/bsp.o
 .text.bsp_button_event_handler
                0x0000000000019ce8       0xc0 _build/bsp.o
 .text.leds_timer_handler
                0x0000000000019da8      0x2e8 _build/bsp.o
 .text.button_timer_handler
                0x000000000001a090       0x34 _build/bsp.o
 .text.bsp_button_is_pressed
                0x000000000001a0c4       0x2c _build/bsp.o
                0x000000000001a0c4                bsp_button_is_pressed
 .text.bsp_indication_set
                0x000000000001a0f0      0x368 _build/bsp.o
                0x000000000001a0f0                bsp_indication_set
 .text.bsp_init
                0x000000000001a458       0xd4 _build/bsp.o
                0x000000000001a458                bsp_init
 .text.bsp_event_to_button_action_assign
                0x000000000001a52c       0x54 _build/bsp.o
                0x000000000001a52c                bsp_event_to_button_action_assign
 .text.bsp_wakeup_buttons_set
                0x000000000001a580       0x54 _build/bsp.o
                0x000000000001a580                bsp_wakeup_buttons_set
 .text.bsp_btn_ble_sleep_mode_prepare
                0x000000000001a5d4       0x18 _build/bsp_btn_ble.o
                0x000000000001a5d4                bsp_btn_ble_sleep_mode_prepare
 .text.bsp_btn_ble_on_ble_evt
                0x000000000001a5ec       0xbc _build/bsp_btn_ble.o
                0x000000000001a5ec                bsp_btn_ble_on_ble_evt
 .text.bsp_btn_ble_init
                0x000000000001a6a8       0x98 _build/bsp_btn_ble.o
                0x000000000001a6a8                bsp_btn_ble_init
 .text.sd_ble_gap_disconnect
                0x000000000001a740        0x4 _build/main.o
 .text.sd_ble_gap_ppcp_set
                0x000000000001a744        0x4 _build/main.o
 .text.sd_ble_gap_device_name_set
                0x000000000001a748        0x4 _build/main.o
 .text.sd_ble_gap_sec_params_reply
                0x000000000001a74c        0x4 _build/main.o
 .text.sd_ble_gatts_sys_attr_set
                0x000000000001a750        0x4 _build/main.o
 .text.sd_ble_enable
                0x000000000001a754        0x4 _build/main.o
 .text.sd_power_system_off
                0x000000000001a758        0x4 _build/main.o
 .text.sd_app_evt_wait
                0x000000000001a75c        0x4 _build/main.o
 .text.conn_params_error_handler
                0x000000000001a760        0xc _build/main.o
 .text.nus_data_handler
                0x000000000001a76c       0xc4 _build/main.o
 .text.on_conn_params_evt
                0x000000000001a830       0x28 _build/main.o
 .text.ble_evt_dispatch
                0x000000000001a858       0xa4 _build/main.o
 .text.bsp_event_handler
                0x000000000001a8fc       0x68 _build/main.o
                0x000000000001a8fc                bsp_event_handler
 .text.uart_event_handle
                0x000000000001a964       0x70 _build/main.o
                0x000000000001a964                uart_event_handle
 .text.on_adv_evt
                0x000000000001a9d4       0x54 _build/main.o
 .text.assert_nrf_callback
                0x000000000001aa28       0x14 _build/main.o
                0x000000000001aa28                assert_nrf_callback
 .text.startup.main
                0x000000000001aa3c      0x328 _build/main.o
                0x000000000001aa3c                main
 .text.sd_ble_gap_adv_data_set
                0x000000000001ad64        0x4 _build/ble_advdata.o
 .text.sd_ble_gap_appearance_get
                0x000000000001ad68        0x4 _build/ble_advdata.o
 .text.sd_ble_gap_device_name_get
                0x000000000001ad6c        0x4 _build/ble_advdata.o
 .text.sd_ble_uuid_encode
                0x000000000001ad70        0x4 _build/ble_advdata.o
 .text.uuid_list_sized_encode.isra.0
                0x000000000001ad74       0xec _build/ble_advdata.o
 .text.adv_data_encode
                0x000000000001ae60      0x360 _build/ble_advdata.o
 .text.ble_advdata_set
                0x000000000001b1c0       0x5c _build/ble_advdata.o
                0x000000000001b1c0                ble_advdata_set
 .text.sd_ble_gap_adv_start
                0x000000000001b21c        0x4 _build/ble_advertising.o
 .text.sd_ble_gap_adv_stop
                0x000000000001b220        0x4 _build/ble_advertising.o
 .text.ble_advertising_start.part.0
                0x000000000001b224      0x224 _build/ble_advertising.o
 .text.ble_advertising_init
                0x000000000001b448      0x174 _build/ble_advertising.o
                0x000000000001b448                ble_advertising_init
 .text.ble_advertising_start
                0x000000000001b5bc       0x3c _build/ble_advertising.o
                0x000000000001b5bc                ble_advertising_start
 .text.ble_advertising_on_ble_evt
                0x000000000001b5f8      0x140 _build/ble_advertising.o
                0x000000000001b5f8                ble_advertising_on_ble_evt
 .text.ble_advertising_restart_without_whitelist
                0x000000000001b738       0x78 _build/ble_advertising.o
                0x000000000001b738                ble_advertising_restart_without_whitelist
 .text.sd_ble_gap_conn_param_update
                0x000000000001b7b0        0x4 _build/ble_conn_params.o
 .text.sd_ble_gap_disconnect
                0x000000000001b7b4        0x4 _build/ble_conn_params.o
 .text.sd_ble_gap_ppcp_set
                0x000000000001b7b8        0x4 _build/ble_conn_params.o
 .text.sd_ble_gap_ppcp_get
                0x000000000001b7bc        0x4 _build/ble_conn_params.o
 .text.update_timeout_handler
                0x000000000001b7c0       0x78 _build/ble_conn_params.o
 .text.conn_params_negotiation
                0x000000000001b838       0x8c _build/ble_conn_params.o
 .text.ble_conn_params_init
                0x000000000001b8c4       0x78 _build/ble_conn_params.o
                0x000000000001b8c4                ble_conn_params_init
 .text.ble_conn_params_on_ble_evt
                0x000000000001b93c       0xb0 _build/ble_conn_params.o
                0x000000000001b93c                ble_conn_params_on_ble_evt
 .text.sd_ble_gatts_service_add
                0x000000000001b9ec        0x4 _build/ble_nus.o
 .text.sd_ble_gatts_characteristic_add
                0x000000000001b9f0        0x4 _build/ble_nus.o
 .text.sd_ble_gatts_hvx
                0x000000000001b9f4        0x4 _build/ble_nus.o
 .text.sd_ble_uuid_vs_add
                0x000000000001b9f8        0x4 _build/ble_nus.o
 .text.ble_nus_on_ble_evt
                0x000000000001b9fc       0x68 _build/ble_nus.o
                0x000000000001b9fc                ble_nus_on_ble_evt
 .text.ble_nus_init
                0x000000000001ba64      0x190 _build/ble_nus.o
                0x000000000001ba64                ble_nus_init
 .text.ble_nus_string_send
                0x000000000001bbf4       0x5c _build/ble_nus.o
                0x000000000001bbf4                ble_nus_string_send
 .text.SystemInit
                0x000000000001bc50       0x90 _build/system_nrf51.o
                0x000000000001bc50                SystemInit
 .text.sd_nvic_EnableIRQ
                0x000000000001bce0        0x4 _build/softdevice_handler.o
 .text.sd_evt_get
                0x000000000001bce4        0x4 _build/softdevice_handler.o
 .text.sd_softdevice_enable
                0x000000000001bce8        0x4 _build/softdevice_handler.o
 .text.sd_ble_evt_get
                0x000000000001bcec        0x4 _build/softdevice_handler.o
 .text.softdevice_assertion_handler
                0x000000000001bcf0        0xc _build/softdevice_handler.o
                0x000000000001bcf0                softdevice_assertion_handler
 .text.intern_softdevice_events_execute.part.0
                0x000000000001bcfc      0x108 _build/softdevice_handler.o
 .text.softdevice_handler_init
                0x000000000001be04       0x48 _build/softdevice_handler.o
                0x000000000001be04                softdevice_handler_init
 .text.softdevice_ble_evt_handler_set
                0x000000000001be4c       0x14 _build/softdevice_handler.o
                0x000000000001be4c                softdevice_ble_evt_handler_set
 .text.SWI2_IRQHandler
                0x000000000001be60       0x34 _build/softdevice_handler.o
                0x000000000001be60                SWI2_IRQHandler
 .text.rx_done  0x000000000001be94      0x11c _build/nrf_drv_twi.o
 .text.on_error
                0x000000000001bfb0       0x58 _build/nrf_drv_twi.o
 .text.ack_error
                0x000000000001c008       0x18 _build/nrf_drv_twi.o
 .text.rx_prepare
                0x000000000001c020       0xf0 _build/nrf_drv_twi.o
 .text.tx_prepare
                0x000000000001c110      0x10c _build/nrf_drv_twi.o
 .text.rx_address_req
                0x000000000001c21c      0x14c _build/nrf_drv_twi.o
 .text.address_req
                0x000000000001c368      0x164 _build/nrf_drv_twi.o
 .text.tx_done  0x000000000001c4cc      0x128 _build/nrf_drv_twi.o
 .text.SPI1_TWI1_IRQHandler
                0x000000000001c5f4      0x108 _build/nrf_drv_twi.o
                0x000000000001c5f4                SPI1_TWI1_IRQHandler
 .text.TIMER0_IRQHandler
                0x000000000001c6fc       0x5c _build/nrf_drv_timer.o
                0x000000000001c6fc                TIMER0_IRQHandler
 .text.TIMER1_IRQHandler
                0x000000000001c758       0x5c _build/nrf_drv_timer.o
                0x000000000001c758                TIMER1_IRQHandler
 .text.TIMER2_IRQHandler
                0x000000000001c7b4       0x5c _build/nrf_drv_timer.o
                0x000000000001c7b4                TIMER2_IRQHandler
 .text          0x000000000001c810       0x54 _build/gcc_startup_nrf51.o
                0x000000000001c810                Reset_Handler
                0x000000000001c858                NMI_Handler
                0x000000000001c85a                HardFault_Handler
                0x000000000001c85c                SVC_Handler
                0x000000000001c85e                PendSV_Handler
                0x000000000001c860                SysTick_Handler
                0x000000000001c862                POWER_CLOCK_IRQHandler
                0x000000000001c862                RTC0_IRQHandler
                0x000000000001c862                LPCOMP_IRQHandler
                0x000000000001c862                SWI4_IRQHandler
                0x000000000001c862                TEMP_IRQHandler
                0x000000000001c862                QDEC_IRQHandler
                0x000000000001c862                SWI5_IRQHandler
                0x000000000001c862                RADIO_IRQHandler
                0x000000000001c862                ECB_IRQHandler
                0x000000000001c862                Default_Handler
                0x000000000001c862                ADC_IRQHandler
                0x000000000001c862                SWI3_IRQHandler
                0x000000000001c862                CCM_AAR_IRQHandler
                0x000000000001c862                WDT_IRQHandler
                0x000000000001c862                SPI0_TWI0_IRQHandler
                0x000000000001c862                RNG_IRQHandler
                0x000000000001c862                SWI1_IRQHandler
 .text          0x000000000001c864      0x114 c:/st/stm32cubeide_1.7.0/stm32cubeide/plugins/com.st.stm32cube.ide.mcu.externaltools.gnu-tools-for-stm32.9-2020-q2-update.win32_2.0.0.202105311346/tools/bin/../lib/gcc/arm-none-eabi/9.3.1/thumb/v6-m/nofp\libgcc.a(_udivsi3.o)
                0x000000000001c864                __aeabi_uidiv
                0x000000000001c864                __udivsi3
                0x000000000001c970                __aeabi_uidivmod
 .text          0x000000000001c978        0x4 c:/st/stm32cubeide_1.7.0/stm32cubeide/plugins/com.st.stm32cube.ide.mcu.externaltools.gnu-tools-for-stm32.9-2020-q2-update.win32_2.0.0.202105311346/tools/bin/../lib/gcc/arm-none-eabi/9.3.1/thumb/v6-m/nofp\libgcc.a(_dvmd_tls.o)
                0x000000000001c978                __aeabi_idiv0
                0x000000000001c978                __aeabi_ldiv0
 .text.memcpy   0x000000000001c97c       0x12 c:/st/stm32cubeide_1.7.0/stm32cubeide/plugins/com.st.stm32cube.ide.mcu.externaltools.gnu-tools-for-stm32.9-2020-q2-update.win32_2.0.0.202105311346/tools/bin/../lib/gcc/arm-none-eabi/9.3.1/../../../../arm-none-eabi/lib/thumb/v6-m/nofp\libc_nano.a(lib_a-memcpy-stub.o)
                0x000000000001c97c                memcpy
 *fill*         0x000000000001c98e        0x2 
 .text.printf   0x000000000001c990       0x34 c:/st/stm32cubeide_1.7.0/stm32cubeide/plugins/com.st.stm32cube.ide.mcu.externaltools.gnu-tools-for-stm32.9-2020-q2-update.win32_2.0.0.202105311346/tools/bin/../lib/gcc/arm-none-eabi/9.3.1/../../../../arm-none-eabi/lib/thumb/v6-m/nofp\libc_nano.a(lib_a-printf.o)
                0x000000000001c990                iprintf
                0x000000000001c990                printf
 .text          0x000000000001c9c4        0xe c:/st/stm32cubeide_1.7.0/stm32cubeide/plugins/com.st.stm32cube.ide.mcu.externaltools.gnu-tools-for-stm32.9-2020-q2-update.win32_2.0.0.202105311346/tools/bin/../lib/gcc/arm-none-eabi/9.3.1/../../../../arm-none-eabi/lib/thumb/v6-m/nofp\libc_nano.a(lib_a-strlen.o)
                0x000000000001c9c4                strlen
 *fill*         0x000000000001c9d2        0x2 
 .text.std      0x000000000001c9d4       0x48 c:/st/stm32cubeide_1.7.0/stm32cubeide/plugins/com.st.stm32cube.ide.mcu.externaltools.gnu-tools-for-stm32.9-2020-q2-update.win32_2.0.0.202105311346/tools/bin/../lib/gcc/arm-none-eabi/9.3.1/../../../../arm-none-eabi/lib/thumb/v6-m/nofp\libc_nano.a(lib_a-findfp.o)
 .text._cleanup_r
                0x000000000001ca1c       0x10 c:/st/stm32cubeide_1.7.0/stm32cubeide/plugins/com.st.stm32cube.ide.mcu.externaltools.gnu-tools-for-stm32.9-2020-q2-update.win32_2.0.0.202105311346/tools/bin/../lib/gcc/arm-none-eabi/9.3.1/../../../../arm-none-eabi/lib/thumb/v6-m/nofp\libc_nano.a(lib_a-findfp.o)
                0x000000000001ca1c                _cleanup_r
 .text.__sfmoreglue
                0x000000000001ca2c       0x2c c:/st/stm32cubeide_1.7.0/stm32cubeide/plugins/com.st.stm32cube.ide.mcu.externaltools.gnu-tools-for-stm32.9-2020-q2-update.win32_2.0.0.202105311346/tools/bin/../lib/gcc/arm-none-eabi/9.3.1/../../../../arm-none-eabi/lib/thumb/v6-m/nofp\libc_nano.a(lib_a-findfp.o)
                0x000000000001ca2c                __sfmoreglue
 .text.__sfp_lock_acquire
                0x000000000001ca58       0x10 c:/st/stm32cubeide_1.7.0/stm32cubeide/plugins/com.st.stm32cube.ide.mcu.externaltools.gnu-tools-for-stm32.9-2020-q2-update.win32_2.0.0.202105311346/tools/bin/../lib/gcc/arm-none-eabi/9.3.1/../../../../arm-none-eabi/lib/thumb/v6-m/nofp\libc_nano.a(lib_a-findfp.o)
                0x000000000001ca58                __sfp_lock_acquire
 .text.__sfp_lock_release
                0x000000000001ca68       0x10 c:/st/stm32cubeide_1.7.0/stm32cubeide/plugins/com.st.stm32cube.ide.mcu.externaltools.gnu-tools-for-stm32.9-2020-q2-update.win32_2.0.0.202105311346/tools/bin/../lib/gcc/arm-none-eabi/9.3.1/../../../../arm-none-eabi/lib/thumb/v6-m/nofp\libc_nano.a(lib_a-findfp.o)
                0x000000000001ca68                __sfp_lock_release
 .text.__sinit_lock_acquire
                0x000000000001ca78       0x10 c:/st/stm32cubeide_1.7.0/stm32cubeide/plugins/com.st.stm32cube.ide.mcu.externaltools.gnu-tools-for-stm32.9-2020-q2-update.win32_2.0.0.202105311346/tools/bin/../lib/gcc/arm-none-eabi/9.3.1/../../../../arm-none-eabi/lib/thumb/v6-m/nofp\libc_nano.a(lib_a-findfp.o)
                0x000000000001ca78                __sinit_lock_acquire
 .text.__sinit_lock_release
                0x000000000001ca88       0x10 c:/st/stm32cubeide_1.7.0/stm32cubeide/plugins/com.st.stm32cube.ide.mcu.externaltools.gnu-tools-for-stm32.9-2020-q2-update.win32_2.0.0.202105311346/tools/bin/../lib/gcc/arm-none-eabi/9.3.1/../../../../arm-none-eabi/lib/thumb/v6-m/nofp\libc_nano.a(lib_a-findfp.o)
                0x000000000001ca88                __sinit_lock_release
 .text.__sinit  0x000000000001ca98       0x70 c:/st/stm32cubeide_1.7.0/stm32cubeide/plugins/com.st.stm32cube.ide.mcu.externaltools.gnu-tools-for-stm32.9-2020-q2-update.win32_2.0.0.202105311346/tools/bin/../lib/gcc/arm-none-eabi/9.3.1/../../../../arm-none-eabi/lib/thumb/v6-m/nofp\libc_nano.a(lib_a-findfp.o)
                0x000000000001ca98                __sinit
 .text.__sfp    0x000000000001cb08       0x90 c:/st/stm32cubeide_1.7.0/stm32cubeide/plugins/com.st.stm32cube.ide.mcu.externaltools.gnu-tools-for-stm32.9-2020-q2-update.win32_2.0.0.202105311346/tools/bin/../lib/gcc/arm-none-eabi/9.3.1/../../../../arm-none-eabi/lib/thumb/v6-m/nofp\libc_nano.a(lib_a-findfp.o)
                0x000000000001cb08                __sfp
 .text._fwalk_reent
                0x000000000001cb98       0x40 c:/st/stm32cubeide_1.7.0/stm32cubeide/plugins/com.st.stm32cube.ide.mcu.externaltools.gnu-tools-for-stm32.9-2020-q2-update.win32_2.0.0.202105311346/tools/bin/../lib/gcc/arm-none-eabi/9.3.1/../../../../arm-none-eabi/lib/thumb/v6-m/nofp\libc_nano.a(lib_a-fwalk.o)
                0x000000000001cb98                _fwalk_reent
 .text.__retarget_lock_init_recursive
                0x000000000001cbd8        0x2 c:/st/stm32cubeide_1.7.0/stm32cubeide/plugins/com.st.stm32cube.ide.mcu.externaltools.gnu-tools-for-stm32.9-2020-q2-update.win32_2.0.0.202105311346/tools/bin/../lib/gcc/arm-none-eabi/9.3.1/../../../../arm-none-eabi/lib/thumb/v6-m/nofp\libc_nano.a(lib_a-lock.o)
                0x000000000001cbd8                __retarget_lock_init_recursive
 .text.__retarget_lock_acquire_recursive
                0x000000000001cbda        0x2 c:/st/stm32cubeide_1.7.0/stm32cubeide/plugins/com.st.stm32cube.ide.mcu.externaltools.gnu-tools-for-stm32.9-2020-q2-update.win32_2.0.0.202105311346/tools/bin/../lib/gcc/arm-none-eabi/9.3.1/../../../../arm-none-eabi/lib/thumb/v6-m/nofp\libc_nano.a(lib_a-lock.o)
                0x000000000001cbda                __retarget_lock_acquire_recursive
 .text.__retarget_lock_release_recursive
                0x000000000001cbdc        0x2 c:/st/stm32cubeide_1.7.0/stm32cubeide/plugins/com.st.stm32cube.ide.mcu.externaltools.gnu-tools-for-stm32.9-2020-q2-update.win32_2.0.0.202105311346/tools/bin/../lib/gcc/arm-none-eabi/9.3.1/../../../../arm-none-eabi/lib/thumb/v6-m/nofp\libc_nano.a(lib_a-lock.o)
                0x000000000001cbdc                __retarget_lock_release_recursive
 *fill*         0x000000000001cbde        0x2 
 .text._malloc_r
                0x000000000001cbe0       0xbc c:/st/stm32cubeide_1.7.0/stm32cubeide/plugins/com.st.stm32cube.ide.mcu.externaltools.gnu-tools-for-stm32.9-2020-q2-update.win32_2.0.0.202105311346/tools/bin/../lib/gcc/arm-none-eabi/9.3.1/../../../../arm-none-eabi/lib/thumb/v6-m/nofp\libc_nano.a(lib_a-nano-mallocr.o)
                0x000000000001cbe0                _malloc_r
 .text.__sfputc_r
                0x000000000001cc9c       0x2a c:/st/stm32cubeide_1.7.0/stm32cubeide/plugins/com.st.stm32cube.ide.mcu.externaltools.gnu-tools-for-stm32.9-2020-q2-update.win32_2.0.0.202105311346/tools/bin/../lib/gcc/arm-none-eabi/9.3.1/../../../../arm-none-eabi/lib/thumb/v6-m/nofp\libc_nano.a(lib_a-nano-vfprintf.o)
 .text.__sfputs_r
                0x000000000001ccc6       0x24 c:/st/stm32cubeide_1.7.0/stm32cubeide/plugins/com.st.stm32cube.ide.mcu.externaltools.gnu-tools-for-stm32.9-2020-q2-update.win32_2.0.0.202105311346/tools/bin/../lib/gcc/arm-none-eabi/9.3.1/../../../../arm-none-eabi/lib/thumb/v6-m/nofp\libc_nano.a(lib_a-nano-vfprintf.o)
                0x000000000001ccc6                __sfputs_r
 *fill*         0x000000000001ccea        0x2 
 .text._vfprintf_r
                0x000000000001ccec      0x274 c:/st/stm32cubeide_1.7.0/stm32cubeide/plugins/com.st.stm32cube.ide.mcu.externaltools.gnu-tools-for-stm32.9-2020-q2-update.win32_2.0.0.202105311346/tools/bin/../lib/gcc/arm-none-eabi/9.3.1/../../../../arm-none-eabi/lib/thumb/v6-m/nofp\libc_nano.a(lib_a-nano-vfprintf.o)
                0x000000000001ccec                _vfprintf_r
                0x000000000001ccec                _vfiprintf_r
 .text._printf_common
                0x000000000001cf60       0xde c:/st/stm32cubeide_1.7.0/stm32cubeide/plugins/com.st.stm32cube.ide.mcu.externaltools.gnu-tools-for-stm32.9-2020-q2-update.win32_2.0.0.202105311346/tools/bin/../lib/gcc/arm-none-eabi/9.3.1/../../../../arm-none-eabi/lib/thumb/v6-m/nofp\libc_nano.a(lib_a-nano-vfprintf_i.o)
                0x000000000001cf60                _printf_common
 *fill*         0x000000000001d03e        0x2 
 .text._printf_i
                0x000000000001d040      0x224 c:/st/stm32cubeide_1.7.0/stm32cubeide/plugins/com.st.stm32cube.ide.mcu.externaltools.gnu-tools-for-stm32.9-2020-q2-update.win32_2.0.0.202105311346/tools/bin/../lib/gcc/arm-none-eabi/9.3.1/../../../../arm-none-eabi/lib/thumb/v6-m/nofp\libc_nano.a(lib_a-nano-vfprintf_i.o)
                0x000000000001d040                _printf_i
 .text._sbrk_r  0x000000000001d264       0x24 c:/st/stm32cubeide_1.7.0/stm32cubeide/plugins/com.st.stm32cube.ide.mcu.externaltools.gnu-tools-for-stm32.9-2020-q2-update.win32_2.0.0.202105311346/tools/bin/../lib/gcc/arm-none-eabi/9.3.1/../../../../arm-none-eabi/lib/thumb/v6-m/nofp\libc_nano.a(lib_a-sbrkr.o)
                0x000000000001d264                _sbrk_r
 .text.__sread  0x000000000001d288       0x28 c:/st/stm32cubeide_1.7.0/stm32cubeide/plugins/com.st.stm32cube.ide.mcu.externaltools.gnu-tools-for-stm32.9-2020-q2-update.win32_2.0.0.202105311346/tools/bin/../lib/gcc/arm-none-eabi/9.3.1/../../../../arm-none-eabi/lib/thumb/v6-m/nofp\libc_nano.a(lib_a-stdio.o)
                0x000000000001d288                __sread
 .text.__swrite
                0x000000000001d2b0       0x38 c:/st/stm32cubeide_1.7.0/stm32cubeide/plugins/com.st.stm32cube.ide.mcu.externaltools.gnu-tools-for-stm32.9-2020-q2-update.win32_2.0.0.202105311346/tools/bin/../lib/gcc/arm-none-eabi/9.3.1/../../../../arm-none-eabi/lib/thumb/v6-m/nofp\libc_nano.a(lib_a-stdio.o)
                0x000000000001d2b0                __swrite
 .text.__sseek  0x000000000001d2e8       0x2c c:/st/stm32cubeide_1.7.0/stm32cubeide/plugins/com.st.stm32cube.ide.mcu.externaltools.gnu-tools-for-stm32.9-2020-q2-update.win32_2.0.0.202105311346/tools/bin/../lib/gcc/arm-none-eabi/9.3.1/../../../../arm-none-eabi/lib/thumb/v6-m/nofp\libc_nano.a(lib_a-stdio.o)
                0x000000000001d2e8                __sseek
 .text.__sclose
                0x000000000001d314        0xc c:/st/stm32cubeide_1.7.0/stm32cubeide/plugins/com.st.stm32cube.ide.mcu.externaltools.gnu-tools-for-stm32.9-2020-q2-update.win32_2.0.0.202105311346/tools/bin/../lib/gcc/arm-none-eabi/9.3.1/../../../../arm-none-eabi/lib/thumb/v6-m/nofp\libc_nano.a(lib_a-stdio.o)
                0x000000000001d314                __sclose
 .text.__swbuf_r
                0x000000000001d320       0xac c:/st/stm32cubeide_1.7.0/stm32cubeide/plugins/com.st.stm32cube.ide.mcu.externaltools.gnu-tools-for-stm32.9-2020-q2-update.win32_2.0.0.202105311346/tools/bin/../lib/gcc/arm-none-eabi/9.3.1/../../../../arm-none-eabi/lib/thumb/v6-m/nofp\libc_nano.a(lib_a-wbuf.o)
                0x000000000001d320                __swbuf_r
 .text._write_r
                0x000000000001d3cc       0x28 c:/st/stm32cubeide_1.7.0/stm32cubeide/plugins/com.st.stm32cube.ide.mcu.externaltools.gnu-tools-for-stm32.9-2020-q2-update.win32_2.0.0.202105311346/tools/bin/../lib/gcc/arm-none-eabi/9.3.1/../../../../arm-none-eabi/lib/thumb/v6-m/nofp\libc_nano.a(lib_a-writer.o)
                0x000000000001d3cc                _write_r
 .text.__swsetup_r
                0x000000000001d3f4       0xf0 c:/st/stm32cubeide_1.7.0/stm32cubeide/plugins/com.st.stm32cube.ide.mcu.externaltools.gnu-tools-for-stm32.9-2020-q2-update.win32_2.0.0.202105311346/tools/bin/../lib/gcc/arm-none-eabi/9.3.1/../../../../arm-none-eabi/lib/thumb/v6-m/nofp\libc_nano.a(lib_a-wsetup.o)
                0x000000000001d3f4                __swsetup_r
 .text._close_r
                0x000000000001d4e4       0x24 c:/st/stm32cubeide_1.7.0/stm32cubeide/plugins/com.st.stm32cube.ide.mcu.externaltools.gnu-tools-for-stm32.9-2020-q2-update.win32_2.0.0.202105311346/tools/bin/../lib/gcc/arm-none-eabi/9.3.1/../../../../arm-none-eabi/lib/thumb/v6-m/nofp\libc_nano.a(lib_a-closer.o)
                0x000000000001d4e4                _close_r
 .text.__sflush_r
                0x000000000001d508      0x118 c:/st/stm32cubeide_1.7.0/stm32cubeide/plugins/com.st.stm32cube.ide.mcu.externaltools.gnu-tools-for-stm32.9-2020-q2-update.win32_2.0.0.202105311346/tools/bin/../lib/gcc/arm-none-eabi/9.3.1/../../../../arm-none-eabi/lib/thumb/v6-m/nofp\libc_nano.a(lib_a-fflush.o)
                0x000000000001d508                __sflush_r
 .text._fflush_r
                0x000000000001d620       0x80 c:/st/stm32cubeide_1.7.0/stm32cubeide/plugins/com.st.stm32cube.ide.mcu.externaltools.gnu-tools-for-stm32.9-2020-q2-update.win32_2.0.0.202105311346/tools/bin/../lib/gcc/arm-none-eabi/9.3.1/../../../../arm-none-eabi/lib/thumb/v6-m/nofp\libc_nano.a(lib_a-fflush.o)
                0x000000000001d620                _fflush_r
 .text._lseek_r
                0x000000000001d6a0       0x28 c:/st/stm32cubeide_1.7.0/stm32cubeide/plugins/com.st.stm32cube.ide.mcu.externaltools.gnu-tools-for-stm32.9-2020-q2-update.win32_2.0.0.202105311346/tools/bin/../lib/gcc/arm-none-eabi/9.3.1/../../../../arm-none-eabi/lib/thumb/v6-m/nofp\libc_nano.a(lib_a-lseekr.o)
                0x000000000001d6a0                _lseek_r
 .text.__swhatbuf_r
                0x000000000001d6c8       0x50 c:/st/stm32cubeide_1.7.0/stm32cubeide/plugins/com.st.stm32cube.ide.mcu.externaltools.gnu-tools-for-stm32.9-2020-q2-update.win32_2.0.0.202105311346/tools/bin/../lib/gcc/arm-none-eabi/9.3.1/../../../../arm-none-eabi/lib/thumb/v6-m/nofp\libc_nano.a(lib_a-makebuf.o)
                0x000000000001d6c8                __swhatbuf_r
 .text.__smakebuf_r
                0x000000000001d718       0x88 c:/st/stm32cubeide_1.7.0/stm32cubeide/plugins/com.st.stm32cube.ide.mcu.externaltools.gnu-tools-for-stm32.9-2020-q2-update.win32_2.0.0.202105311346/tools/bin/../lib/gcc/arm-none-eabi/9.3.1/../../../../arm-none-eabi/lib/thumb/v6-m/nofp\libc_nano.a(lib_a-makebuf.o)
                0x000000000001d718                __smakebuf_r
 .text.memchr   0x000000000001d7a0       0x16 c:/st/stm32cubeide_1.7.0/stm32cubeide/plugins/com.st.stm32cube.ide.mcu.externaltools.gnu-tools-for-stm32.9-2020-q2-update.win32_2.0.0.202105311346/tools/bin/../lib/gcc/arm-none-eabi/9.3.1/../../../../arm-none-eabi/lib/thumb/v6-m/nofp\libc_nano.a(lib_a-memchr-stub.o)
                0x000000000001d7a0                memchr
 *fill*         0x000000000001d7b6        0x2 
 .text.__malloc_lock
                0x000000000001d7b8       0x10 c:/st/stm32cubeide_1.7.0/stm32cubeide/plugins/com.st.stm32cube.ide.mcu.externaltools.gnu-tools-for-stm32.9-2020-q2-update.win32_2.0.0.202105311346/tools/bin/../lib/gcc/arm-none-eabi/9.3.1/../../../../arm-none-eabi/lib/thumb/v6-m/nofp\libc_nano.a(lib_a-mlock.o)
                0x000000000001d7b8                __malloc_lock
 .text.__malloc_unlock
                0x000000000001d7c8       0x10 c:/st/stm32cubeide_1.7.0/stm32cubeide/plugins/com.st.stm32cube.ide.mcu.externaltools.gnu-tools-for-stm32.9-2020-q2-update.win32_2.0.0.202105311346/tools/bin/../lib/gcc/arm-none-eabi/9.3.1/../../../../arm-none-eabi/lib/thumb/v6-m/nofp\libc_nano.a(lib_a-mlock.o)
                0x000000000001d7c8                __malloc_unlock
 .text._free_r  0x000000000001d7d8       0x94 c:/st/stm32cubeide_1.7.0/stm32cubeide/plugins/com.st.stm32cube.ide.mcu.externaltools.gnu-tools-for-stm32.9-2020-q2-update.win32_2.0.0.202105311346/tools/bin/../lib/gcc/arm-none-eabi/9.3.1/../../../../arm-none-eabi/lib/thumb/v6-m/nofp\libc_nano.a(lib_a-nano-freer.o)
                0x000000000001d7d8                _free_r
 .text._read_r  0x000000000001d86c       0x28 c:/st/stm32cubeide_1.7.0/stm32cubeide/plugins/com.st.stm32cube.ide.mcu.externaltools.gnu-tools-for-stm32.9-2020-q2-update.win32_2.0.0.202105311346/tools/bin/../lib/gcc/arm-none-eabi/9.3.1/../../../../arm-none-eabi/lib/thumb/v6-m/nofp\libc_nano.a(lib_a-readr.o)
                0x000000000001d86c                _read_r
 .text._fstat_r
                0x000000000001d894       0x24 c:/st/stm32cubeide_1.7.0/stm32cubeide/plugins/com.st.stm32cube.ide.mcu.externaltools.gnu-tools-for-stm32.9-2020-q2-update.win32_2.0.0.202105311346/tools/bin/../lib/gcc/arm-none-eabi/9.3.1/../../../../arm-none-eabi/lib/thumb/v6-m/nofp\libc_nano.a(lib_a-fstatr.o)
                0x000000000001d894                _fstat_r
 .text._isatty_r
                0x000000000001d8b8       0x24 c:/st/stm32cubeide_1.7.0/stm32cubeide/plugins/com.st.stm32cube.ide.mcu.externaltools.gnu-tools-for-stm32.9-2020-q2-update.win32_2.0.0.202105311346/tools/bin/../lib/gcc/arm-none-eabi/9.3.1/../../../../arm-none-eabi/lib/thumb/v6-m/nofp\libc_nano.a(lib_a-isattyr.o)
                0x000000000001d8b8                _isatty_r
 .text          0x000000000001d8dc       0x14 c:/st/stm32cubeide_1.7.0/stm32cubeide/plugins/com.st.stm32cube.ide.mcu.externaltools.gnu-tools-for-stm32.9-2020-q2-update.win32_2.0.0.202105311346/tools/bin/../lib/gcc/arm-none-eabi/9.3.1/thumb/v6-m/nofp\libgcc.a(_thumb1_case_shi.o)
                0x000000000001d8dc                __gnu_thumb1_case_shi
 .text._close   0x000000000001d8f0       0x10 c:/st/stm32cubeide_1.7.0/stm32cubeide/plugins/com.st.stm32cube.ide.mcu.externaltools.gnu-tools-for-stm32.9-2020-q2-update.win32_2.0.0.202105311346/tools/bin/../lib/gcc/arm-none-eabi/9.3.1/../../../../arm-none-eabi/lib/thumb/v6-m/nofp\libnosys.a(close.o)
                0x000000000001d8f0                _close
 .text._fstat   0x000000000001d900       0x10 c:/st/stm32cubeide_1.7.0/stm32cubeide/plugins/com.st.stm32cube.ide.mcu.externaltools.gnu-tools-for-stm32.9-2020-q2-update.win32_2.0.0.202105311346/tools/bin/../lib/gcc/arm-none-eabi/9.3.1/../../../../arm-none-eabi/lib/thumb/v6-m/nofp\libnosys.a(fstat.o)
                0x000000000001d900                _fstat
 .text._isatty  0x000000000001d910       0x10 c:/st/stm32cubeide_1.7.0/stm32cubeide/plugins/com.st.stm32cube.ide.mcu.externaltools.gnu-tools-for-stm32.9-2020-q2-update.win32_2.0.0.202105311346/tools/bin/../lib/gcc/arm-none-eabi/9.3.1/../../../../arm-none-eabi/lib/thumb/v6-m/nofp\libnosys.a(isatty.o)
                0x000000000001d910                _isatty
 .text._lseek   0x000000000001d920       0x10 c:/st/stm32cubeide_1.7.0/stm32cubeide/plugins/com.st.stm32cube.ide.mcu.externaltools.gnu-tools-for-stm32.9-2020-q2-update.win32_2.0.0.202105311346/tools/bin/../lib/gcc/arm-none-eabi/9.3.1/../../../../arm-none-eabi/lib/thumb/v6-m/nofp\libnosys.a(lseek.o)
                0x000000000001d920                _lseek
 .text._sbrk    0x000000000001d930       0x20 c:/st/stm32cubeide_1.7.0/stm32cubeide/plugins/com.st.stm32cube.ide.mcu.externaltools.gnu-tools-for-stm32.9-2020-q2-update.win32_2.0.0.202105311346/tools/bin/../lib/gcc/arm-none-eabi/9.3.1/../../../../arm-none-eabi/lib/thumb/v6-m/nofp\libnosys.a(sbrk.o)
                0x000000000001d930                _sbrk
 *(.init)
 .init          0x000000000001d950        0x4 c:/st/stm32cubeide_1.7.0/stm32cubeide/plugins/com.st.stm32cube.ide.mcu.externaltools.gnu-tools-for-stm32.9-2020-q2-update.win32_2.0.0.202105311346/tools/bin/../lib/gcc/arm-none-eabi/9.3.1/thumb/v6-m/nofp/crti.o
                0x000000000001d950                _init
 .init          0x000000000001d954        0x8 c:/st/stm32cubeide_1.7.0/stm32cubeide/plugins/com.st.stm32cube.ide.mcu.externaltools.gnu-tools-for-stm32.9-2020-q2-update.win32_2.0.0.202105311346/tools/bin/../lib/gcc/arm-none-eabi/9.3.1/thumb/v6-m/nofp/crtn.o
 *(.fini)
 .fini          0x000000000001d95c        0x4 c:/st/stm32cubeide_1.7.0/stm32cubeide/plugins/com.st.stm32cube.ide.mcu.externaltools.gnu-tools-for-stm32.9-2020-q2-update.win32_2.0.0.202105311346/tools/bin/../lib/gcc/arm-none-eabi/9.3.1/thumb/v6-m/nofp/crti.o
                0x000000000001d95c                _fini
 .fini          0x000000000001d960        0x8 c:/st/stm32cubeide_1.7.0/stm32cubeide/plugins/com.st.stm32cube.ide.mcu.externaltools.gnu-tools-for-stm32.9-2020-q2-update.win32_2.0.0.202105311346/tools/bin/../lib/gcc/arm-none-eabi/9.3.1/thumb/v6-m/nofp/crtn.o
 *crtbegin.o(.ctors)
 *crtbegin?.o(.ctors)
 *(EXCLUDE_FILE(*crtend.o *crtend?.o) .ctors)
 *(SORT_BY_NAME(.ctors.*))
 *(.ctors)
 *crtbegin.o(.dtors)
 *crtbegin?.o(.dtors)
 *(EXCLUDE_FILE(*crtend.o *crtend?.o) .dtors)
 *(SORT_BY_NAME(.dtors.*))
 *(.dtors)
 *(.rodata*)
 .rodata._global_impure_ptr
                0x000000000001d968        0x4 c:/st/stm32cubeide_1.7.0/stm32cubeide/plugins/com.st.stm32cube.ide.mcu.externaltools.gnu-tools-for-stm32.9-2020-q2-update.win32_2.0.0.202105311346/tools/bin/../lib/gcc/arm-none-eabi/9.3.1/../../../../arm-none-eabi/lib/thumb/v6-m/nofp\libc_nano.a(lib_a-impure.o)
                0x000000000001d968                _global_impure_ptr
 .rodata.leds_timer_handler
                0x000000000001d96c       0x60 _build/bsp.o
 .rodata.bsp_indication_set
                0x000000000001d9cc       0x60 _build/bsp.o
 .rodata.app_buttons
                0x000000000001da2c       0x10 _build/bsp.o
 .rodata.m_buttons_list
                0x000000000001da3c        0x8 _build/bsp.o
 .rodata.main.str1.4
                0x000000000001da44       0x1e _build/main.o
 *fill*         0x000000000001da62        0x2 
 .rodata        0x000000000001da64        0xc _build/main.o
 .rodata        0x000000000001da70       0x10 _build/ble_nus.o
 .rodata.m_error
                0x000000000001da80       0x18 _build/nrf_drv_twi.o
 .rodata.m_idle
                0x000000000001da98       0x10 _build/nrf_drv_twi.o
 .rodata.m_rx_suspended
                0x000000000001daa8       0x20 _build/nrf_drv_twi.o
 .rodata.m_states_len
                0x000000000001dac8       0x14 _build/nrf_drv_twi.o
 .rodata.m_stopped
                0x000000000001dadc       0x18 _build/nrf_drv_twi.o
 .rodata.m_tx_suspended
                0x000000000001daf4       0x28 _build/nrf_drv_twi.o
 .rodata.mp_states
                0x000000000001db1c       0x14 _build/nrf_drv_twi.o
 .rodata.__sf_fake_stderr
                0x000000000001db30       0x20 c:/st/stm32cubeide_1.7.0/stm32cubeide/plugins/com.st.stm32cube.ide.mcu.externaltools.gnu-tools-for-stm32.9-2020-q2-update.win32_2.0.0.202105311346/tools/bin/../lib/gcc/arm-none-eabi/9.3.1/../../../../arm-none-eabi/lib/thumb/v6-m/nofp\libc_nano.a(lib_a-findfp.o)
                0x000000000001db30                __sf_fake_stderr
 .rodata.__sf_fake_stdin
                0x000000000001db50       0x20 c:/st/stm32cubeide_1.7.0/stm32cubeide/plugins/com.st.stm32cube.ide.mcu.externaltools.gnu-tools-for-stm32.9-2020-q2-update.win32_2.0.0.202105311346/tools/bin/../lib/gcc/arm-none-eabi/9.3.1/../../../../arm-none-eabi/lib/thumb/v6-m/nofp\libc_nano.a(lib_a-findfp.o)
                0x000000000001db50                __sf_fake_stdin
 .rodata.__sf_fake_stdout
                0x000000000001db70       0x20 c:/st/stm32cubeide_1.7.0/stm32cubeide/plugins/com.st.stm32cube.ide.mcu.externaltools.gnu-tools-for-stm32.9-2020-q2-update.win32_2.0.0.202105311346/tools/bin/../lib/gcc/arm-none-eabi/9.3.1/../../../../arm-none-eabi/lib/thumb/v6-m/nofp\libc_nano.a(lib_a-findfp.o)
                0x000000000001db70                __sf_fake_stdout
 .rodata._vfprintf_r.str1.1
                0x000000000001db90       0x11 c:/st/stm32cubeide_1.7.0/stm32cubeide/plugins/com.st.stm32cube.ide.mcu.externaltools.gnu-tools-for-stm32.9-2020-q2-update.win32_2.0.0.202105311346/tools/bin/../lib/gcc/arm-none-eabi/9.3.1/../../../../arm-none-eabi/lib/thumb/v6-m/nofp\libc_nano.a(lib_a-nano-vfprintf.o)
 .rodata._printf_i.str1.1
                0x000000000001dba1       0x22 c:/st/stm32cubeide_1.7.0/stm32cubeide/plugins/com.st.stm32cube.ide.mcu.externaltools.gnu-tools-for-stm32.9-2020-q2-update.win32_2.0.0.202105311346/tools/bin/../lib/gcc/arm-none-eabi/9.3.1/../../../../arm-none-eabi/lib/thumb/v6-m/nofp\libc_nano.a(lib_a-nano-vfprintf_i.o)
 *(.eh_frame*)
                0x000000000001dbc4                . = ALIGN (0x4)
 *fill*         0x000000000001dbc3        0x1 

.glue_7         0x000000000001dbc4        0x0
 .glue_7        0x000000000001dbc4        0x0 linker stubs

.glue_7t        0x000000000001dbc4        0x0
 .glue_7t       0x000000000001dbc4        0x0 linker stubs

.vfp11_veneer   0x000000000001dbc4        0x0
 .vfp11_veneer  0x000000000001dbc4        0x0 linker stubs

.v4_bx          0x000000000001dbc4        0x0
 .v4_bx         0x000000000001dbc4        0x0 linker stubs

.iplt           0x000000000001dbc4        0x0
 .iplt          0x000000000001dbc4        0x0 c:/st/stm32cubeide_1.7.0/stm32cubeide/plugins/com.st.stm32cube.ide.mcu.externaltools.gnu-tools-for-stm32.9-2020-q2-update.win32_2.0.0.202105311346/tools/bin/../lib/gcc/arm-none-eabi/9.3.1/../../../../arm-none-eabi/lib/thumb/v6-m/nofp/crt0.o

.ARM.extab      0x000000000001dbc4        0x0
 *(.ARM.extab* .gnu.linkonce.armextab.*)
                0x000000000001dbc4                . = ALIGN (0x4)
                0x000000000001dbc4                __exidx_start = .

.ARM.exidx      0x000000000001dbc4        0x8
 *(.ARM.exidx* .gnu.linkonce.armexidx.*)
 .ARM.exidx     0x000000000001dbc4        0x8 c:/st/stm32cubeide_1.7.0/stm32cubeide/plugins/com.st.stm32cube.ide.mcu.externaltools.gnu-tools-for-stm32.9-2020-q2-update.win32_2.0.0.202105311346/tools/bin/../lib/gcc/arm-none-eabi/9.3.1/../../../../arm-none-eabi/lib/thumb/v6-m/nofp/crt0.o
                                         0x10 (size before relaxing)
 .ARM.exidx     0x000000000001dbcc        0x0 _build/gcc_startup_nrf51.o
                                          0x8 (size before relaxing)
                0x000000000001dbcc                . = ALIGN (0x4)
                0x000000000001dbcc                __exidx_end = .
                0x000000000001dbcc                __etext = .

.rel.dyn        0x000000000001dbcc        0x0
 .rel.iplt      0x000000000001dbcc        0x0 c:/st/stm32cubeide_1.7.0/stm32cubeide/plugins/com.st.stm32cube.ide.mcu.externaltools.gnu-tools-for-stm32.9-2020-q2-update.win32_2.0.0.202105311346/tools/bin/../lib/gcc/arm-none-eabi/9.3.1/../../../../arm-none-eabi/lib/thumb/v6-m/nofp/crt0.o

.data           0x0000000020002000       0x7c load address 0x000000000001dbcc
                0x0000000020002000                __data_start__ = .
 *(vtable)
 *(.data*)
 .data._impure_ptr
                0x0000000020002000        0x4 c:/st/stm32cubeide_1.7.0/stm32cubeide/plugins/com.st.stm32cube.ide.mcu.externaltools.gnu-tools-for-stm32.9-2020-q2-update.win32_2.0.0.202105311346/tools/bin/../lib/gcc/arm-none-eabi/9.3.1/../../../../arm-none-eabi/lib/thumb/v6-m/nofp\libc_nano.a(lib_a-impure.o)
                0x0000000020002000                _impure_ptr
 .data.impure_data
                0x0000000020002004       0x60 c:/st/stm32cubeide_1.7.0/stm32cubeide/plugins/com.st.stm32cube.ide.mcu.externaltools.gnu-tools-for-stm32.9-2020-q2-update.win32_2.0.0.202105311346/tools/bin/../lib/gcc/arm-none-eabi/9.3.1/../../../../arm-none-eabi/lib/thumb/v6-m/nofp\libc_nano.a(lib_a-impure.o)
 .data.m_instance_counter
                0x0000000020002064        0x1 _build/app_uart_fifo.o
 *fill*         0x0000000020002065        0x3 
 .data.m_adv_uuids
                0x0000000020002068        0x4 _build/main.o
 .data.m_conn_handle
                0x000000002000206c        0x2 _build/main.o
 *fill*         0x000000002000206e        0x2 
 .data.tableau  0x0000000020002070        0x7 _build/main.o
 *fill*         0x0000000020002077        0x1 
 .data.current_slave_link_conn_handle.7302
                0x0000000020002078        0x2 _build/ble_advertising.o
                0x000000002000207c                . = ALIGN (0x4)
 *fill*         0x000000002000207a        0x2 
                0x000000002000207c                PROVIDE (__preinit_array_start = .)
 *(.preinit_array)
                0x000000002000207c                PROVIDE (__preinit_array_end = .)
                0x000000002000207c                . = ALIGN (0x4)
                0x000000002000207c                PROVIDE (__init_array_start = .)
 *(SORT_BY_NAME(.init_array.*))
 *(.init_array)
                0x000000002000207c                PROVIDE (__init_array_end = .)
                0x000000002000207c                . = ALIGN (0x4)
                [!provide]                        PROVIDE (__fini_array_start = .)
 *(SORT_BY_NAME(.fini_array.*))
 *(.fini_array)
                [!provide]                        PROVIDE (__fini_array_end = .)
 *(.jcr)
                0x000000002000207c                . = ALIGN (0x4)
                0x000000002000207c                __data_end__ = .

.igot.plt       0x000000002000207c        0x0 load address 0x000000000001dc48
 .igot.plt      0x000000002000207c        0x0 c:/st/stm32cubeide_1.7.0/stm32cubeide/plugins/com.st.stm32cube.ide.mcu.externaltools.gnu-tools-for-stm32.9-2020-q2-update.win32_2.0.0.202105311346/tools/bin/../lib/gcc/arm-none-eabi/9.3.1/../../../../arm-none-eabi/lib/thumb/v6-m/nofp/crt0.o

.bss            0x000000002000207c      0x88c load address 0x000000000001dc48
                0x000000002000207c                . = ALIGN (0x4)
                0x000000002000207c                __bss_start__ = .
 *(.bss*)
 .bss.m_button_count
                0x000000002000207c        0x1 _build/app_button.o
 *fill*         0x000000002000207d        0x3 
 .bss.m_detection_delay
                0x0000000020002080        0x4 _build/app_button.o
 .bss.m_detection_delay_timer_id
                0x0000000020002084        0x4 _build/app_button.o
 .bss.m_pin_state
                0x0000000020002088        0x4 _build/app_button.o
 .bss.m_pin_transition
                0x000000002000208c        0x4 _build/app_button.o
 .bss.mp_buttons
                0x0000000020002090        0x4 _build/app_button.o
 .bss.m_evt_schedule_func
                0x0000000020002094        0x4 _build/app_timer.o
 .bss.m_node_array_size
                0x0000000020002098        0x1 _build/app_timer.o
 .bss.m_rtc1_reset
                0x0000000020002099        0x1 _build/app_timer.o
 .bss.m_rtc1_running
                0x000000002000209a        0x1 _build/app_timer.o
 *fill*         0x000000002000209b        0x1 
 .bss.m_ticks_elapsed
                0x000000002000209c        0x8 _build/app_timer.o
 .bss.m_ticks_elapsed_q_read_ind
                0x00000000200020a4        0x1 _build/app_timer.o
 .bss.m_ticks_elapsed_q_write_ind
                0x00000000200020a5        0x1 _build/app_timer.o
 *fill*         0x00000000200020a6        0x2 
 .bss.m_ticks_latest
                0x00000000200020a8        0x4 _build/app_timer.o
 .bss.m_timer_id_head
                0x00000000200020ac        0x4 _build/app_timer.o
 .bss.m_user_array_size
                0x00000000200020b0        0x1 _build/app_timer.o
 *fill*         0x00000000200020b1        0x3 
 .bss.mp_nodes  0x00000000200020b4        0x4 _build/app_timer.o
 .bss.mp_users  0x00000000200020b8        0x4 _build/app_timer.o
 .bss.m_current_state
                0x00000000200020bc        0x1 _build/app_uart_fifo.o
 *fill*         0x00000000200020bd        0x3 
 .bss.m_event_handler
                0x00000000200020c0        0x4 _build/app_uart_fifo.o
 .bss.m_rx_fifo
                0x00000000200020c4       0x10 _build/app_uart_fifo.o
 .bss.m_tx_fifo
                0x00000000200020d4       0x10 _build/app_uart_fifo.o
 .bss.m_cb      0x00000000200020e4       0x54 _build/nrf_drv_gpiote.o
 .bss.m_cmd_queue
                0x0000000020002138       0xcc _build/pstorage.o
 .bss.m_module_initialized
                0x0000000020002204        0x1 _build/pstorage.o
 .bss.current_long_push_pin_no.6025
                0x0000000020002205        0x1 _build/bsp.o
 *fill*         0x0000000020002206        0x2 
 .bss.m_alert_timer_id
                0x0000000020002208        0x4 _build/bsp.o
 .bss.m_app_ticks_per_100ms
                0x000000002000220c        0x4 _build/bsp.o
 .bss.m_button_timer_id
                0x0000000020002210        0x4 _build/bsp.o
 .bss.m_events_list
                0x0000000020002214        0x6 _build/bsp.o
 *fill*         0x000000002000221a        0x2 
 .bss.m_indication_type
                0x000000002000221c        0x4 _build/bsp.o
 .bss.m_leds_timer_id
                0x0000000020002220        0x4 _build/bsp.o
 .bss.m_registered_callback
                0x0000000020002224        0x4 _build/bsp.o
 .bss.m_stable_state
                0x0000000020002228        0x1 _build/bsp.o
 *fill*         0x0000000020002229        0x3 
 .bss.release_event_at_push.6026
                0x000000002000222c        0x2 _build/bsp.o
 *fill*         0x000000002000222e        0x2 
 .bss.m_error_handler
                0x0000000020002230        0x4 _build/bsp_btn_ble.o
 .bss.m_num_connections
                0x0000000020002234        0x4 _build/bsp_btn_ble.o
 .bss.APP_TIMER_BUF.8319
                0x0000000020002238      0x290 _build/main.o
 .bss.BLE_EVT_BUFFER.8254
                0x00000000200024c8       0x48 _build/main.o
 .bss.data_array.8274
                0x0000000020002510       0x14 _build/main.o
 .bss.index.8275
                0x0000000020002524        0x1 _build/main.o
 *fill*         0x0000000020002525        0x3 
 .bss.m_nus     0x0000000020002528       0x1c _build/main.o
 .bss.rx_buf.8290
                0x0000000020002544      0x100 _build/main.o
 .bss.tx_buf.8291
                0x0000000020002644      0x100 _build/main.o
 .bss.m_adv_evt
                0x0000000020002744        0x1 _build/ble_advertising.o
 .bss.m_adv_mode_current
                0x0000000020002745        0x1 _build/ble_advertising.o
 *fill*         0x0000000020002746        0x2 
 .bss.m_adv_modes_config
                0x0000000020002748       0x20 _build/ble_advertising.o
 .bss.m_advdata
                0x0000000020002768       0x30 _build/ble_advertising.o
 .bss.m_advertising_start_pending
                0x0000000020002798        0x1 _build/ble_advertising.o
 .bss.m_direct_adv_cnt
                0x0000000020002799        0x1 _build/ble_advertising.o
 *fill*         0x000000002000279a        0x2 
 .bss.m_error_handler
                0x000000002000279c        0x4 _build/ble_advertising.o
 .bss.m_evt_handler
                0x00000000200027a0        0x4 _build/ble_advertising.o
 .bss.m_manuf_data_array
                0x00000000200027a4       0x1f _build/ble_advertising.o
 *fill*         0x00000000200027c3        0x1 
 .bss.m_manuf_specific_data
                0x00000000200027c4        0xc _build/ble_advertising.o
 .bss.m_peer_addr_reply_expected
                0x00000000200027d0        0x1 _build/ble_advertising.o
 *fill*         0x00000000200027d1        0x3 
 .bss.m_peer_address
                0x00000000200027d4        0x7 _build/ble_advertising.o
 *fill*         0x00000000200027db        0x1 
 .bss.m_service_data
                0x00000000200027dc        0xc _build/ble_advertising.o
 .bss.m_service_data_array
                0x00000000200027e8       0x1f _build/ble_advertising.o
 *fill*         0x0000000020002807        0x1 
 .bss.m_slave_conn_int
                0x0000000020002808        0x4 _build/ble_advertising.o
 .bss.m_tx_power_level
                0x000000002000280c        0x1 _build/ble_advertising.o
 *fill*         0x000000002000280d        0x3 
 .bss.m_whitelist
                0x0000000020002810       0x10 _build/ble_advertising.o
 .bss.m_whitelist_reply_expected
                0x0000000020002820        0x1 _build/ble_advertising.o
 .bss.m_whitelist_temporarily_disabled
                0x0000000020002821        0x1 _build/ble_advertising.o
 *fill*         0x0000000020002822        0x2 
 .bss.mp_whitelist_addr
                0x0000000020002824       0x20 _build/ble_advertising.o
 .bss.mp_whitelist_irk
                0x0000000020002844       0x20 _build/ble_advertising.o
 .bss.m_change_param
                0x0000000020002864        0x1 _build/ble_conn_params.o
 *fill*         0x0000000020002865        0x1 
 .bss.m_conn_handle
                0x0000000020002866        0x2 _build/ble_conn_params.o
 .bss.m_conn_params_config
                0x0000000020002868       0x1c _build/ble_conn_params.o
 .bss.m_conn_params_timer_id
                0x0000000020002884        0x4 _build/ble_conn_params.o
 .bss.m_current_conn_params
                0x0000000020002888        0x8 _build/ble_conn_params.o
 .bss.m_preferred_conn_params
                0x0000000020002890        0x8 _build/ble_conn_params.o
 .bss.m_update_count
                0x0000000020002898        0x1 _build/ble_conn_params.o
 *fill*         0x0000000020002899        0x1 
 .bss.m_ble_evt_buffer_size
                0x000000002000289a        0x2 _build/softdevice_handler.o
 .bss.m_ble_evt_handler
                0x000000002000289c        0x4 _build/softdevice_handler.o
 .bss.m_evt_schedule_func
                0x00000000200028a0        0x4 _build/softdevice_handler.o
 .bss.m_softdevice_enabled
                0x00000000200028a4        0x1 _build/softdevice_handler.o
 *fill*         0x00000000200028a5        0x3 
 .bss.m_sys_evt_handler
                0x00000000200028a8        0x4 _build/softdevice_handler.o
 .bss.mp_ble_evt_buffer
                0x00000000200028ac        0x4 _build/softdevice_handler.o
 .bss.m_cb      0x00000000200028b0       0x1c _build/nrf_drv_twi.o
 .bss.m_handlers
                0x00000000200028cc        0x4 _build/nrf_drv_twi.o
 .bss.m_instances
                0x00000000200028d0        0x4 _build/nrf_drv_twi.o
 .bss.m_timer_event_handlers
                0x00000000200028d4        0xc _build/nrf_drv_timer.o
 .bss.mp_contexts
                0x00000000200028e0        0xc _build/nrf_drv_timer.o
 .bss.__malloc_free_list
                0x00000000200028ec        0x4 c:/st/stm32cubeide_1.7.0/stm32cubeide/plugins/com.st.stm32cube.ide.mcu.externaltools.gnu-tools-for-stm32.9-2020-q2-update.win32_2.0.0.202105311346/tools/bin/../lib/gcc/arm-none-eabi/9.3.1/../../../../arm-none-eabi/lib/thumb/v6-m/nofp\libc_nano.a(lib_a-nano-mallocr.o)
                0x00000000200028ec                __malloc_free_list
 .bss.__malloc_sbrk_start
                0x00000000200028f0        0x4 c:/st/stm32cubeide_1.7.0/stm32cubeide/plugins/com.st.stm32cube.ide.mcu.externaltools.gnu-tools-for-stm32.9-2020-q2-update.win32_2.0.0.202105311346/tools/bin/../lib/gcc/arm-none-eabi/9.3.1/../../../../arm-none-eabi/lib/thumb/v6-m/nofp\libc_nano.a(lib_a-nano-mallocr.o)
                0x00000000200028f0                __malloc_sbrk_start
 .bss.heap_end.4144
                0x00000000200028f4        0x4 c:/st/stm32cubeide_1.7.0/stm32cubeide/plugins/com.st.stm32cube.ide.mcu.externaltools.gnu-tools-for-stm32.9-2020-q2-update.win32_2.0.0.202105311346/tools/bin/../lib/gcc/arm-none-eabi/9.3.1/../../../../arm-none-eabi/lib/thumb/v6-m/nofp\libnosys.a(sbrk.o)
 *(COMMON)
 COMMON         0x00000000200028f8        0x9 c:/st/stm32cubeide_1.7.0/stm32cubeide/plugins/com.st.stm32cube.ide.mcu.externaltools.gnu-tools-for-stm32.9-2020-q2-update.win32_2.0.0.202105311346/tools/bin/../lib/gcc/arm-none-eabi/9.3.1/../../../../arm-none-eabi/lib/thumb/v6-m/nofp\libc_nano.a(lib_a-lock.o)
                0x00000000200028f8                __lock___atexit_recursive_mutex
                0x00000000200028f9                __lock___arc4random_mutex
                0x00000000200028fa                __lock___env_recursive_mutex
                0x00000000200028fb                __lock___sinit_recursive_mutex
                0x00000000200028fc                __lock___malloc_recursive_mutex
                0x00000000200028fd                __lock___at_quick_exit_mutex
                0x00000000200028fe                __lock___dd_hash_mutex
                0x00000000200028ff                __lock___tz_mutex
                0x0000000020002900                __lock___sfp_recursive_mutex
 *fill*         0x0000000020002901        0x3 
 COMMON         0x0000000020002904        0x4 c:/st/stm32cubeide_1.7.0/stm32cubeide/plugins/com.st.stm32cube.ide.mcu.externaltools.gnu-tools-for-stm32.9-2020-q2-update.win32_2.0.0.202105311346/tools/bin/../lib/gcc/arm-none-eabi/9.3.1/../../../../arm-none-eabi/lib/thumb/v6-m/nofp\libc_nano.a(lib_a-reent.o)
                0x0000000020002904                errno
                0x0000000020002908                . = ALIGN (0x4)
                0x0000000020002908                __bss_end__ = .

.heap           0x0000000020002908      0x800
                0x0000000020002908                __end__ = .
                0x0000000020002908                end = __end__
 *(.heap*)
 .heap          0x0000000020002908      0x800 _build/gcc_startup_nrf51.o
                0x0000000020002908                __HeapBase
                0x0000000020003108                __HeapLimit = .

.stack_dummy    0x0000000020002908      0x800
 *(.stack*)
 .stack         0x0000000020002908      0x800 _build/gcc_startup_nrf51.o
                0x0000000020004000                __StackTop = (ORIGIN (RAM) + LENGTH (RAM))
                0x0000000020003800                __StackLimit = (__StackTop - SIZEOF (.stack_dummy))
                0x0000000020004000                PROVIDE (__stack = __StackTop)
                0x0000000000000001                ASSERT ((__StackLimit >= __HeapLimit), region RAM overflowed with stack)
OUTPUT(_build/nrf51422_xxac_s110.out elf32-littlearm)
LOAD linker stubs

.ARM.attributes
                0x0000000000000000       0x28
 .ARM.attributes
                0x0000000000000000       0x1e c:/st/stm32cubeide_1.7.0/stm32cubeide/plugins/com.st.stm32cube.ide.mcu.externaltools.gnu-tools-for-stm32.9-2020-q2-update.win32_2.0.0.202105311346/tools/bin/../lib/gcc/arm-none-eabi/9.3.1/thumb/v6-m/nofp/crti.o
 .ARM.attributes
                0x000000000000001e       0x1b c:/st/stm32cubeide_1.7.0/stm32cubeide/plugins/com.st.stm32cube.ide.mcu.externaltools.gnu-tools-for-stm32.9-2020-q2-update.win32_2.0.0.202105311346/tools/bin/../lib/gcc/arm-none-eabi/9.3.1/../../../../arm-none-eabi/lib/thumb/v6-m/nofp/crt0.o
 .ARM.attributes
                0x0000000000000039       0x2c c:/st/stm32cubeide_1.7.0/stm32cubeide/plugins/com.st.stm32cube.ide.mcu.externaltools.gnu-tools-for-stm32.9-2020-q2-update.win32_2.0.0.202105311346/tools/bin/../lib/gcc/arm-none-eabi/9.3.1/../../../../arm-none-eabi/lib/thumb/v6-m/nofp\libc_nano.a(lib_a-exit.o)
 .ARM.attributes
                0x0000000000000065       0x2c c:/st/stm32cubeide_1.7.0/stm32cubeide/plugins/com.st.stm32cube.ide.mcu.externaltools.gnu-tools-for-stm32.9-2020-q2-update.win32_2.0.0.202105311346/tools/bin/../lib/gcc/arm-none-eabi/9.3.1/../../../../arm-none-eabi/lib/thumb/v6-m/nofp\libc_nano.a(lib_a-impure.o)
 .ARM.attributes
                0x0000000000000091       0x2c c:/st/stm32cubeide_1.7.0/stm32cubeide/plugins/com.st.stm32cube.ide.mcu.externaltools.gnu-tools-for-stm32.9-2020-q2-update.win32_2.0.0.202105311346/tools/bin/../lib/gcc/arm-none-eabi/9.3.1/../../../../arm-none-eabi/lib/thumb/v6-m/nofp\libc_nano.a(lib_a-init.o)
 .ARM.attributes
                0x00000000000000bd       0x2c c:/st/stm32cubeide_1.7.0/stm32cubeide/plugins/com.st.stm32cube.ide.mcu.externaltools.gnu-tools-for-stm32.9-2020-q2-update.win32_2.0.0.202105311346/tools/bin/../lib/gcc/arm-none-eabi/9.3.1/../../../../arm-none-eabi/lib/thumb/v6-m/nofp\libc_nano.a(lib_a-memset.o)
 .ARM.attributes
                0x00000000000000e9       0x2c c:/st/stm32cubeide_1.7.0/stm32cubeide/plugins/com.st.stm32cube.ide.mcu.externaltools.gnu-tools-for-stm32.9-2020-q2-update.win32_2.0.0.202105311346/tools/bin/../lib/gcc/arm-none-eabi/9.3.1/../../../../arm-none-eabi/lib/thumb/v6-m/nofp\libnosys.a(_exit.o)
 .ARM.attributes
                0x0000000000000115       0x2c _build/app_button.o
 .ARM.attributes
                0x0000000000000141       0x2c _build/app_error.o
 .ARM.attributes
                0x000000000000016d       0x2c _build/app_fifo.o
 .ARM.attributes
                0x0000000000000199       0x2c _build/app_timer.o
 .ARM.attributes
                0x00000000000001c5       0x2c _build/retarget.o
 .ARM.attributes
                0x00000000000001f1       0x2c _build/app_uart_fifo.o
 .ARM.attributes
                0x000000000000021d       0x2c _build/nrf_delay.o
 .ARM.attributes
                0x0000000000000249       0x2c _build/nrf_drv_common.o
 .ARM.attributes
                0x0000000000000275       0x2c _build/nrf_drv_gpiote.o
 .ARM.attributes
                0x00000000000002a1       0x2c _build/pstorage.o
 .ARM.attributes
                0x00000000000002cd       0x2c _build/bsp.o
 .ARM.attributes
                0x00000000000002f9       0x2c _build/bsp_btn_ble.o
 .ARM.attributes
                0x0000000000000325       0x2c _build/main.o
 .ARM.attributes
                0x0000000000000351       0x2c _build/ble_advdata.o
 .ARM.attributes
                0x000000000000037d       0x2c _build/ble_advertising.o
 .ARM.attributes
                0x00000000000003a9       0x2c _build/ble_conn_params.o
 .ARM.attributes
                0x00000000000003d5       0x2c _build/ble_nus.o
 .ARM.attributes
                0x0000000000000401       0x2c _build/system_nrf51.o
 .ARM.attributes
                0x000000000000042d       0x2c _build/softdevice_handler.o
 .ARM.attributes
                0x0000000000000459       0x2c _build/nrf_drv_twi.o
 .ARM.attributes
                0x0000000000000485       0x2c _build/nrf_drv_timer.o
 .ARM.attributes
                0x00000000000004b1       0x1b _build/gcc_startup_nrf51.o
 .ARM.attributes
                0x00000000000004cc       0x1e c:/st/stm32cubeide_1.7.0/stm32cubeide/plugins/com.st.stm32cube.ide.mcu.externaltools.gnu-tools-for-stm32.9-2020-q2-update.win32_2.0.0.202105311346/tools/bin/../lib/gcc/arm-none-eabi/9.3.1/thumb/v6-m/nofp\libgcc.a(_udivsi3.o)
 .ARM.attributes
                0x00000000000004ea       0x1e c:/st/stm32cubeide_1.7.0/stm32cubeide/plugins/com.st.stm32cube.ide.mcu.externaltools.gnu-tools-for-stm32.9-2020-q2-update.win32_2.0.0.202105311346/tools/bin/../lib/gcc/arm-none-eabi/9.3.1/thumb/v6-m/nofp\libgcc.a(_dvmd_tls.o)
 .ARM.attributes
                0x0000000000000508       0x2c c:/st/stm32cubeide_1.7.0/stm32cubeide/plugins/com.st.stm32cube.ide.mcu.externaltools.gnu-tools-for-stm32.9-2020-q2-update.win32_2.0.0.202105311346/tools/bin/../lib/gcc/arm-none-eabi/9.3.1/../../../../arm-none-eabi/lib/thumb/v6-m/nofp\libc_nano.a(lib_a-memcpy-stub.o)
 .ARM.attributes
                0x0000000000000534       0x2c c:/st/stm32cubeide_1.7.0/stm32cubeide/plugins/com.st.stm32cube.ide.mcu.externaltools.gnu-tools-for-stm32.9-2020-q2-update.win32_2.0.0.202105311346/tools/bin/../lib/gcc/arm-none-eabi/9.3.1/../../../../arm-none-eabi/lib/thumb/v6-m/nofp\libc_nano.a(lib_a-printf.o)
 .ARM.attributes
                0x0000000000000560       0x1c c:/st/stm32cubeide_1.7.0/stm32cubeide/plugins/com.st.stm32cube.ide.mcu.externaltools.gnu-tools-for-stm32.9-2020-q2-update.win32_2.0.0.202105311346/tools/bin/../lib/gcc/arm-none-eabi/9.3.1/../../../../arm-none-eabi/lib/thumb/v6-m/nofp\libc_nano.a(lib_a-strlen.o)
 .ARM.attributes
                0x000000000000057c       0x2c c:/st/stm32cubeide_1.7.0/stm32cubeide/plugins/com.st.stm32cube.ide.mcu.externaltools.gnu-tools-for-stm32.9-2020-q2-update.win32_2.0.0.202105311346/tools/bin/../lib/gcc/arm-none-eabi/9.3.1/../../../../arm-none-eabi/lib/thumb/v6-m/nofp\libc_nano.a(lib_a-findfp.o)
 .ARM.attributes
                0x00000000000005a8       0x2c c:/st/stm32cubeide_1.7.0/stm32cubeide/plugins/com.st.stm32cube.ide.mcu.externaltools.gnu-tools-for-stm32.9-2020-q2-update.win32_2.0.0.202105311346/tools/bin/../lib/gcc/arm-none-eabi/9.3.1/../../../../arm-none-eabi/lib/thumb/v6-m/nofp\libc_nano.a(lib_a-fwalk.o)
 .ARM.attributes
                0x00000000000005d4       0x2c c:/st/stm32cubeide_1.7.0/stm32cubeide/plugins/com.st.stm32cube.ide.mcu.externaltools.gnu-tools-for-stm32.9-2020-q2-update.win32_2.0.0.202105311346/tools/bin/../lib/gcc/arm-none-eabi/9.3.1/../../../../arm-none-eabi/lib/thumb/v6-m/nofp\libc_nano.a(lib_a-lock.o)
 .ARM.attributes
                0x0000000000000600       0x2c c:/st/stm32cubeide_1.7.0/stm32cubeide/plugins/com.st.stm32cube.ide.mcu.externaltools.gnu-tools-for-stm32.9-2020-q2-update.win32_2.0.0.202105311346/tools/bin/../lib/gcc/arm-none-eabi/9.3.1/../../../../arm-none-eabi/lib/thumb/v6-m/nofp\libc_nano.a(lib_a-nano-mallocr.o)
 .ARM.attributes
                0x000000000000062c       0x2c c:/st/stm32cubeide_1.7.0/stm32cubeide/plugins/com.st.stm32cube.ide.mcu.externaltools.gnu-tools-for-stm32.9-2020-q2-update.win32_2.0.0.202105311346/tools/bin/../lib/gcc/arm-none-eabi/9.3.1/../../../../arm-none-eabi/lib/thumb/v6-m/nofp\libc_nano.a(lib_a-nano-vfprintf.o)
 .ARM.attributes
                0x0000000000000658       0x2c c:/st/stm32cubeide_1.7.0/stm32cubeide/plugins/com.st.stm32cube.ide.mcu.externaltools.gnu-tools-for-stm32.9-2020-q2-update.win32_2.0.0.202105311346/tools/bin/../lib/gcc/arm-none-eabi/9.3.1/../../../../arm-none-eabi/lib/thumb/v6-m/nofp\libc_nano.a(lib_a-nano-vfprintf_i.o)
 .ARM.attributes
                0x0000000000000684       0x2c c:/st/stm32cubeide_1.7.0/stm32cubeide/plugins/com.st.stm32cube.ide.mcu.externaltools.gnu-tools-for-stm32.9-2020-q2-update.win32_2.0.0.202105311346/tools/bin/../lib/gcc/arm-none-eabi/9.3.1/../../../../arm-none-eabi/lib/thumb/v6-m/nofp\libc_nano.a(lib_a-sbrkr.o)
 .ARM.attributes
                0x00000000000006b0       0x2c c:/st/stm32cubeide_1.7.0/stm32cubeide/plugins/com.st.stm32cube.ide.mcu.externaltools.gnu-tools-for-stm32.9-2020-q2-update.win32_2.0.0.202105311346/tools/bin/../lib/gcc/arm-none-eabi/9.3.1/../../../../arm-none-eabi/lib/thumb/v6-m/nofp\libc_nano.a(lib_a-stdio.o)
 .ARM.attributes
                0x00000000000006dc       0x2c c:/st/stm32cubeide_1.7.0/stm32cubeide/plugins/com.st.stm32cube.ide.mcu.externaltools.gnu-tools-for-stm32.9-2020-q2-update.win32_2.0.0.202105311346/tools/bin/../lib/gcc/arm-none-eabi/9.3.1/../../../../arm-none-eabi/lib/thumb/v6-m/nofp\libc_nano.a(lib_a-wbuf.o)
 .ARM.attributes
                0x0000000000000708       0x2c c:/st/stm32cubeide_1.7.0/stm32cubeide/plugins/com.st.stm32cube.ide.mcu.externaltools.gnu-tools-for-stm32.9-2020-q2-update.win32_2.0.0.202105311346/tools/bin/../lib/gcc/arm-none-eabi/9.3.1/../../../../arm-none-eabi/lib/thumb/v6-m/nofp\libc_nano.a(lib_a-writer.o)
 .ARM.attributes
                0x0000000000000734       0x2c c:/st/stm32cubeide_1.7.0/stm32cubeide/plugins/com.st.stm32cube.ide.mcu.externaltools.gnu-tools-for-stm32.9-2020-q2-update.win32_2.0.0.202105311346/tools/bin/../lib/gcc/arm-none-eabi/9.3.1/../../../../arm-none-eabi/lib/thumb/v6-m/nofp\libc_nano.a(lib_a-wsetup.o)
 .ARM.attributes
                0x0000000000000760       0x2c c:/st/stm32cubeide_1.7.0/stm32cubeide/plugins/com.st.stm32cube.ide.mcu.externaltools.gnu-tools-for-stm32.9-2020-q2-update.win32_2.0.0.202105311346/tools/bin/../lib/gcc/arm-none-eabi/9.3.1/../../../../arm-none-eabi/lib/thumb/v6-m/nofp\libc_nano.a(lib_a-closer.o)
 .ARM.attributes
                0x000000000000078c       0x2c c:/st/stm32cubeide_1.7.0/stm32cubeide/plugins/com.st.stm32cube.ide.mcu.externaltools.gnu-tools-for-stm32.9-2020-q2-update.win32_2.0.0.202105311346/tools/bin/../lib/gcc/arm-none-eabi/9.3.1/../../../../arm-none-eabi/lib/thumb/v6-m/nofp\libc_nano.a(lib_a-fflush.o)
 .ARM.attributes
                0x00000000000007b8       0x2c c:/st/stm32cubeide_1.7.0/stm32cubeide/plugins/com.st.stm32cube.ide.mcu.externaltools.gnu-tools-for-stm32.9-2020-q2-update.win32_2.0.0.202105311346/tools/bin/../lib/gcc/arm-none-eabi/9.3.1/../../../../arm-none-eabi/lib/thumb/v6-m/nofp\libc_nano.a(lib_a-lseekr.o)
 .ARM.attributes
                0x00000000000007e4       0x2c c:/st/stm32cubeide_1.7.0/stm32cubeide/plugins/com.st.stm32cube.ide.mcu.externaltools.gnu-tools-for-stm32.9-2020-q2-update.win32_2.0.0.202105311346/tools/bin/../lib/gcc/arm-none-eabi/9.3.1/../../../../arm-none-eabi/lib/thumb/v6-m/nofp\libc_nano.a(lib_a-makebuf.o)
 .ARM.attributes
                0x0000000000000810       0x2c c:/st/stm32cubeide_1.7.0/stm32cubeide/plugins/com.st.stm32cube.ide.mcu.externaltools.gnu-tools-for-stm32.9-2020-q2-update.win32_2.0.0.202105311346/tools/bin/../lib/gcc/arm-none-eabi/9.3.1/../../../../arm-none-eabi/lib/thumb/v6-m/nofp\libc_nano.a(lib_a-memchr-stub.o)
 .ARM.attributes
                0x000000000000083c       0x2c c:/st/stm32cubeide_1.7.0/stm32cubeide/plugins/com.st.stm32cube.ide.mcu.externaltools.gnu-tools-for-stm32.9-2020-q2-update.win32_2.0.0.202105311346/tools/bin/../lib/gcc/arm-none-eabi/9.3.1/../../../../arm-none-eabi/lib/thumb/v6-m/nofp\libc_nano.a(lib_a-mlock.o)
 .ARM.attributes
                0x0000000000000868       0x2c c:/st/stm32cubeide_1.7.0/stm32cubeide/plugins/com.st.stm32cube.ide.mcu.externaltools.gnu-tools-for-stm32.9-2020-q2-update.win32_2.0.0.202105311346/tools/bin/../lib/gcc/arm-none-eabi/9.3.1/../../../../arm-none-eabi/lib/thumb/v6-m/nofp\libc_nano.a(lib_a-nano-freer.o)
 .ARM.attributes
                0x0000000000000894       0x2c c:/st/stm32cubeide_1.7.0/stm32cubeide/plugins/com.st.stm32cube.ide.mcu.externaltools.gnu-tools-for-stm32.9-2020-q2-update.win32_2.0.0.202105311346/tools/bin/../lib/gcc/arm-none-eabi/9.3.1/../../../../arm-none-eabi/lib/thumb/v6-m/nofp\libc_nano.a(lib_a-readr.o)
 .ARM.attributes
                0x00000000000008c0       0x2c c:/st/stm32cubeide_1.7.0/stm32cubeide/plugins/com.st.stm32cube.ide.mcu.externaltools.gnu-tools-for-stm32.9-2020-q2-update.win32_2.0.0.202105311346/tools/bin/../lib/gcc/arm-none-eabi/9.3.1/../../../../arm-none-eabi/lib/thumb/v6-m/nofp\libc_nano.a(lib_a-reent.o)
 .ARM.attributes
                0x00000000000008ec       0x2c c:/st/stm32cubeide_1.7.0/stm32cubeide/plugins/com.st.stm32cube.ide.mcu.externaltools.gnu-tools-for-stm32.9-2020-q2-update.win32_2.0.0.202105311346/tools/bin/../lib/gcc/arm-none-eabi/9.3.1/../../../../arm-none-eabi/lib/thumb/v6-m/nofp\libc_nano.a(lib_a-fstatr.o)
 .ARM.attributes
                0x0000000000000918       0x2c c:/st/stm32cubeide_1.7.0/stm32cubeide/plugins/com.st.stm32cube.ide.mcu.externaltools.gnu-tools-for-stm32.9-2020-q2-update.win32_2.0.0.202105311346/tools/bin/../lib/gcc/arm-none-eabi/9.3.1/../../../../arm-none-eabi/lib/thumb/v6-m/nofp\libc_nano.a(lib_a-isattyr.o)
 .ARM.attributes
                0x0000000000000944       0x1e c:/st/stm32cubeide_1.7.0/stm32cubeide/plugins/com.st.stm32cube.ide.mcu.externaltools.gnu-tools-for-stm32.9-2020-q2-update.win32_2.0.0.202105311346/tools/bin/../lib/gcc/arm-none-eabi/9.3.1/thumb/v6-m/nofp\libgcc.a(_thumb1_case_shi.o)
 .ARM.attributes
                0x0000000000000962       0x1e c:/st/stm32cubeide_1.7.0/stm32cubeide/plugins/com.st.stm32cube.ide.mcu.externaltools.gnu-tools-for-stm32.9-2020-q2-update.win32_2.0.0.202105311346/tools/bin/../lib/gcc/arm-none-eabi/9.3.1/thumb/v6-m/nofp/crtn.o
 .ARM.attributes
                0x0000000000000980       0x2c c:/st/stm32cubeide_1.7.0/stm32cubeide/plugins/com.st.stm32cube.ide.mcu.externaltools.gnu-tools-for-stm32.9-2020-q2-update.win32_2.0.0.202105311346/tools/bin/../lib/gcc/arm-none-eabi/9.3.1/../../../../arm-none-eabi/lib/thumb/v6-m/nofp\libnosys.a(close.o)
 .ARM.attributes
                0x00000000000009ac       0x2c c:/st/stm32cubeide_1.7.0/stm32cubeide/plugins/com.st.stm32cube.ide.mcu.externaltools.gnu-tools-for-stm32.9-2020-q2-update.win32_2.0.0.202105311346/tools/bin/../lib/gcc/arm-none-eabi/9.3.1/../../../../arm-none-eabi/lib/thumb/v6-m/nofp\libnosys.a(fstat.o)
 .ARM.attributes
                0x00000000000009d8       0x2c c:/st/stm32cubeide_1.7.0/stm32cubeide/plugins/com.st.stm32cube.ide.mcu.externaltools.gnu-tools-for-stm32.9-2020-q2-update.win32_2.0.0.202105311346/tools/bin/../lib/gcc/arm-none-eabi/9.3.1/../../../../arm-none-eabi/lib/thumb/v6-m/nofp\libnosys.a(isatty.o)
 .ARM.attributes
                0x0000000000000a04       0x2c c:/st/stm32cubeide_1.7.0/stm32cubeide/plugins/com.st.stm32cube.ide.mcu.externaltools.gnu-tools-for-stm32.9-2020-q2-update.win32_2.0.0.202105311346/tools/bin/../lib/gcc/arm-none-eabi/9.3.1/../../../../arm-none-eabi/lib/thumb/v6-m/nofp\libnosys.a(lseek.o)
 .ARM.attributes
                0x0000000000000a30       0x2c c:/st/stm32cubeide_1.7.0/stm32cubeide/plugins/com.st.stm32cube.ide.mcu.externaltools.gnu-tools-for-stm32.9-2020-q2-update.win32_2.0.0.202105311346/tools/bin/../lib/gcc/arm-none-eabi/9.3.1/../../../../arm-none-eabi/lib/thumb/v6-m/nofp\libnosys.a(sbrk.o)

.comment        0x0000000000000000       0x53
 .comment       0x0000000000000000       0x53 _build/app_button.o
                                         0x54 (size before relaxing)
 .comment       0x0000000000000053       0x54 _build/app_error.o
 .comment       0x0000000000000053       0x54 _build/app_fifo.o
 .comment       0x0000000000000053       0x54 _build/app_timer.o
 .comment       0x0000000000000053       0x54 _build/retarget.o
 .comment       0x0000000000000053       0x54 _build/app_uart_fifo.o
 .comment       0x0000000000000053       0x54 _build/nrf_delay.o
 .comment       0x0000000000000053       0x54 _build/nrf_drv_common.o
 .comment       0x0000000000000053       0x54 _build/nrf_drv_gpiote.o
 .comment       0x0000000000000053       0x54 _build/pstorage.o
 .comment       0x0000000000000053       0x54 _build/bsp.o
 .comment       0x0000000000000053       0x54 _build/bsp_btn_ble.o
 .comment       0x0000000000000053       0x54 _build/main.o
 .comment       0x0000000000000053       0x54 _build/ble_advdata.o
 .comment       0x0000000000000053       0x54 _build/ble_advertising.o
 .comment       0x0000000000000053       0x54 _build/ble_conn_params.o
 .comment       0x0000000000000053       0x54 _build/ble_nus.o
 .comment       0x0000000000000053       0x54 _build/system_nrf51.o
 .comment       0x0000000000000053       0x54 _build/softdevice_handler.o
 .comment       0x0000000000000053       0x54 _build/nrf_drv_twi.o
 .comment       0x0000000000000053       0x54 _build/nrf_drv_timer.o

.debug_frame    0x0000000000000000      0x92c
 .debug_frame   0x0000000000000000       0x28 c:/st/stm32cubeide_1.7.0/stm32cubeide/plugins/com.st.stm32cube.ide.mcu.externaltools.gnu-tools-for-stm32.9-2020-q2-update.win32_2.0.0.202105311346/tools/bin/../lib/gcc/arm-none-eabi/9.3.1/../../../../arm-none-eabi/lib/thumb/v6-m/nofp\libc_nano.a(lib_a-exit.o)
 .debug_frame   0x0000000000000028       0x2c c:/st/stm32cubeide_1.7.0/stm32cubeide/plugins/com.st.stm32cube.ide.mcu.externaltools.gnu-tools-for-stm32.9-2020-q2-update.win32_2.0.0.202105311346/tools/bin/../lib/gcc/arm-none-eabi/9.3.1/../../../../arm-none-eabi/lib/thumb/v6-m/nofp\libc_nano.a(lib_a-init.o)
 .debug_frame   0x0000000000000054       0x20 c:/st/stm32cubeide_1.7.0/stm32cubeide/plugins/com.st.stm32cube.ide.mcu.externaltools.gnu-tools-for-stm32.9-2020-q2-update.win32_2.0.0.202105311346/tools/bin/../lib/gcc/arm-none-eabi/9.3.1/../../../../arm-none-eabi/lib/thumb/v6-m/nofp\libc_nano.a(lib_a-memset.o)
 .debug_frame   0x0000000000000074       0x20 c:/st/stm32cubeide_1.7.0/stm32cubeide/plugins/com.st.stm32cube.ide.mcu.externaltools.gnu-tools-for-stm32.9-2020-q2-update.win32_2.0.0.202105311346/tools/bin/../lib/gcc/arm-none-eabi/9.3.1/../../../../arm-none-eabi/lib/thumb/v6-m/nofp\libnosys.a(_exit.o)
 .debug_frame   0x0000000000000094       0x20 c:/st/stm32cubeide_1.7.0/stm32cubeide/plugins/com.st.stm32cube.ide.mcu.externaltools.gnu-tools-for-stm32.9-2020-q2-update.win32_2.0.0.202105311346/tools/bin/../lib/gcc/arm-none-eabi/9.3.1/thumb/v6-m/nofp\libgcc.a(_udivsi3.o)
 .debug_frame   0x00000000000000b4       0x28 c:/st/stm32cubeide_1.7.0/stm32cubeide/plugins/com.st.stm32cube.ide.mcu.externaltools.gnu-tools-for-stm32.9-2020-q2-update.win32_2.0.0.202105311346/tools/bin/../lib/gcc/arm-none-eabi/9.3.1/../../../../arm-none-eabi/lib/thumb/v6-m/nofp\libc_nano.a(lib_a-memcpy-stub.o)
 .debug_frame   0x00000000000000dc       0x50 c:/st/stm32cubeide_1.7.0/stm32cubeide/plugins/com.st.stm32cube.ide.mcu.externaltools.gnu-tools-for-stm32.9-2020-q2-update.win32_2.0.0.202105311346/tools/bin/../lib/gcc/arm-none-eabi/9.3.1/../../../../arm-none-eabi/lib/thumb/v6-m/nofp\libc_nano.a(lib_a-printf.o)
 .debug_frame   0x000000000000012c      0x170 c:/st/stm32cubeide_1.7.0/stm32cubeide/plugins/com.st.stm32cube.ide.mcu.externaltools.gnu-tools-for-stm32.9-2020-q2-update.win32_2.0.0.202105311346/tools/bin/../lib/gcc/arm-none-eabi/9.3.1/../../../../arm-none-eabi/lib/thumb/v6-m/nofp\libc_nano.a(lib_a-findfp.o)
 .debug_frame   0x000000000000029c       0x58 c:/st/stm32cubeide_1.7.0/stm32cubeide/plugins/com.st.stm32cube.ide.mcu.externaltools.gnu-tools-for-stm32.9-2020-q2-update.win32_2.0.0.202105311346/tools/bin/../lib/gcc/arm-none-eabi/9.3.1/../../../../arm-none-eabi/lib/thumb/v6-m/nofp\libc_nano.a(lib_a-fwalk.o)
 .debug_frame   0x00000000000002f4       0xb0 c:/st/stm32cubeide_1.7.0/stm32cubeide/plugins/com.st.stm32cube.ide.mcu.externaltools.gnu-tools-for-stm32.9-2020-q2-update.win32_2.0.0.202105311346/tools/bin/../lib/gcc/arm-none-eabi/9.3.1/../../../../arm-none-eabi/lib/thumb/v6-m/nofp\libc_nano.a(lib_a-lock.o)
 .debug_frame   0x00000000000003a4       0x30 c:/st/stm32cubeide_1.7.0/stm32cubeide/plugins/com.st.stm32cube.ide.mcu.externaltools.gnu-tools-for-stm32.9-2020-q2-update.win32_2.0.0.202105311346/tools/bin/../lib/gcc/arm-none-eabi/9.3.1/../../../../arm-none-eabi/lib/thumb/v6-m/nofp\libc_nano.a(lib_a-nano-mallocr.o)
 .debug_frame   0x00000000000003d4       0x9c c:/st/stm32cubeide_1.7.0/stm32cubeide/plugins/com.st.stm32cube.ide.mcu.externaltools.gnu-tools-for-stm32.9-2020-q2-update.win32_2.0.0.202105311346/tools/bin/../lib/gcc/arm-none-eabi/9.3.1/../../../../arm-none-eabi/lib/thumb/v6-m/nofp\libc_nano.a(lib_a-nano-vfprintf.o)
 .debug_frame   0x0000000000000470       0x54 c:/st/stm32cubeide_1.7.0/stm32cubeide/plugins/com.st.stm32cube.ide.mcu.externaltools.gnu-tools-for-stm32.9-2020-q2-update.win32_2.0.0.202105311346/tools/bin/../lib/gcc/arm-none-eabi/9.3.1/../../../../arm-none-eabi/lib/thumb/v6-m/nofp\libc_nano.a(lib_a-nano-vfprintf_i.o)
 .debug_frame   0x00000000000004c4       0x2c c:/st/stm32cubeide_1.7.0/stm32cubeide/plugins/com.st.stm32cube.ide.mcu.externaltools.gnu-tools-for-stm32.9-2020-q2-update.win32_2.0.0.202105311346/tools/bin/../lib/gcc/arm-none-eabi/9.3.1/../../../../arm-none-eabi/lib/thumb/v6-m/nofp\libc_nano.a(lib_a-sbrkr.o)
 .debug_frame   0x00000000000004f0       0x90 c:/st/stm32cubeide_1.7.0/stm32cubeide/plugins/com.st.stm32cube.ide.mcu.externaltools.gnu-tools-for-stm32.9-2020-q2-update.win32_2.0.0.202105311346/tools/bin/../lib/gcc/arm-none-eabi/9.3.1/../../../../arm-none-eabi/lib/thumb/v6-m/nofp\libc_nano.a(lib_a-stdio.o)
 .debug_frame   0x0000000000000580       0x48 c:/st/stm32cubeide_1.7.0/stm32cubeide/plugins/com.st.stm32cube.ide.mcu.externaltools.gnu-tools-for-stm32.9-2020-q2-update.win32_2.0.0.202105311346/tools/bin/../lib/gcc/arm-none-eabi/9.3.1/../../../../arm-none-eabi/lib/thumb/v6-m/nofp\libc_nano.a(lib_a-wbuf.o)
 .debug_frame   0x00000000000005c8       0x2c c:/st/stm32cubeide_1.7.0/stm32cubeide/plugins/com.st.stm32cube.ide.mcu.externaltools.gnu-tools-for-stm32.9-2020-q2-update.win32_2.0.0.202105311346/tools/bin/../lib/gcc/arm-none-eabi/9.3.1/../../../../arm-none-eabi/lib/thumb/v6-m/nofp\libc_nano.a(lib_a-writer.o)
 .debug_frame   0x00000000000005f4       0x2c c:/st/stm32cubeide_1.7.0/stm32cubeide/plugins/com.st.stm32cube.ide.mcu.externaltools.gnu-tools-for-stm32.9-2020-q2-update.win32_2.0.0.202105311346/tools/bin/../lib/gcc/arm-none-eabi/9.3.1/../../../../arm-none-eabi/lib/thumb/v6-m/nofp\libc_nano.a(lib_a-wsetup.o)
 .debug_frame   0x0000000000000620       0x2c c:/st/stm32cubeide_1.7.0/stm32cubeide/plugins/com.st.stm32cube.ide.mcu.externaltools.gnu-tools-for-stm32.9-2020-q2-update.win32_2.0.0.202105311346/tools/bin/../lib/gcc/arm-none-eabi/9.3.1/../../../../arm-none-eabi/lib/thumb/v6-m/nofp\libc_nano.a(lib_a-closer.o)
 .debug_frame   0x000000000000064c       0x68 c:/st/stm32cubeide_1.7.0/stm32cubeide/plugins/com.st.stm32cube.ide.mcu.externaltools.gnu-tools-for-stm32.9-2020-q2-update.win32_2.0.0.202105311346/tools/bin/../lib/gcc/arm-none-eabi/9.3.1/../../../../arm-none-eabi/lib/thumb/v6-m/nofp\libc_nano.a(lib_a-fflush.o)
 .debug_frame   0x00000000000006b4       0x2c c:/st/stm32cubeide_1.7.0/stm32cubeide/plugins/com.st.stm32cube.ide.mcu.externaltools.gnu-tools-for-stm32.9-2020-q2-update.win32_2.0.0.202105311346/tools/bin/../lib/gcc/arm-none-eabi/9.3.1/../../../../arm-none-eabi/lib/thumb/v6-m/nofp\libc_nano.a(lib_a-lseekr.o)
 .debug_frame   0x00000000000006e0       0x54 c:/st/stm32cubeide_1.7.0/stm32cubeide/plugins/com.st.stm32cube.ide.mcu.externaltools.gnu-tools-for-stm32.9-2020-q2-update.win32_2.0.0.202105311346/tools/bin/../lib/gcc/arm-none-eabi/9.3.1/../../../../arm-none-eabi/lib/thumb/v6-m/nofp\libc_nano.a(lib_a-makebuf.o)
 .debug_frame   0x0000000000000734       0x20 c:/st/stm32cubeide_1.7.0/stm32cubeide/plugins/com.st.stm32cube.ide.mcu.externaltools.gnu-tools-for-stm32.9-2020-q2-update.win32_2.0.0.202105311346/tools/bin/../lib/gcc/arm-none-eabi/9.3.1/../../../../arm-none-eabi/lib/thumb/v6-m/nofp\libc_nano.a(lib_a-memchr-stub.o)
 .debug_frame   0x0000000000000754       0x40 c:/st/stm32cubeide_1.7.0/stm32cubeide/plugins/com.st.stm32cube.ide.mcu.externaltools.gnu-tools-for-stm32.9-2020-q2-update.win32_2.0.0.202105311346/tools/bin/../lib/gcc/arm-none-eabi/9.3.1/../../../../arm-none-eabi/lib/thumb/v6-m/nofp\libc_nano.a(lib_a-mlock.o)
 .debug_frame   0x0000000000000794       0x2c c:/st/stm32cubeide_1.7.0/stm32cubeide/plugins/com.st.stm32cube.ide.mcu.externaltools.gnu-tools-for-stm32.9-2020-q2-update.win32_2.0.0.202105311346/tools/bin/../lib/gcc/arm-none-eabi/9.3.1/../../../../arm-none-eabi/lib/thumb/v6-m/nofp\libc_nano.a(lib_a-nano-freer.o)
 .debug_frame   0x00000000000007c0       0x2c c:/st/stm32cubeide_1.7.0/stm32cubeide/plugins/com.st.stm32cube.ide.mcu.externaltools.gnu-tools-for-stm32.9-2020-q2-update.win32_2.0.0.202105311346/tools/bin/../lib/gcc/arm-none-eabi/9.3.1/../../../../arm-none-eabi/lib/thumb/v6-m/nofp\libc_nano.a(lib_a-readr.o)
 .debug_frame   0x00000000000007ec       0x48 c:/st/stm32cubeide_1.7.0/stm32cubeide/plugins/com.st.stm32cube.ide.mcu.externaltools.gnu-tools-for-stm32.9-2020-q2-update.win32_2.0.0.202105311346/tools/bin/../lib/gcc/arm-none-eabi/9.3.1/../../../../arm-none-eabi/lib/thumb/v6-m/nofp\libc_nano.a(lib_a-reent.o)
 .debug_frame   0x0000000000000834       0x2c c:/st/stm32cubeide_1.7.0/stm32cubeide/plugins/com.st.stm32cube.ide.mcu.externaltools.gnu-tools-for-stm32.9-2020-q2-update.win32_2.0.0.202105311346/tools/bin/../lib/gcc/arm-none-eabi/9.3.1/../../../../arm-none-eabi/lib/thumb/v6-m/nofp\libc_nano.a(lib_a-fstatr.o)
 .debug_frame   0x0000000000000860       0x2c c:/st/stm32cubeide_1.7.0/stm32cubeide/plugins/com.st.stm32cube.ide.mcu.externaltools.gnu-tools-for-stm32.9-2020-q2-update.win32_2.0.0.202105311346/tools/bin/../lib/gcc/arm-none-eabi/9.3.1/../../../../arm-none-eabi/lib/thumb/v6-m/nofp\libc_nano.a(lib_a-isattyr.o)
 .debug_frame   0x000000000000088c       0x20 c:/st/stm32cubeide_1.7.0/stm32cubeide/plugins/com.st.stm32cube.ide.mcu.externaltools.gnu-tools-for-stm32.9-2020-q2-update.win32_2.0.0.202105311346/tools/bin/../lib/gcc/arm-none-eabi/9.3.1/../../../../arm-none-eabi/lib/thumb/v6-m/nofp\libnosys.a(close.o)
 .debug_frame   0x00000000000008ac       0x20 c:/st/stm32cubeide_1.7.0/stm32cubeide/plugins/com.st.stm32cube.ide.mcu.externaltools.gnu-tools-for-stm32.9-2020-q2-update.win32_2.0.0.202105311346/tools/bin/../lib/gcc/arm-none-eabi/9.3.1/../../../../arm-none-eabi/lib/thumb/v6-m/nofp\libnosys.a(fstat.o)
 .debug_frame   0x00000000000008cc       0x20 c:/st/stm32cubeide_1.7.0/stm32cubeide/plugins/com.st.stm32cube.ide.mcu.externaltools.gnu-tools-for-stm32.9-2020-q2-update.win32_2.0.0.202105311346/tools/bin/../lib/gcc/arm-none-eabi/9.3.1/../../../../arm-none-eabi/lib/thumb/v6-m/nofp\libnosys.a(isatty.o)
 .debug_frame   0x00000000000008ec       0x20 c:/st/stm32cubeide_1.7.0/stm32cubeide/plugins/com.st.stm32cube.ide.mcu.externaltools.gnu-tools-for-stm32.9-2020-q2-update.win32_2.0.0.202105311346/tools/bin/../lib/gcc/arm-none-eabi/9.3.1/../../../../arm-none-eabi/lib/thumb/v6-m/nofp\libnosys.a(lseek.o)
 .debug_frame   0x000000000000090c       0x20 c:/st/stm32cubeide_1.7.0/stm32cubeide/plugins/com.st.stm32cube.ide.mcu.externaltools.gnu-tools-for-stm32.9-2020-q2-update.win32_2.0.0.202105311346/tools/bin/../lib/gcc/arm-none-eabi/9.3.1/../../../../arm-none-eabi/lib/thumb/v6-m/nofp\libnosys.a(sbrk.o)

.stab           0x0000000000000000       0x6c
 .stab          0x0000000000000000       0x24 c:/st/stm32cubeide_1.7.0/stm32cubeide/plugins/com.st.stm32cube.ide.mcu.externaltools.gnu-tools-for-stm32.9-2020-q2-update.win32_2.0.0.202105311346/tools/bin/../lib/gcc/arm-none-eabi/9.3.1/../../../../arm-none-eabi/lib/thumb/v6-m/nofp\libnosys.a(close.o)
 .stab          0x0000000000000024       0x18 c:/st/stm32cubeide_1.7.0/stm32cubeide/plugins/com.st.stm32cube.ide.mcu.externaltools.gnu-tools-for-stm32.9-2020-q2-update.win32_2.0.0.202105311346/tools/bin/../lib/gcc/arm-none-eabi/9.3.1/../../../../arm-none-eabi/lib/thumb/v6-m/nofp\libnosys.a(fstat.o)
                                         0x24 (size before relaxing)
 .stab          0x000000000000003c       0x18 c:/st/stm32cubeide_1.7.0/stm32cubeide/plugins/com.st.stm32cube.ide.mcu.externaltools.gnu-tools-for-stm32.9-2020-q2-update.win32_2.0.0.202105311346/tools/bin/../lib/gcc/arm-none-eabi/9.3.1/../../../../arm-none-eabi/lib/thumb/v6-m/nofp\libnosys.a(isatty.o)
                                         0x24 (size before relaxing)
 .stab          0x0000000000000054       0x18 c:/st/stm32cubeide_1.7.0/stm32cubeide/plugins/com.st.stm32cube.ide.mcu.externaltools.gnu-tools-for-stm32.9-2020-q2-update.win32_2.0.0.202105311346/tools/bin/../lib/gcc/arm-none-eabi/9.3.1/../../../../arm-none-eabi/lib/thumb/v6-m/nofp\libnosys.a(lseek.o)
                                         0x24 (size before relaxing)

.stabstr        0x0000000000000000       0xe3
 .stabstr       0x0000000000000000       0xe3 c:/st/stm32cubeide_1.7.0/stm32cubeide/plugins/com.st.stm32cube.ide.mcu.externaltools.gnu-tools-for-stm32.9-2020-q2-update.win32_2.0.0.202105311346/tools/bin/../lib/gcc/arm-none-eabi/9.3.1/../../../../arm-none-eabi/lib/thumb/v6-m/nofp\libnosys.a(close.o)