Archive member included to satisfy reference by file (symbol)

c:/ac6/systemworkbench/plugins/fr.ac6.mcu.externaltools.arm-none.win32_1.17.0.201812190825/tools/compiler/bin/../lib/gcc/arm-none-eabi/7.3.1/../../../../arm-none-eabi/lib/thumb/v6-m\libc_nano.a(lib_a-exit.o)
                              c:/ac6/systemworkbench/plugins/fr.ac6.mcu.externaltools.arm-none.win32_1.17.0.201812190825/tools/compiler/bin/../lib/gcc/arm-none-eabi/7.3.1/../../../../arm-none-eabi/lib/thumb/v6-m/crt0.o (exit)
c:/ac6/systemworkbench/plugins/fr.ac6.mcu.externaltools.arm-none.win32_1.17.0.201812190825/tools/compiler/bin/../lib/gcc/arm-none-eabi/7.3.1/../../../../arm-none-eabi/lib/thumb/v6-m\libc_nano.a(lib_a-impure.o)
                              c:/ac6/systemworkbench/plugins/fr.ac6.mcu.externaltools.arm-none.win32_1.17.0.201812190825/tools/compiler/bin/../lib/gcc/arm-none-eabi/7.3.1/../../../../arm-none-eabi/lib/thumb/v6-m\libc_nano.a(lib_a-exit.o) (_global_impure_ptr)
c:/ac6/systemworkbench/plugins/fr.ac6.mcu.externaltools.arm-none.win32_1.17.0.201812190825/tools/compiler/bin/../lib/gcc/arm-none-eabi/7.3.1/../../../../arm-none-eabi/lib/thumb/v6-m\libc_nano.a(lib_a-init.o)
                              c:/ac6/systemworkbench/plugins/fr.ac6.mcu.externaltools.arm-none.win32_1.17.0.201812190825/tools/compiler/bin/../lib/gcc/arm-none-eabi/7.3.1/../../../../arm-none-eabi/lib/thumb/v6-m/crt0.o (__libc_init_array)
c:/ac6/systemworkbench/plugins/fr.ac6.mcu.externaltools.arm-none.win32_1.17.0.201812190825/tools/compiler/bin/../lib/gcc/arm-none-eabi/7.3.1/../../../../arm-none-eabi/lib/thumb/v6-m\libc_nano.a(lib_a-memset.o)
                              c:/ac6/systemworkbench/plugins/fr.ac6.mcu.externaltools.arm-none.win32_1.17.0.201812190825/tools/compiler/bin/../lib/gcc/arm-none-eabi/7.3.1/../../../../arm-none-eabi/lib/thumb/v6-m/crt0.o (memset)
c:/ac6/systemworkbench/plugins/fr.ac6.mcu.externaltools.arm-none.win32_1.17.0.201812190825/tools/compiler/bin/../lib/gcc/arm-none-eabi/7.3.1/../../../../arm-none-eabi/lib/thumb/v6-m\libnosys.a(_exit.o)
                              c:/ac6/systemworkbench/plugins/fr.ac6.mcu.externaltools.arm-none.win32_1.17.0.201812190825/tools/compiler/bin/../lib/gcc/arm-none-eabi/7.3.1/../../../../arm-none-eabi/lib/thumb/v6-m\libc_nano.a(lib_a-exit.o) (_exit)
c:/ac6/systemworkbench/plugins/fr.ac6.mcu.externaltools.arm-none.win32_1.17.0.201812190825/tools/compiler/bin/../lib/gcc/arm-none-eabi/7.3.1/thumb/v6-m\libgcc.a(_udivsi3.o)
                              _build/pstorage.o (__aeabi_uidiv)
c:/ac6/systemworkbench/plugins/fr.ac6.mcu.externaltools.arm-none.win32_1.17.0.201812190825/tools/compiler/bin/../lib/gcc/arm-none-eabi/7.3.1/thumb/v6-m\libgcc.a(_divsi3.o)
                              _build/bsp.o (__aeabi_idiv)
c:/ac6/systemworkbench/plugins/fr.ac6.mcu.externaltools.arm-none.win32_1.17.0.201812190825/tools/compiler/bin/../lib/gcc/arm-none-eabi/7.3.1/thumb/v6-m\libgcc.a(_dvmd_tls.o)
                              c:/ac6/systemworkbench/plugins/fr.ac6.mcu.externaltools.arm-none.win32_1.17.0.201812190825/tools/compiler/bin/../lib/gcc/arm-none-eabi/7.3.1/thumb/v6-m\libgcc.a(_udivsi3.o) (__aeabi_idiv0)
c:/ac6/systemworkbench/plugins/fr.ac6.mcu.externaltools.arm-none.win32_1.17.0.201812190825/tools/compiler/bin/../lib/gcc/arm-none-eabi/7.3.1/../../../../arm-none-eabi/lib/thumb/v6-m\libc_nano.a(lib_a-memcpy-stub.o)
                              _build/pstorage.o (memcpy)
c:/ac6/systemworkbench/plugins/fr.ac6.mcu.externaltools.arm-none.win32_1.17.0.201812190825/tools/compiler/bin/../lib/gcc/arm-none-eabi/7.3.1/../../../../arm-none-eabi/lib/thumb/v6-m\libc_nano.a(lib_a-printf.o)
                              _build/main.o (printf)
c:/ac6/systemworkbench/plugins/fr.ac6.mcu.externaltools.arm-none.win32_1.17.0.201812190825/tools/compiler/bin/../lib/gcc/arm-none-eabi/7.3.1/../../../../arm-none-eabi/lib/thumb/v6-m\libc_nano.a(lib_a-strlen.o)
                              _build/main.o (strlen)
c:/ac6/systemworkbench/plugins/fr.ac6.mcu.externaltools.arm-none.win32_1.17.0.201812190825/tools/compiler/bin/../lib/gcc/arm-none-eabi/7.3.1/../../../../arm-none-eabi/lib/thumb/v6-m\libc_nano.a(lib_a-findfp.o)
                              c:/ac6/systemworkbench/plugins/fr.ac6.mcu.externaltools.arm-none.win32_1.17.0.201812190825/tools/compiler/bin/../lib/gcc/arm-none-eabi/7.3.1/../../../../arm-none-eabi/lib/thumb/v6-m\libc_nano.a(lib_a-printf.o) (__sinit)
c:/ac6/systemworkbench/plugins/fr.ac6.mcu.externaltools.arm-none.win32_1.17.0.201812190825/tools/compiler/bin/../lib/gcc/arm-none-eabi/7.3.1/../../../../arm-none-eabi/lib/thumb/v6-m\libc_nano.a(lib_a-fwalk.o)
                              c:/ac6/systemworkbench/plugins/fr.ac6.mcu.externaltools.arm-none.win32_1.17.0.201812190825/tools/compiler/bin/../lib/gcc/arm-none-eabi/7.3.1/../../../../arm-none-eabi/lib/thumb/v6-m\libc_nano.a(lib_a-findfp.o) (_fwalk)
[...]
Memory Configuration

Name             Origin             Length             Attributes
FLASH            0x00018000         0x00028000         xr
RAM              0x20002000         0x00002000         xrw
*default*        0x00000000         0xffffffff

Linker script and memory map

LOAD c:/ac6/systemworkbench/plugins/fr.ac6.mcu.externaltools.arm-none.win32_1.17.0.201812190825/tools/compiler/bin/../lib/gcc/arm-none-eabi/7.3.1/thumb/v6-m/crti.o
LOAD c:/ac6/systemworkbench/plugins/fr.ac6.mcu.externaltools.arm-none.win32_1.17.0.201812190825/tools/compiler/bin/../lib/gcc/arm-none-eabi/7.3.1/thumb/v6-m/crtbegin.o
LOAD c:/ac6/systemworkbench/plugins/fr.ac6.mcu.externaltools.arm-none.win32_1.17.0.201812190825/tools/compiler/bin/../lib/gcc/arm-none-eabi/7.3.1/../../../../arm-none-eabi/lib/thumb/v6-m/crt0.o
LOAD c:/ac6/systemworkbench/plugins/fr.ac6.mcu.externaltools.arm-none.win32_1.17.0.201812190825/tools/compiler/bin/../lib/gcc/arm-none-eabi/7.3.1/../../../../arm-none-eabi/lib/thumb/v6-m\libc_nano.a
LOAD c:/ac6/systemworkbench/plugins/fr.ac6.mcu.externaltools.arm-none.win32_1.17.0.201812190825/tools/compiler/bin/../lib/gcc/arm-none-eabi/7.3.1/../../../../arm-none-eabi/lib/thumb/v6-m\libnosys.a
LOAD _build/app_button.o
LOAD _build/app_error.o
LOAD _build/app_fifo.o
LOAD _build/app_timer.o
LOAD _build/app_trace.o
LOAD _build/nrf_assert.o
LOAD _build/retarget.o
LOAD _build/app_uart_fifo.o
LOAD _build/nrf_delay.o
LOAD _build/nrf_drv_common.o
LOAD _build/nrf_drv_gpiote.o
LOAD _build/pstorage.o
LOAD _build/bsp.o
LOAD _build/bsp_btn_ble.o
LOAD _build/main.o
LOAD _build/ble_advdata.o
LOAD _build/ble_advertising.o
LOAD _build/ble_conn_params.o
LOAD _build/ble_nus.o
LOAD _build/ble_srv_common.o
LOAD _build/system_nrf51.o
LOAD _build/softdevice_handler.o
LOAD _build/gcc_startup_nrf51.o
START GROUP
LOAD c:/ac6/systemworkbench/plugins/fr.ac6.mcu.externaltools.arm-none.win32_1.17.0.201812190825/tools/compiler/bin/../lib/gcc/arm-none-eabi/7.3.1/thumb/v6-m\libgcc.a
LOAD c:/ac6/systemworkbench/plugins/fr.ac6.mcu.externaltools.arm-none.win32_1.17.0.201812190825/tools/compiler/bin/../lib/gcc/arm-none-eabi/7.3.1/../../../../arm-none-eabi/lib/thumb/v6-m\libc_nano.a
END GROUP
START GROUP
LOAD c:/ac6/systemworkbench/plugins/fr.ac6.mcu.externaltools.arm-none.win32_1.17.0.201812190825/tools/compiler/bin/../lib/gcc/arm-none-eabi/7.3.1/thumb/v6-m\libgcc.a
LOAD c:/ac6/systemworkbench/plugins/fr.ac6.mcu.externaltools.arm-none.win32_1.17.0.201812190825/tools/compiler/bin/../lib/gcc/arm-none-eabi/7.3.1/../../../../arm-none-eabi/lib/thumb/v6-m\libc_nano.a
END GROUP
LOAD c:/ac6/systemworkbench/plugins/fr.ac6.mcu.externaltools.arm-none.win32_1.17.0.201812190825/tools/compiler/bin/../lib/gcc/arm-none-eabi/7.3.1/thumb/v6-m/crtend.o
LOAD c:/ac6/systemworkbench/plugins/fr.ac6.mcu.externaltools.arm-none.win32_1.17.0.201812190825/tools/compiler/bin/../lib/gcc/arm-none-eabi/7.3.1/thumb/v6-m/crtn.o
START GROUP
LOAD c:/ac6/systemworkbench/plugins/fr.ac6.mcu.externaltools.arm-none.win32_1.17.0.201812190825/tools/compiler/bin/../lib/gcc/arm-none-eabi/7.3.1/thumb/v6-m\libgcc.a
LOAD c:/ac6/systemworkbench/plugins/fr.ac6.mcu.externaltools.arm-none.win32_1.17.0.201812190825/tools/compiler/bin/../lib/gcc/arm-none-eabi/7.3.1/../../../../arm-none-eabi/lib/thumb/v6-m\libc.a
LOAD c:/ac6/systemworkbench/plugins/fr.ac6.mcu.externaltools.arm-none.win32_1.17.0.201812190825/tools/compiler/bin/../lib/gcc/arm-none-eabi/7.3.1/../../../../arm-none-eabi/lib/thumb/v6-m\libnosys.a
END GROUP

.text           0x00018000     0x524c
 *(.Vectors)
 .Vectors       0x00018000       0xc0 _build/gcc_startup_nrf51.o
                0x00018000                __Vectors
 *(.text*)
 .text          0x000180c0       0x78 c:/ac6/systemworkbench/plugins/fr.ac6.mcu.externaltools.arm-none.win32_1.17.0.201812190825/tools/compiler/bin/../lib/gcc/arm-none-eabi/7.3.1/../../../../arm-none-eabi/lib/thumb/v6-m/crt0.o
                0x000180c0                _start
                0x000180c0                _mainCRTStartup
 .text.exit     0x00018138       0x2c c:/ac6/systemworkbench/plugins/fr.ac6.mcu.externaltools.arm-none.win32_1.17.0.201812190825/tools/compiler/bin/../lib/gcc/arm-none-eabi/7.3.1/../../../../arm-none-eabi/lib/thumb/v6-m\libc_nano.a(lib_a-exit.o)
                0x00018138                exit
 .text.__libc_init_array
                0x00018164       0x48 c:/ac6/systemworkbench/plugins/fr.ac6.mcu.externaltools.arm-none.win32_1.17.0.201812190825/tools/compiler/bin/../lib/gcc/arm-none-eabi/7.3.1/../../../../arm-none-eabi/lib/thumb/v6-m\libc_nano.a(lib_a-init.o)
                0x00018164                __libc_init_array
 .text.memset   0x000181ac       0x10 c:/ac6/systemworkbench/plugins/fr.ac6.mcu.externaltools.arm-none.win32_1.17.0.201812190825/tools/compiler/bin/../lib/gcc/arm-none-eabi/7.3.1/../../../../arm-none-eabi/lib/thumb/v6-m\libc_nano.a(lib_a-memset.o)
                0x000181ac                memset
 .text._exit    0x000181bc        0x4 c:/ac6/systemworkbench/plugins/fr.ac6.mcu.externaltools.arm-none.win32_1.17.0.201812190825/tools/compiler/bin/../lib/gcc/arm-none-eabi/7.3.1/../../../../arm-none-eabi/lib/thumb/v6-m\libnosys.a(_exit.o)
                0x000181bc                _exit
 .text.detection_delay_timeout_handler
                0x000181c0       0xa0 _build/app_button.o
 .text.gpiote_event_handler
                0x00018260       0x5c _build/app_button.o
 .text.app_button_init
                0x000182bc       0xb0 _build/app_button.o
                0x000182bc                app_button_init
 .text.app_button_enable
                0x0001836c       0x30 _build/app_button.o
                0x0001836c                app_button_enable
 .text.app_error_handler
                0x0001839c       0x18 _build/app_error.o
                0x0001839c                app_error_handler
 .text.app_fifo_init
                0x000183b4       0x24 _build/app_fifo.o
                0x000183b4                app_fifo_init
 .text.app_fifo_put
                0x000183d8       0x24 _build/app_fifo.o
                0x000183d8                app_fifo_put
 .text.app_fifo_get
                0x000183fc       0x24 _build/app_fifo.o
                0x000183fc                app_fifo_get
 .text.rtc1_stop
                0x00018420       0x78 _build/app_timer.o
 .text.RTC1_IRQHandler
                0x00018498       0xe4 _build/app_timer.o
                0x00018498                RTC1_IRQHandler
 .text.SWI0_IRQHandler
                0x0001857c      0x4f8 _build/app_timer.o
                0x0001857c                SWI0_IRQHandler
 .text.app_timer_init
                0x00018a74      0x10c _build/app_timer.o
                0x00018a74                app_timer_init
 .text.app_timer_create
                0x00018b80       0x68 _build/app_timer.o
                0x00018b80                app_timer_create
 .text.app_timer_start
                0x00018be8      0x120 _build/app_timer.o
                0x00018be8                app_timer_start
 .text.app_timer_stop
                0x00018d08       0xec _build/app_timer.o
                0x00018d08                app_timer_stop
 .text._write   0x00018df4       0x1c _build/retarget.o
                0x00018df4                _write
 .text._read    0x00018e10       0x14 _build/retarget.o
                0x00018e10                _read
 .text.gpiote_uart_event_handler
                0x00018e24       0xc0 _build/app_uart_fifo.o
 .text.UART0_IRQHandler
                0x00018ee4      0x12c _build/app_uart_fifo.o
                0x00018ee4                UART0_IRQHandler
 .text.app_uart_init
                0x00019010      0x2c8 _build/app_uart_fifo.o
                0x00019010                app_uart_init
 .text.app_uart_get
                0x000192d8       0x10 _build/app_uart_fifo.o
                0x000192d8                app_uart_get
 .text.app_uart_put
                0x000192e8       0x80 _build/app_uart_fifo.o
                0x000192e8                app_uart_put
 .text.nrf_drv_common_irq_enable
                0x00019368       0x68 _build/nrf_drv_common.o
                0x00019368                nrf_drv_common_irq_enable
 .text.nrf_drv_gpiote_init
                0x000193d0       0x60 _build/nrf_drv_gpiote.o
                0x000193d0                nrf_drv_gpiote_init
 .text.nrf_drv_gpiote_is_init
                0x00019430       0x10 _build/nrf_drv_gpiote.o
                0x00019430                nrf_drv_gpiote_is_init
 .text.nrf_drv_gpiote_out_init
                0x00019440       0xc8 _build/nrf_drv_gpiote.o
                0x00019440                nrf_drv_gpiote_out_init
 .text.nrf_drv_gpiote_in_init
                0x00019508      0x1b0 _build/nrf_drv_gpiote.o
                0x00019508                nrf_drv_gpiote_in_init
 .text.nrf_drv_gpiote_in_event_enable
                0x000196b8       0xb4 _build/nrf_drv_gpiote.o
                0x000196b8                nrf_drv_gpiote_in_event_enable
 .text.nrf_drv_gpiote_in_is_set
                0x0001976c       0x14 _build/nrf_drv_gpiote.o
                0x0001976c                nrf_drv_gpiote_in_is_set
 .text.GPIOTE_IRQHandler
                0x00019780      0x434 _build/nrf_drv_gpiote.o
                0x00019780                GPIOTE_IRQHandler
 .text.pstorage_access_status_get
                0x00019bb4       0x28 _build/pstorage.o
                0x00019bb4                pstorage_access_status_get
 .text.alert_timer_handler
                0x00019bdc       0x28 _build/bsp.o
 .text.bsp_button_event_handler
                0x00019c04       0xc0 _build/bsp.o
 .text.leds_timer_handler
                0x00019cc4      0x2f8 _build/bsp.o
 .text.button_timer_handler
                0x00019fbc       0x34 _build/bsp.o
 .text.bsp_button_is_pressed
                0x00019ff0       0x30 _build/bsp.o
                0x00019ff0                bsp_button_is_pressed
 .text.bsp_indication_set
                0x0001a020      0x364 _build/bsp.o
                0x0001a020                bsp_indication_set
 .text.bsp_init
                0x0001a384       0xd0 _build/bsp.o
                0x0001a384                bsp_init
 .text.bsp_event_to_button_action_assign
                0x0001a454       0x54 _build/bsp.o
                0x0001a454                bsp_event_to_button_action_assign
 .text.bsp_wakeup_buttons_set
                0x0001a4a8       0x4c _build/bsp.o
                0x0001a4a8                bsp_wakeup_buttons_set
 .text.bsp_btn_ble_sleep_mode_prepare
                0x0001a4f4       0x18 _build/bsp_btn_ble.o
                0x0001a4f4                bsp_btn_ble_sleep_mode_prepare
 .text.bsp_btn_ble_on_ble_evt
                0x0001a50c       0xbc _build/bsp_btn_ble.o
                0x0001a50c                bsp_btn_ble_on_ble_evt
 .text.bsp_btn_ble_init
                0x0001a5c8       0x98 _build/bsp_btn_ble.o
                0x0001a5c8                bsp_btn_ble_init
 .text.sd_ble_gap_disconnect
                0x0001a660        0x4 _build/main.o
 .text.sd_ble_gap_ppcp_set
                0x0001a664        0x4 _build/main.o
 .text.sd_ble_gap_device_name_set
                0x0001a668        0x4 _build/main.o
 .text.sd_ble_gap_sec_params_reply
                0x0001a66c        0x4 _build/main.o
 .text.sd_ble_gatts_sys_attr_set
                0x0001a670        0x4 _build/main.o
 .text.sd_ble_enable
                0x0001a674        0x4 _build/main.o
 .text.sd_power_system_off
                0x0001a678        0x4 _build/main.o
 .text.sd_app_evt_wait
                0x0001a67c        0x4 _build/main.o
 .text.conn_params_error_handler
                0x0001a680        0xc _build/main.o
 .text.nus_data_handler
                0x0001a68c       0x28 _build/main.o
 .text.on_conn_params_evt
                0x0001a6b4       0x28 _build/main.o
 .text.ble_evt_dispatch
                0x0001a6dc       0xa4 _build/main.o
 .text.bsp_event_handler
                0x0001a780       0x68 _build/main.o
                0x0001a780                bsp_event_handler
 .text.uart_event_handle
                0x0001a7e8       0x6c _build/main.o
                0x0001a7e8                uart_event_handle
 .text.on_adv_evt
                0x0001a854       0x54 _build/main.o
 .text.assert_nrf_callback
                0x0001a8a8       0x14 _build/main.o
                0x0001a8a8                assert_nrf_callback
 .text.startup.main
                0x0001a8bc      0x260 _build/main.o
                0x0001a8bc                main
 .text.sd_ble_gap_adv_data_set
                0x0001ab1c        0x4 _build/ble_advdata.o
 .text.sd_ble_gap_appearance_get
                0x0001ab20        0x4 _build/ble_advdata.o
 .text.sd_ble_gap_device_name_get
                0x0001ab24        0x4 _build/ble_advdata.o
 .text.sd_ble_uuid_encode
                0x0001ab28        0x4 _build/ble_advdata.o
 .text.uuid_list_sized_encode
                0x0001ab2c       0xec _build/ble_advdata.o
 .text.ble_advdata_set
                0x0001ac18      0x770 _build/ble_advdata.o
                0x0001ac18                ble_advdata_set
 .text.sd_ble_gap_adv_start
                0x0001b388        0x4 _build/ble_advertising.o
 .text.sd_ble_gap_adv_stop
                0x0001b38c        0x4 _build/ble_advertising.o
 .text.ble_advertising_start.part.1
                0x0001b390      0x214 _build/ble_advertising.o
 .text.ble_advertising_init
                0x0001b5a4      0x174 _build/ble_advertising.o
                0x0001b5a4                ble_advertising_init
 .text.ble_advertising_start
                0x0001b718       0x3c _build/ble_advertising.o
                0x0001b718                ble_advertising_start
 .text.ble_advertising_on_ble_evt
                0x0001b754      0x15c _build/ble_advertising.o
                0x0001b754                ble_advertising_on_ble_evt
 .text.ble_advertising_restart_without_whitelist
                0x0001b8b0       0x74 _build/ble_advertising.o
                0x0001b8b0                ble_advertising_restart_without_whitelist
 .text.sd_ble_gap_conn_param_update
                0x0001b924        0x4 _build/ble_conn_params.o
 .text.sd_ble_gap_disconnect
                0x0001b928        0x4 _build/ble_conn_params.o
 .text.sd_ble_gap_ppcp_set
                0x0001b92c        0x4 _build/ble_conn_params.o
 .text.sd_ble_gap_ppcp_get
                0x0001b930        0x4 _build/ble_conn_params.o
 .text.update_timeout_handler
                0x0001b934       0x78 _build/ble_conn_params.o
 .text.conn_params_negotiation
                0x0001b9ac       0x8c _build/ble_conn_params.o
 .text.ble_conn_params_init
                0x0001ba38       0x78 _build/ble_conn_params.o
                0x0001ba38                ble_conn_params_init
 .text.ble_conn_params_on_ble_evt
                0x0001bab0      0x128 _build/ble_conn_params.o
                0x0001bab0                ble_conn_params_on_ble_evt
 .text.sd_ble_gatts_service_add
                0x0001bbd8        0x4 _build/ble_nus.o
 .text.sd_ble_gatts_characteristic_add
                0x0001bbdc        0x4 _build/ble_nus.o
 .text.sd_ble_gatts_hvx
                0x0001bbe0        0x4 _build/ble_nus.o
 .text.sd_ble_uuid_vs_add
                0x0001bbe4        0x4 _build/ble_nus.o
 .text.ble_nus_on_ble_evt
                0x0001bbe8       0x60 _build/ble_nus.o
                0x0001bbe8                ble_nus_on_ble_evt
 .text.ble_nus_init
                0x0001bc48      0x1bc _build/ble_nus.o
                0x0001bc48                ble_nus_init
 .text.ble_nus_string_send
                0x0001be04       0x5c _build/ble_nus.o
                0x0001be04                ble_nus_string_send
 .text.SystemInit
                0x0001be60       0x94 _build/system_nrf51.o
                0x0001be60                SystemInit
 .text.sd_nvic_EnableIRQ
                0x0001bef4        0x4 _build/softdevice_handler.o
 .text.sd_evt_get
                0x0001bef8        0x4 _build/softdevice_handler.o
 .text.sd_softdevice_enable
                0x0001befc        0x4 _build/softdevice_handler.o
 .text.sd_ble_evt_get
                0x0001bf00        0x4 _build/softdevice_handler.o
 .text.softdevice_assertion_handler
                0x0001bf04        0xc _build/softdevice_handler.o
                0x0001bf04                softdevice_assertion_handler
 .text.intern_softdevice_events_execute.part.0
                0x0001bf10       0xcc _build/softdevice_handler.o
 .text.softdevice_handler_init
                0x0001bfdc       0x4c _build/softdevice_handler.o
                0x0001bfdc                softdevice_handler_init
 .text.softdevice_ble_evt_handler_set
                0x0001c028       0x14 _build/softdevice_handler.o
                0x0001c028                softdevice_ble_evt_handler_set
 .text.SWI2_IRQHandler
                0x0001c03c       0x34 _build/softdevice_handler.o
                0x0001c03c                SWI2_IRQHandler
 .text          0x0001c070       0x54 _build/gcc_startup_nrf51.o
                0x0001c070                Reset_Handler
                0x0001c0b8                NMI_Handler
                0x0001c0ba                HardFault_Handler
                0x0001c0bc                SVC_Handler
                0x0001c0be                PendSV_Handler
                0x0001c0c0                SysTick_Handler
                0x0001c0c2                RTC0_IRQHandler
                0x0001c0c2                POWER_CLOCK_IRQHandler
                0x0001c0c2                SPI0_TWI0_IRQHandler
                0x0001c0c2                LPCOMP_IRQHandler
                0x0001c0c2                SWI4_IRQHandler
                0x0001c0c2                TEMP_IRQHandler
                0x0001c0c2                QDEC_IRQHandler
                0x0001c0c2                SWI5_IRQHandler
                0x0001c0c2                TIMER0_IRQHandler
                0x0001c0c2                RADIO_IRQHandler
                0x0001c0c2                TIMER1_IRQHandler
                0x0001c0c2                ECB_IRQHandler
                0x0001c0c2                Default_Handler
                0x0001c0c2                ADC_IRQHandler
                0x0001c0c2                SWI3_IRQHandler
                0x0001c0c2                CCM_AAR_IRQHandler
                0x0001c0c2                WDT_IRQHandler
                0x0001c0c2                TIMER2_IRQHandler
                0x0001c0c2                RNG_IRQHandler
                0x0001c0c2                SPI1_TWI1_IRQHandler
                0x0001c0c2                SWI1_IRQHandler
 .text          0x0001c0c4      0x114 c:/ac6/systemworkbench/plugins/fr.ac6.mcu.externaltools.arm-none.win32_1.17.0.201812190825/tools/compiler/bin/../lib/gcc/arm-none-eabi/7.3.1/thumb/v6-m\libgcc.a(_udivsi3.o)
                0x0001c0c4                __aeabi_uidiv
                0x0001c0c4                __udivsi3
                0x0001c1d0                __aeabi_uidivmod
 .text          0x0001c1d8        0x4 c:/ac6/systemworkbench/plugins/fr.ac6.mcu.externaltools.arm-none.win32_1.17.0.201812190825/tools/compiler/bin/../lib/gcc/arm-none-eabi/7.3.1/thumb/v6-m\libgcc.a(_dvmd_tls.o)
                0x0001c1d8                __aeabi_idiv0
                0x0001c1d8                __aeabi_ldiv0
 .text.memcpy   0x0001c1dc       0x12 c:/ac6/systemworkbench/plugins/fr.ac6.mcu.externaltools.arm-none.win32_1.17.0.201812190825/tools/compiler/bin/../lib/gcc/arm-none-eabi/7.3.1/../../../../arm-none-eabi/lib/thumb/v6-m\libc_nano.a(lib_a-memcpy-stub.o)
                0x0001c1dc                memcpy
 *fill*         0x0001c1ee        0x2 
 .text.printf   0x0001c1f0       0x34 c:/ac6/systemworkbench/plugins/fr.ac6.mcu.externaltools.arm-none.win32_1.17.0.201812190825/tools/compiler/bin/../lib/gcc/arm-none-eabi/7.3.1/../../../../arm-none-eabi/lib/thumb/v6-m\libc_nano.a(lib_a-printf.o)
                0x0001c1f0                iprintf
                0x0001c1f0                printf
 .text          0x0001c224        0xe c:/ac6/systemworkbench/plugins/fr.ac6.mcu.externaltools.arm-none.win32_1.17.0.201812190825/tools/compiler/bin/../lib/gcc/arm-none-eabi/7.3.1/../../../../arm-none-eabi/lib/thumb/v6-m\libc_nano.a(lib_a-strlen.o)
                0x0001c224                strlen
 *fill*         0x0001c232        0x2 
 .text.std      0x0001c234       0x48 c:/ac6/systemworkbench/plugins/fr.ac6.mcu.externaltools.arm-none.win32_1.17.0.201812190825/tools/compiler/bin/../lib/gcc/arm-none-eabi/7.3.1/../../../../arm-none-eabi/lib/thumb/v6-m\libc_nano.a(lib_a-findfp.o)
 .text._cleanup_r
                0x0001c27c       0x10 c:/ac6/systemworkbench/plugins/fr.ac6.mcu.externaltools.arm-none.win32_1.17.0.201812190825/tools/compiler/bin/../lib/gcc/arm-none-eabi/7.3.1/../../../../arm-none-eabi/lib/thumb/v6-m\libc_nano.a(lib_a-findfp.o)
                0x0001c27c                _cleanup_r
 .text.__sfmoreglue
                0x0001c28c       0x2c c:/ac6/systemworkbench/plugins/fr.ac6.mcu.externaltools.arm-none.win32_1.17.0.201812190825/tools/compiler/bin/../lib/gcc/arm-none-eabi/7.3.1/../../../../arm-none-eabi/lib/thumb/v6-m\libc_nano.a(lib_a-findfp.o)
                0x0001c28c                __sfmoreglue
 .text.__sinit  0x0001c2b8       0x68 c:/ac6/systemworkbench/plugins/fr.ac6.mcu.externaltools.arm-none.win32_1.17.0.201812190825/tools/compiler/bin/../lib/gcc/arm-none-eabi/7.3.1/../../../../arm-none-eabi/lib/thumb/v6-m\libc_nano.a(lib_a-findfp.o)
                0x0001c2b8                __sinit
 .text.__sfp    0x0001c320       0x7c c:/ac6/systemworkbench/plugins/fr.ac6.mcu.externaltools.arm-none.win32_1.17.0.201812190825/tools/compiler/bin/../lib/gcc/arm-none-eabi/7.3.1/../../../../arm-none-eabi/lib/thumb/v6-m\libc_nano.a(lib_a-findfp.o)
                0x0001c320                __sfp
 .text._fwalk_reent
                0x0001c39c       0x42 c:/ac6/systemworkbench/plugins/fr.ac6.mcu.externaltools.arm-none.win32_1.17.0.201812190825/tools/compiler/bin/../lib/gcc/arm-none-eabi/7.3.1/../../../../arm-none-eabi/lib/thumb/v6-m\libc_nano.a(lib_a-fwalk.o)
                0x0001c39c                _fwalk_reent
 *fill*         0x0001c3de        0x2 
 .text._malloc_r
                0x0001c3e0       0xbc c:/ac6/systemworkbench/plugins/fr.ac6.mcu.externaltools.arm-none.win32_1.17.0.201812190825/tools/compiler/bin/../lib/gcc/arm-none-eabi/7.3.1/../../../../arm-none-eabi/lib/thumb/v6-m\libc_nano.a(lib_a-nano-mallocr.o)
                0x0001c3e0                _malloc_r
 .text.__sfputc_r
                0x0001c49c       0x2a c:/ac6/systemworkbench/plugins/fr.ac6.mcu.externaltools.arm-none.win32_1.17.0.201812190825/tools/compiler/bin/../lib/gcc/arm-none-eabi/7.3.1/../../../../arm-none-eabi/lib/thumb/v6-m\libc_nano.a(lib_a-nano-vfprintf.o)
 .text.__sfputs_r
                0x0001c4c6       0x24 c:/ac6/systemworkbench/plugins/fr.ac6.mcu.externaltools.arm-none.win32_1.17.0.201812190825/tools/compiler/bin/../lib/gcc/arm-none-eabi/7.3.1/../../../../arm-none-eabi/lib/thumb/v6-m\libc_nano.a(lib_a-nano-vfprintf.o)
                0x0001c4c6                __sfputs_r
 *fill*         0x0001c4ea        0x2 
 .text._vfprintf_r
                0x0001c4ec      0x22c c:/ac6/systemworkbench/plugins/fr.ac6.mcu.externaltools.arm-none.win32_1.17.0.201812190825/tools/compiler/bin/../lib/gcc/arm-none-eabi/7.3.1/../../../../arm-none-eabi/lib/thumb/v6-m\libc_nano.a(lib_a-nano-vfprintf.o)
                0x0001c4ec                _vfprintf_r
                0x0001c4ec                _vfiprintf_r
 .text._printf_common
                0x0001c718       0xda c:/ac6/systemworkbench/plugins/fr.ac6.mcu.externaltools.arm-none.win32_1.17.0.201812190825/tools/compiler/bin/../lib/gcc/arm-none-eabi/7.3.1/../../../../arm-none-eabi/lib/thumb/v6-m\libc_nano.a(lib_a-nano-vfprintf_i.o)
                0x0001c718                _printf_common
 *fill*         0x0001c7f2        0x2 
 .text._printf_i
                0x0001c7f4      0x210 c:/ac6/systemworkbench/plugins/fr.ac6.mcu.externaltools.arm-none.win32_1.17.0.201812190825/tools/compiler/bin/../lib/gcc/arm-none-eabi/7.3.1/../../../../arm-none-eabi/lib/thumb/v6-m\libc_nano.a(lib_a-nano-vfprintf_i.o)
                0x0001c7f4                _printf_i
 .text._sbrk_r  0x0001ca04       0x24 c:/ac6/systemworkbench/plugins/fr.ac6.mcu.externaltools.arm-none.win32_1.17.0.201812190825/tools/compiler/bin/../lib/gcc/arm-none-eabi/7.3.1/../../../../arm-none-eabi/lib/thumb/v6-m\libc_nano.a(lib_a-sbrkr.o)
                0x0001ca04                _sbrk_r
 .text.__sread  0x0001ca28       0x28 c:/ac6/systemworkbench/plugins/fr.ac6.mcu.externaltools.arm-none.win32_1.17.0.201812190825/tools/compiler/bin/../lib/gcc/arm-none-eabi/7.3.1/../../../../arm-none-eabi/lib/thumb/v6-m\libc_nano.a(lib_a-stdio.o)
                0x0001ca28                __sread
 .text.__swrite
                0x0001ca50       0x38 c:/ac6/systemworkbench/plugins/fr.ac6.mcu.externaltools.arm-none.win32_1.17.0.201812190825/tools/compiler/bin/../lib/gcc/arm-none-eabi/7.3.1/../../../../arm-none-eabi/lib/thumb/v6-m\libc_nano.a(lib_a-stdio.o)
                0x0001ca50                __swrite
 .text.__sseek  0x0001ca88       0x2c c:/ac6/systemworkbench/plugins/fr.ac6.mcu.externaltools.arm-none.win32_1.17.0.201812190825/tools/compiler/bin/../lib/gcc/arm-none-eabi/7.3.1/../../../../arm-none-eabi/lib/thumb/v6-m\libc_nano.a(lib_a-stdio.o)
                0x0001ca88                __sseek
 .text.__sclose
                0x0001cab4        0xc c:/ac6/systemworkbench/plugins/fr.ac6.mcu.externaltools.arm-none.win32_1.17.0.201812190825/tools/compiler/bin/../lib/gcc/arm-none-eabi/7.3.1/../../../../arm-none-eabi/lib/thumb/v6-m\libc_nano.a(lib_a-stdio.o)
                0x0001cab4                __sclose
 .text.__swbuf_r
                0x0001cac0       0xac c:/ac6/systemworkbench/plugins/fr.ac6.mcu.externaltools.arm-none.win32_1.17.0.201812190825/tools/compiler/bin/../lib/gcc/arm-none-eabi/7.3.1/../../../../arm-none-eabi/lib/thumb/v6-m\libc_nano.a(lib_a-wbuf.o)
                0x0001cac0                __swbuf_r
 .text._write_r
                0x0001cb6c       0x28 c:/ac6/systemworkbench/plugins/fr.ac6.mcu.externaltools.arm-none.win32_1.17.0.201812190825/tools/compiler/bin/../lib/gcc/arm-none-eabi/7.3.1/../../../../arm-none-eabi/lib/thumb/v6-m\libc_nano.a(lib_a-writer.o)
                0x0001cb6c                _write_r
 .text.__swsetup_r
                0x0001cb94       0xec c:/ac6/systemworkbench/plugins/fr.ac6.mcu.externaltools.arm-none.win32_1.17.0.201812190825/tools/compiler/bin/../lib/gcc/arm-none-eabi/7.3.1/../../../../arm-none-eabi/lib/thumb/v6-m\libc_nano.a(lib_a-wsetup.o)
                0x0001cb94                __swsetup_r
 .text._close_r
                0x0001cc80       0x24 c:/ac6/systemworkbench/plugins/fr.ac6.mcu.externaltools.arm-none.win32_1.17.0.201812190825/tools/compiler/bin/../lib/gcc/arm-none-eabi/7.3.1/../../../../arm-none-eabi/lib/thumb/v6-m\libc_nano.a(lib_a-closer.o)
                0x0001cc80                _close_r
 .text.__sflush_r
                0x0001cca4      0x114 c:/ac6/systemworkbench/plugins/fr.ac6.mcu.externaltools.arm-none.win32_1.17.0.201812190825/tools/compiler/bin/../lib/gcc/arm-none-eabi/7.3.1/../../../../arm-none-eabi/lib/thumb/v6-m\libc_nano.a(lib_a-fflush.o)
                0x0001cca4                __sflush_r
 .text._fflush_r
                0x0001cdb8       0x58 c:/ac6/systemworkbench/plugins/fr.ac6.mcu.externaltools.arm-none.win32_1.17.0.201812190825/tools/compiler/bin/../lib/gcc/arm-none-eabi/7.3.1/../../../../arm-none-eabi/lib/thumb/v6-m\libc_nano.a(lib_a-fflush.o)
                0x0001cdb8                _fflush_r
 .text._lseek_r
                0x0001ce10       0x28 c:/ac6/systemworkbench/plugins/fr.ac6.mcu.externaltools.arm-none.win32_1.17.0.201812190825/tools/compiler/bin/../lib/gcc/arm-none-eabi/7.3.1/../../../../arm-none-eabi/lib/thumb/v6-m\libc_nano.a(lib_a-lseekr.o)
                0x0001ce10                _lseek_r
 .text.__swhatbuf_r
                0x0001ce38       0x50 c:/ac6/systemworkbench/plugins/fr.ac6.mcu.externaltools.arm-none.win32_1.17.0.201812190825/tools/compiler/bin/../lib/gcc/arm-none-eabi/7.3.1/../../../../arm-none-eabi/lib/thumb/v6-m\libc_nano.a(lib_a-makebuf.o)
                0x0001ce38                __swhatbuf_r
 .text.__smakebuf_r
                0x0001ce88       0x88 c:/ac6/systemworkbench/plugins/fr.ac6.mcu.externaltools.arm-none.win32_1.17.0.201812190825/tools/compiler/bin/../lib/gcc/arm-none-eabi/7.3.1/../../../../arm-none-eabi/lib/thumb/v6-m\libc_nano.a(lib_a-makebuf.o)
                0x0001ce88                __smakebuf_r
 .text.memchr   0x0001cf10       0x16 c:/ac6/systemworkbench/plugins/fr.ac6.mcu.externaltools.arm-none.win32_1.17.0.201812190825/tools/compiler/bin/../lib/gcc/arm-none-eabi/7.3.1/../../../../arm-none-eabi/lib/thumb/v6-m\libc_nano.a(lib_a-memchr-stub.o)
                0x0001cf10                memchr
 .text.__malloc_lock
                0x0001cf26        0x2 c:/ac6/systemworkbench/plugins/fr.ac6.mcu.externaltools.arm-none.win32_1.17.0.201812190825/tools/compiler/bin/../lib/gcc/arm-none-eabi/7.3.1/../../../../arm-none-eabi/lib/thumb/v6-m\libc_nano.a(lib_a-mlock.o)
                0x0001cf26                __malloc_lock
 .text.__malloc_unlock
                0x0001cf28        0x2 c:/ac6/systemworkbench/plugins/fr.ac6.mcu.externaltools.arm-none.win32_1.17.0.201812190825/tools/compiler/bin/../lib/gcc/arm-none-eabi/7.3.1/../../../../arm-none-eabi/lib/thumb/v6-m\libc_nano.a(lib_a-mlock.o)
                0x0001cf28                __malloc_unlock
 *fill*         0x0001cf2a        0x2 
 .text._free_r  0x0001cf2c       0x94 c:/ac6/systemworkbench/plugins/fr.ac6.mcu.externaltools.arm-none.win32_1.17.0.201812190825/tools/compiler/bin/../lib/gcc/arm-none-eabi/7.3.1/../../../../arm-none-eabi/lib/thumb/v6-m\libc_nano.a(lib_a-nano-freer.o)
                0x0001cf2c                _free_r
 .text._read_r  0x0001cfc0       0x28 c:/ac6/systemworkbench/plugins/fr.ac6.mcu.externaltools.arm-none.win32_1.17.0.201812190825/tools/compiler/bin/../lib/gcc/arm-none-eabi/7.3.1/../../../../arm-none-eabi/lib/thumb/v6-m\libc_nano.a(lib_a-readr.o)
                0x0001cfc0                _read_r
 .text._fstat_r
                0x0001cfe8       0x24 c:/ac6/systemworkbench/plugins/fr.ac6.mcu.externaltools.arm-none.win32_1.17.0.201812190825/tools/compiler/bin/../lib/gcc/arm-none-eabi/7.3.1/../../../../arm-none-eabi/lib/thumb/v6-m\libc_nano.a(lib_a-fstatr.o)
                0x0001cfe8                _fstat_r
 .text._isatty_r
                0x0001d00c       0x24 c:/ac6/systemworkbench/plugins/fr.ac6.mcu.externaltools.arm-none.win32_1.17.0.201812190825/tools/compiler/bin/../lib/gcc/arm-none-eabi/7.3.1/../../../../arm-none-eabi/lib/thumb/v6-m\libc_nano.a(lib_a-isattyr.o)
                0x0001d00c                _isatty_r
 .text._close   0x0001d030       0x10 c:/ac6/systemworkbench/plugins/fr.ac6.mcu.externaltools.arm-none.win32_1.17.0.201812190825/tools/compiler/bin/../lib/gcc/arm-none-eabi/7.3.1/../../../../arm-none-eabi/lib/thumb/v6-m\libnosys.a(close.o)
                0x0001d030                _close
 .text._fstat   0x0001d040       0x10 c:/ac6/systemworkbench/plugins/fr.ac6.mcu.externaltools.arm-none.win32_1.17.0.201812190825/tools/compiler/bin/../lib/gcc/arm-none-eabi/7.3.1/../../../../arm-none-eabi/lib/thumb/v6-m\libnosys.a(fstat.o)
                0x0001d040                _fstat
 .text._isatty  0x0001d050       0x10 c:/ac6/systemworkbench/plugins/fr.ac6.mcu.externaltools.arm-none.win32_1.17.0.201812190825/tools/compiler/bin/../lib/gcc/arm-none-eabi/7.3.1/../../../../arm-none-eabi/lib/thumb/v6-m\libnosys.a(isatty.o)
                0x0001d050                _isatty
 .text._lseek   0x0001d060       0x10 c:/ac6/systemworkbench/plugins/fr.ac6.mcu.externaltools.arm-none.win32_1.17.0.201812190825/tools/compiler/bin/../lib/gcc/arm-none-eabi/7.3.1/../../../../arm-none-eabi/lib/thumb/v6-m\libnosys.a(lseek.o)
                0x0001d060                _lseek
 .text._sbrk    0x0001d070       0x1c c:/ac6/systemworkbench/plugins/fr.ac6.mcu.externaltools.arm-none.win32_1.17.0.201812190825/tools/compiler/bin/../lib/gcc/arm-none-eabi/7.3.1/../../../../arm-none-eabi/lib/thumb/v6-m\libnosys.a(sbrk.o)
                0x0001d070                _sbrk
 *(.init)
 .init          0x0001d08c        0x4 c:/ac6/systemworkbench/plugins/fr.ac6.mcu.externaltools.arm-none.win32_1.17.0.201812190825/tools/compiler/bin/../lib/gcc/arm-none-eabi/7.3.1/thumb/v6-m/crti.o
                0x0001d08c                _init
 .init          0x0001d090        0x8 c:/ac6/systemworkbench/plugins/fr.ac6.mcu.externaltools.arm-none.win32_1.17.0.201812190825/tools/compiler/bin/../lib/gcc/arm-none-eabi/7.3.1/thumb/v6-m/crtn.o
 *(.fini)
 .fini          0x0001d098        0x4 c:/ac6/systemworkbench/plugins/fr.ac6.mcu.externaltools.arm-none.win32_1.17.0.201812190825/tools/compiler/bin/../lib/gcc/arm-none-eabi/7.3.1/thumb/v6-m/crti.o
                0x0001d098                _fini
 .fini          0x0001d09c        0x8 c:/ac6/systemworkbench/plugins/fr.ac6.mcu.externaltools.arm-none.win32_1.17.0.201812190825/tools/compiler/bin/../lib/gcc/arm-none-eabi/7.3.1/thumb/v6-m/crtn.o
 *crtbegin.o(.ctors)
 *crtbegin?.o(.ctors)
 *(EXCLUDE_FILE(*crtend.o *crtend?.o) .ctors)
 *(SORT_BY_NAME(.ctors.*))
 *(.ctors)
 *crtbegin.o(.dtors)
 *crtbegin?.o(.dtors)
 *(EXCLUDE_FILE(*crtend.o *crtend?.o) .dtors)
 *(SORT_BY_NAME(.dtors.*))
 *(.dtors)
 *(.rodata*)
 .rodata._global_impure_ptr
                0x0001d0a4        0x4 c:/ac6/systemworkbench/plugins/fr.ac6.mcu.externaltools.arm-none.win32_1.17.0.201812190825/tools/compiler/bin/../lib/gcc/arm-none-eabi/7.3.1/../../../../arm-none-eabi/lib/thumb/v6-m\libc_nano.a(lib_a-impure.o)
                0x0001d0a4                _global_impure_ptr
 .rodata.leds_timer_handler
                0x0001d0a8       0x60 _build/bsp.o
 .rodata.bsp_indication_set
                0x0001d108       0x60 _build/bsp.o
 .rodata.app_buttons
                0x0001d168       0x10 _build/bsp.o
 .rodata.m_buttons_list
                0x0001d178        0x8 _build/bsp.o
 .rodata        0x0001d180        0xc _build/main.o
 .rodata.main.str1.4
                0x0001d18c       0x1c _build/main.o
                                 0x1a (size before relaxing)
 .rodata        0x0001d1a8       0x10 _build/ble_nus.o
 .rodata.__sf_fake_stderr
                0x0001d1b8       0x20 c:/ac6/systemworkbench/plugins/fr.ac6.mcu.externaltools.arm-none.win32_1.17.0.201812190825/tools/compiler/bin/../lib/gcc/arm-none-eabi/7.3.1/../../../../arm-none-eabi/lib/thumb/v6-m\libc_nano.a(lib_a-findfp.o)
                0x0001d1b8                __sf_fake_stderr
 .rodata.__sf_fake_stdin
                0x0001d1d8       0x20 c:/ac6/systemworkbench/plugins/fr.ac6.mcu.externaltools.arm-none.win32_1.17.0.201812190825/tools/compiler/bin/../lib/gcc/arm-none-eabi/7.3.1/../../../../arm-none-eabi/lib/thumb/v6-m\libc_nano.a(lib_a-findfp.o)
                0x0001d1d8                __sf_fake_stdin
 .rodata.__sf_fake_stdout
                0x0001d1f8       0x20 c:/ac6/systemworkbench/plugins/fr.ac6.mcu.externaltools.arm-none.win32_1.17.0.201812190825/tools/compiler/bin/../lib/gcc/arm-none-eabi/7.3.1/../../../../arm-none-eabi/lib/thumb/v6-m\libc_nano.a(lib_a-findfp.o)
                0x0001d1f8                __sf_fake_stdout
 .rodata._vfprintf_r.str1.1
                0x0001d218       0x11 c:/ac6/systemworkbench/plugins/fr.ac6.mcu.externaltools.arm-none.win32_1.17.0.201812190825/tools/compiler/bin/../lib/gcc/arm-none-eabi/7.3.1/../../../../arm-none-eabi/lib/thumb/v6-m\libc_nano.a(lib_a-nano-vfprintf.o)
 .rodata._printf_i.str1.1
                0x0001d229       0x22 c:/ac6/systemworkbench/plugins/fr.ac6.mcu.externaltools.arm-none.win32_1.17.0.201812190825/tools/compiler/bin/../lib/gcc/arm-none-eabi/7.3.1/../../../../arm-none-eabi/lib/thumb/v6-m\libc_nano.a(lib_a-nano-vfprintf_i.o)
 *(.eh_frame*)
                0x0001d24c                . = ALIGN (0x4)
 *fill*         0x0001d24b        0x1 

.glue_7         0x0001d24c        0x0
 .glue_7        0x0001d24c        0x0 linker stubs

.glue_7t        0x0001d24c        0x0
 .glue_7t       0x0001d24c        0x0 linker stubs

.vfp11_veneer   0x0001d24c        0x0
 .vfp11_veneer  0x0001d24c        0x0 linker stubs

.v4_bx          0x0001d24c        0x0
 .v4_bx         0x0001d24c        0x0 linker stubs

.iplt           0x0001d24c        0x0
 .iplt          0x0001d24c        0x0 c:/ac6/systemworkbench/plugins/fr.ac6.mcu.externaltools.arm-none.win32_1.17.0.201812190825/tools/compiler/bin/../lib/gcc/arm-none-eabi/7.3.1/../../../../arm-none-eabi/lib/thumb/v6-m/crt0.o

.ARM.extab      0x0001d24c        0x0
 *(.ARM.extab* .gnu.linkonce.armextab.*)
                0x0001d24c                . = ALIGN (0x4)
                0x0001d24c                __exidx_start = .

.ARM.exidx      0x0001d24c        0x8
 *(.ARM.exidx* .gnu.linkonce.armexidx.*)
 .ARM.exidx     0x0001d24c        0x8 c:/ac6/systemworkbench/plugins/fr.ac6.mcu.externaltools.arm-none.win32_1.17.0.201812190825/tools/compiler/bin/../lib/gcc/arm-none-eabi/7.3.1/../../../../arm-none-eabi/lib/thumb/v6-m/crt0.o
 .ARM.exidx     0x0001d254        0x0 _build/gcc_startup_nrf51.o
                                  0x8 (size before relaxing)
                0x0001d254                . = ALIGN (0x4)
                0x0001d254                __exidx_end = .
                0x0001d254                __etext = .

.rel.dyn        0x0001d254        0x0
 .rel.iplt      0x0001d254        0x0 c:/ac6/systemworkbench/plugins/fr.ac6.mcu.externaltools.arm-none.win32_1.17.0.201812190825/tools/compiler/bin/../lib/gcc/arm-none-eabi/7.3.1/../../../../arm-none-eabi/lib/thumb/v6-m/crt0.o

.data           0x20002000       0x70 load address 0x0001d254
                0x20002000                __data_start__ = .
 *(vtable)
 *(.data*)
 .data._impure_ptr
                0x20002000        0x4 c:/ac6/systemworkbench/plugins/fr.ac6.mcu.externaltools.arm-none.win32_1.17.0.201812190825/tools/compiler/bin/../lib/gcc/arm-none-eabi/7.3.1/../../../../arm-none-eabi/lib/thumb/v6-m\libc_nano.a(lib_a-impure.o)
                0x20002000                _impure_ptr
 .data.impure_data
                0x20002004       0x60 c:/ac6/systemworkbench/plugins/fr.ac6.mcu.externaltools.arm-none.win32_1.17.0.201812190825/tools/compiler/bin/../lib/gcc/arm-none-eabi/7.3.1/../../../../arm-none-eabi/lib/thumb/v6-m\libc_nano.a(lib_a-impure.o)
 .data.m_instance_counter
                0x20002064        0x1 _build/app_uart_fifo.o
 *fill*         0x20002065        0x3 
 .data.m_adv_uuids
                0x20002068        0x4 _build/main.o
 .data.m_conn_handle
                0x2000206c        0x2 _build/main.o
 .data.current_slave_link_conn_handle.7279
                0x2000206e        0x2 _build/ble_advertising.o
                0x20002070                . = ALIGN (0x4)
                0x20002070                PROVIDE (__preinit_array_start = .)
 *(.preinit_array)
                0x20002070                PROVIDE (__preinit_array_end = .)
                0x20002070                . = ALIGN (0x4)
                0x20002070                PROVIDE (__init_array_start = .)
 *(SORT_BY_NAME(.init_array.*))
 *(.init_array)
                0x20002070                PROVIDE (__init_array_end = .)
                0x20002070                . = ALIGN (0x4)
                [!provide]                PROVIDE (__fini_array_start = .)
 *(SORT_BY_NAME(.fini_array.*))
 *(.fini_array)
                [!provide]                PROVIDE (__fini_array_end = .)
 *(.jcr)
                0x20002070                . = ALIGN (0x4)
                0x20002070                __data_end__ = .

.igot.plt       0x20002070        0x0 load address 0x0001d2c4
 .igot.plt      0x20002070        0x0 c:/ac6/systemworkbench/plugins/fr.ac6.mcu.externaltools.arm-none.win32_1.17.0.201812190825/tools/compiler/bin/../lib/gcc/arm-none-eabi/7.3.1/../../../../arm-none-eabi/lib/thumb/v6-m/crt0.o

.bss            0x20002070      0x844 load address 0x0001d2c4
                0x20002070                . = ALIGN (0x4)
                0x20002070                __bss_start__ = .
 *(.bss*)
 .bss.m_button_count
                0x20002070        0x1 _build/app_button.o
 *fill*         0x20002071        0x3 
 .bss.m_detection_delay
                0x20002074        0x4 _build/app_button.o
 .bss.m_detection_delay_timer_id
                0x20002078        0x4 _build/app_button.o
 .bss.m_pin_state
                0x2000207c        0x4 _build/app_button.o
 .bss.m_pin_transition
                0x20002080        0x4 _build/app_button.o
 .bss.mp_buttons
                0x20002084        0x4 _build/app_button.o
 .bss.m_evt_schedule_func
                0x20002088        0x4 _build/app_timer.o
 .bss.m_node_array_size
                0x2000208c        0x1 _build/app_timer.o
 .bss.m_rtc1_reset
                0x2000208d        0x1 _build/app_timer.o
 .bss.m_rtc1_running
                0x2000208e        0x1 _build/app_timer.o
 *fill*         0x2000208f        0x1 
 .bss.m_ticks_elapsed
                0x20002090        0x8 _build/app_timer.o
 .bss.m_ticks_elapsed_q_read_ind
                0x20002098        0x1 _build/app_timer.o
 .bss.m_ticks_elapsed_q_write_ind
                0x20002099        0x1 _build/app_timer.o
 *fill*         0x2000209a        0x2 
 .bss.m_ticks_latest
                0x2000209c        0x4 _build/app_timer.o
 .bss.m_timer_id_head
                0x200020a0        0x4 _build/app_timer.o
 .bss.m_user_array_size
                0x200020a4        0x1 _build/app_timer.o
 *fill*         0x200020a5        0x3 
 .bss.mp_nodes  0x200020a8        0x4 _build/app_timer.o
 .bss.mp_users  0x200020ac        0x4 _build/app_timer.o
 .bss.m_current_state
                0x200020b0        0x1 _build/app_uart_fifo.o
 *fill*         0x200020b1        0x3 
 .bss.m_event_handler
                0x200020b4        0x4 _build/app_uart_fifo.o
 .bss.m_rx_fifo
                0x200020b8       0x10 _build/app_uart_fifo.o
 .bss.m_tx_fifo
                0x200020c8       0x10 _build/app_uart_fifo.o
 .bss.m_cb      0x200020d8       0x54 _build/nrf_drv_gpiote.o
 .bss.m_cmd_queue
                0x2000212c       0xcc _build/pstorage.o
 .bss.m_module_initialized
                0x200021f8        0x1 _build/pstorage.o
 .bss.current_long_push_pin_no.6001
                0x200021f9        0x1 _build/bsp.o
 *fill*         0x200021fa        0x2 
 .bss.m_alert_timer_id
                0x200021fc        0x4 _build/bsp.o
 .bss.m_app_ticks_per_100ms
                0x20002200        0x4 _build/bsp.o
 .bss.m_button_timer_id
                0x20002204        0x4 _build/bsp.o
 .bss.m_events_list
                0x20002208        0x6 _build/bsp.o
 *fill*         0x2000220e        0x2 
 .bss.m_indication_type
                0x20002210        0x4 _build/bsp.o
 .bss.m_leds_timer_id
                0x20002214        0x4 _build/bsp.o
 .bss.m_registered_callback
                0x20002218        0x4 _build/bsp.o
 .bss.m_stable_state
                0x2000221c        0x1 _build/bsp.o
 *fill*         0x2000221d        0x3 
 .bss.release_event_at_push.6002
                0x20002220        0x2 _build/bsp.o
 *fill*         0x20002222        0x2 
 .bss.m_error_handler
                0x20002224        0x4 _build/bsp_btn_ble.o
 .bss.m_num_connections
                0x20002228        0x4 _build/bsp_btn_ble.o
 .bss.APP_TIMER_BUF.8282
                0x2000222c      0x290 _build/main.o
 .bss.BLE_EVT_BUFFER.8217
                0x200024bc       0x48 _build/main.o
 .bss.data_array.8237
                0x20002504       0x14 _build/main.o
 .bss.index.8238
                0x20002518        0x1 _build/main.o
 *fill*         0x20002519        0x3 
 .bss.m_nus     0x2000251c       0x1c _build/main.o
 .bss.rx_buf.8253
                0x20002538      0x100 _build/main.o
 .bss.tx_buf.8254
                0x20002638      0x100 _build/main.o
 .bss.m_adv_evt
                0x20002738        0x1 _build/ble_advertising.o
 .bss.m_adv_mode_current
                0x20002739        0x1 _build/ble_advertising.o
 *fill*         0x2000273a        0x2 
 .bss.m_adv_modes_config
                0x2000273c       0x20 _build/ble_advertising.o
 .bss.m_advdata
                0x2000275c       0x30 _build/ble_advertising.o
 .bss.m_advertising_start_pending
                0x2000278c        0x1 _build/ble_advertising.o
 .bss.m_direct_adv_cnt
                0x2000278d        0x1 _build/ble_advertising.o
 *fill*         0x2000278e        0x2 
 .bss.m_error_handler
                0x20002790        0x4 _build/ble_advertising.o
 .bss.m_evt_handler
                0x20002794        0x4 _build/ble_advertising.o
 .bss.m_manuf_data_array
                0x20002798       0x1f _build/ble_advertising.o
 *fill*         0x200027b7        0x1 
 .bss.m_manuf_specific_data
                0x200027b8        0xc _build/ble_advertising.o
 .bss.m_peer_addr_reply_expected
                0x200027c4        0x1 _build/ble_advertising.o
 *fill*         0x200027c5        0x3 
 .bss.m_peer_address
                0x200027c8        0x7 _build/ble_advertising.o
 *fill*         0x200027cf        0x1 
 .bss.m_service_data
                0x200027d0        0xc _build/ble_advertising.o
 .bss.m_service_data_array
                0x200027dc       0x1f _build/ble_advertising.o
 *fill*         0x200027fb        0x1 
 .bss.m_slave_conn_int
                0x200027fc        0x4 _build/ble_advertising.o
 .bss.m_tx_power_level
                0x20002800        0x1 _build/ble_advertising.o
 *fill*         0x20002801        0x3 
 .bss.m_whitelist
                0x20002804       0x10 _build/ble_advertising.o
 .bss.m_whitelist_reply_expected
                0x20002814        0x1 _build/ble_advertising.o
 .bss.m_whitelist_temporarily_disabled
                0x20002815        0x1 _build/ble_advertising.o
 *fill*         0x20002816        0x2 
 .bss.mp_whitelist_addr
                0x20002818       0x20 _build/ble_advertising.o
 .bss.mp_whitelist_irk
                0x20002838       0x20 _build/ble_advertising.o
 .bss.m_change_param
                0x20002858        0x1 _build/ble_conn_params.o
 *fill*         0x20002859        0x1 
 .bss.m_conn_handle
                0x2000285a        0x2 _build/ble_conn_params.o
 .bss.m_conn_params_config
                0x2000285c       0x1c _build/ble_conn_params.o
 .bss.m_conn_params_timer_id
                0x20002878        0x4 _build/ble_conn_params.o
 .bss.m_current_conn_params
                0x2000287c        0x8 _build/ble_conn_params.o
 .bss.m_preferred_conn_params
                0x20002884        0x8 _build/ble_conn_params.o
 .bss.m_update_count
                0x2000288c        0x1 _build/ble_conn_params.o
 *fill*         0x2000288d        0x1 
 .bss.m_ble_evt_buffer_size
                0x2000288e        0x2 _build/softdevice_handler.o
 .bss.m_ble_evt_handler
                0x20002890        0x4 _build/softdevice_handler.o
 .bss.m_evt_schedule_func
                0x20002894        0x4 _build/softdevice_handler.o
 .bss.m_softdevice_enabled
                0x20002898        0x1 _build/softdevice_handler.o
 *fill*         0x20002899        0x3 
 .bss.m_sys_evt_handler
                0x2000289c        0x4 _build/softdevice_handler.o
 .bss.mp_ble_evt_buffer
                0x200028a0        0x4 _build/softdevice_handler.o
 .bss.__malloc_free_list
                0x200028a4        0x4 c:/ac6/systemworkbench/plugins/fr.ac6.mcu.externaltools.arm-none.win32_1.17.0.201812190825/tools/compiler/bin/../lib/gcc/arm-none-eabi/7.3.1/../../../../arm-none-eabi/lib/thumb/v6-m\libc_nano.a(lib_a-nano-mallocr.o)
                0x200028a4                __malloc_free_list
 .bss.__malloc_sbrk_start
                0x200028a8        0x4 c:/ac6/systemworkbench/plugins/fr.ac6.mcu.externaltools.arm-none.win32_1.17.0.201812190825/tools/compiler/bin/../lib/gcc/arm-none-eabi/7.3.1/../../../../arm-none-eabi/lib/thumb/v6-m\libc_nano.a(lib_a-nano-mallocr.o)
                0x200028a8                __malloc_sbrk_start
 .bss.heap_end.4102
                0x200028ac        0x4 c:/ac6/systemworkbench/plugins/fr.ac6.mcu.externaltools.arm-none.win32_1.17.0.201812190825/tools/compiler/bin/../lib/gcc/arm-none-eabi/7.3.1/../../../../arm-none-eabi/lib/thumb/v6-m\libnosys.a(sbrk.o)
 *(COMMON)
 COMMON         0x200028b0        0x4 c:/ac6/systemworkbench/plugins/fr.ac6.mcu.externaltools.arm-none.win32_1.17.0.201812190825/tools/compiler/bin/../lib/gcc/arm-none-eabi/7.3.1/../../../../arm-none-eabi/lib/thumb/v6-m\libc_nano.a(lib_a-reent.o)
                0x200028b0                errno
                0x200028b4                . = ALIGN (0x4)
                0x200028b4                __bss_end__ = .

.heap           0x200028b8      0x800
                0x200028b8                __end__ = .
                0x200028b8                end = __end__
 *(.heap*)
 .heap          0x200028b8      0x800 _build/gcc_startup_nrf51.o
                0x200028b8                __HeapBase
                0x200030b8                __HeapLimit = .

.stack_dummy    0x200028b8      0x800
 *(.stack*)
 .stack         0x200028b8      0x800 _build/gcc_startup_nrf51.o
                0x20004000                __StackTop = (ORIGIN (RAM) + LENGTH (RAM))
                0x20003800                __StackLimit = (__StackTop - SIZEOF (.stack_dummy))
                0x20004000                PROVIDE (__stack = __StackTop)
                0x00000001                ASSERT ((__StackLimit >= __HeapLimit), region RAM overflowed with stack)
OUTPUT(_build/nrf51422_xxac_s130.out elf32-littlearm)

.ARM.attributes
                0x00000000       0x28
 .ARM.attributes
                0x00000000       0x1e c:/ac6/systemworkbench/plugins/fr.ac6.mcu.externaltools.arm-none.win32_1.17.0.201812190825/tools/compiler/bin/../lib/gcc/arm-none-eabi/7.3.1/thumb/v6-m/crti.o
 .ARM.attributes
                0x0000001e       0x1b c:/ac6/systemworkbench/plugins/fr.ac6.mcu.externaltools.arm-none.win32_1.17.0.201812190825/tools/compiler/bin/../lib/gcc/arm-none-eabi/7.3.1/../../../../arm-none-eabi/lib/thumb/v6-m/crt0.o
 .ARM.attributes
                0x00000039       0x2c c:/ac6/systemworkbench/plugins/fr.ac6.mcu.externaltools.arm-none.win32_1.17.0.201812190825/tools/compiler/bin/../lib/gcc/arm-none-eabi/7.3.1/../../../../arm-none-eabi/lib/thumb/v6-m\libc_nano.a(lib_a-exit.o)
 .ARM.attributes
                0x00000065       0x2c c:/ac6/systemworkbench/plugins/fr.ac6.mcu.externaltools.arm-none.win32_1.17.0.201812190825/tools/compiler/bin/../lib/gcc/arm-none-eabi/7.3.1/../../../../arm-none-eabi/lib/thumb/v6-m\libc_nano.a(lib_a-impure.o)
 .ARM.attributes
                0x00000091       0x2c c:/ac6/systemworkbench/plugins/fr.ac6.mcu.externaltools.arm-none.win32_1.17.0.201812190825/tools/compiler/bin/../lib/gcc/arm-none-eabi/7.3.1/../../../../arm-none-eabi/lib/thumb/v6-m\libc_nano.a(lib_a-init.o)
 .ARM.attributes
                0x000000bd       0x2c c:/ac6/systemworkbench/plugins/fr.ac6.mcu.externaltools.arm-none.win32_1.17.0.201812190825/tools/compiler/bin/../lib/gcc/arm-none-eabi/7.3.1/../../../../arm-none-eabi/lib/thumb/v6-m\libc_nano.a(lib_a-memset.o)
 .ARM.attributes
                0x000000e9       0x2c c:/ac6/systemworkbench/plugins/fr.ac6.mcu.externaltools.arm-none.win32_1.17.0.201812190825/tools/compiler/bin/../lib/gcc/arm-none-eabi/7.3.1/../../../../arm-none-eabi/lib/thumb/v6-m\libnosys.a(_exit.o)
 .ARM.attributes
                0x00000115       0x31 _build/app_button.o
 .ARM.attributes
                0x00000146       0x31 _build/app_error.o
 .ARM.attributes
                0x00000177       0x31 _build/app_fifo.o
 .ARM.attributes
                0x000001a8       0x31 _build/app_timer.o
 .ARM.attributes
                0x000001d9       0x31 _build/retarget.o
 .ARM.attributes
                0x0000020a       0x31 _build/app_uart_fifo.o
 .ARM.attributes
                0x0000023b       0x31 _build/nrf_drv_common.o
 .ARM.attributes
                0x0000026c       0x31 _build/nrf_drv_gpiote.o
 .ARM.attributes
                0x0000029d       0x31 _build/pstorage.o
 .ARM.attributes
                0x000002ce       0x31 _build/bsp.o
 .ARM.attributes
                0x000002ff       0x31 _build/bsp_btn_ble.o
 .ARM.attributes
                0x00000330       0x31 _build/main.o
 .ARM.attributes
                0x00000361       0x31 _build/ble_advdata.o
 .ARM.attributes
                0x00000392       0x31 _build/ble_advertising.o
 .ARM.attributes
                0x000003c3       0x31 _build/ble_conn_params.o
 .ARM.attributes
                0x000003f4       0x31 _build/ble_nus.o
 .ARM.attributes
                0x00000425       0x31 _build/system_nrf51.o
 .ARM.attributes
                0x00000456       0x31 _build/softdevice_handler.o
 .ARM.attributes
                0x00000487       0x1b _build/gcc_startup_nrf51.o
 .ARM.attributes
                0x000004a2       0x1e c:/ac6/systemworkbench/plugins/fr.ac6.mcu.externaltools.arm-none.win32_1.17.0.201812190825/tools/compiler/bin/../lib/gcc/arm-none-eabi/7.3.1/thumb/v6-m\libgcc.a(_udivsi3.o)
 .ARM.attributes
                0x000004c0       0x1e c:/ac6/systemworkbench/plugins/fr.ac6.mcu.externaltools.arm-none.win32_1.17.0.201812190825/tools/compiler/bin/../lib/gcc/arm-none-eabi/7.3.1/thumb/v6-m\libgcc.a(_dvmd_tls.o)
 .ARM.attributes
                0x000004de       0x2c c:/ac6/systemworkbench/plugins/fr.ac6.mcu.externaltools.arm-none.win32_1.17.0.201812190825/tools/compiler/bin/../lib/gcc/arm-none-eabi/7.3.1/../../../../arm-none-eabi/lib/thumb/v6-m\libc_nano.a(lib_a-memcpy-stub.o)
 .ARM.attributes
                0x0000050a       0x2c c:/ac6/systemworkbench/plugins/fr.ac6.mcu.externaltools.arm-none.win32_1.17.0.201812190825/tools/compiler/bin/../lib/gcc/arm-none-eabi/7.3.1/../../../../arm-none-eabi/lib/thumb/v6-m\libc_nano.a(lib_a-printf.o)
 .ARM.attributes
                0x00000536       0x1c c:/ac6/systemworkbench/plugins/fr.ac6.mcu.externaltools.arm-none.win32_1.17.0.201812190825/tools/compiler/bin/../lib/gcc/arm-none-eabi/7.3.1/../../../../arm-none-eabi/lib/thumb/v6-m\libc_nano.a(lib_a-strlen.o)
 .ARM.attributes
                0x00000552       0x2c c:/ac6/systemworkbench/plugins/fr.ac6.mcu.externaltools.arm-none.win32_1.17.0.201812190825/tools/compiler/bin/../lib/gcc/arm-none-eabi/7.3.1/../../../../arm-none-eabi/lib/thumb/v6-m\libc_nano.a(lib_a-findfp.o)
 .ARM.attributes
                0x0000057e       0x2c c:/ac6/systemworkbench/plugins/fr.ac6.mcu.externaltools.arm-none.win32_1.17.0.201812190825/tools/compiler/bin/../lib/gcc/arm-none-eabi/7.3.1/../../../../arm-none-eabi/lib/thumb/v6-m\libc_nano.a(lib_a-fwalk.o)
 .ARM.attributes
                0x000005aa       0x2c c:/ac6/systemworkbench/plugins/fr.ac6.mcu.externaltools.arm-none.win32_1.17.0.201812190825/tools/compiler/bin/../lib/gcc/arm-none-eabi/7.3.1/../../../../arm-none-eabi/lib/thumb/v6-m\libc_nano.a(lib_a-nano-mallocr.o)
 .ARM.attributes
                0x000005d6       0x2c c:/ac6/systemworkbench/plugins/fr.ac6.mcu.externaltools.arm-none.win32_1.17.0.201812190825/tools/compiler/bin/../lib/gcc/arm-none-eabi/7.3.1/../../../../arm-none-eabi/lib/thumb/v6-m\libc_nano.a(lib_a-nano-vfprintf.o)
 .ARM.attributes
                0x00000602       0x2c c:/ac6/systemworkbench/plugins/fr.ac6.mcu.externaltools.arm-none.win32_1.17.0.201812190825/tools/compiler/bin/../lib/gcc/arm-none-eabi/7.3.1/../../../../arm-none-eabi/lib/thumb/v6-m\libc_nano.a(lib_a-nano-vfprintf_i.o)
 .ARM.attributes
                0x0000062e       0x2c c:/ac6/systemworkbench/plugins/fr.ac6.mcu.externaltools.arm-none.win32_1.17.0.201812190825/tools/compiler/bin/../lib/gcc/arm-none-eabi/7.3.1/../../../../arm-none-eabi/lib/thumb/v6-m\libc_nano.a(lib_a-sbrkr.o)
 .ARM.attributes
                0x0000065a       0x2c c:/ac6/systemworkbench/plugins/fr.ac6.mcu.externaltools.arm-none.win32_1.17.0.201812190825/tools/compiler/bin/../lib/gcc/arm-none-eabi/7.3.1/../../../../arm-none-eabi/lib/thumb/v6-m\libc_nano.a(lib_a-stdio.o)
 .ARM.attributes
                0x00000686       0x2c c:/ac6/systemworkbench/plugins/fr.ac6.mcu.externaltools.arm-none.win32_1.17.0.201812190825/tools/compiler/bin/../lib/gcc/arm-none-eabi/7.3.1/../../../../arm-none-eabi/lib/thumb/v6-m\libc_nano.a(lib_a-wbuf.o)
 .ARM.attributes
                0x000006b2       0x2c c:/ac6/systemworkbench/plugins/fr.ac6.mcu.externaltools.arm-none.win32_1.17.0.201812190825/tools/compiler/bin/../lib/gcc/arm-none-eabi/7.3.1/../../../../arm-none-eabi/lib/thumb/v6-m\libc_nano.a(lib_a-writer.o)
 .ARM.attributes
                0x000006de       0x2c c:/ac6/systemworkbench/plugins/fr.ac6.mcu.externaltools.arm-none.win32_1.17.0.201812190825/tools/compiler/bin/../lib/gcc/arm-none-eabi/7.3.1/../../../../arm-none-eabi/lib/thumb/v6-m\libc_nano.a(lib_a-wsetup.o)
 .ARM.attributes
                0x0000070a       0x2c c:/ac6/systemworkbench/plugins/fr.ac6.mcu.externaltools.arm-none.win32_1.17.0.201812190825/tools/compiler/bin/../lib/gcc/arm-none-eabi/7.3.1/../../../../arm-none-eabi/lib/thumb/v6-m\libc_nano.a(lib_a-closer.o)
 .ARM.attributes
                0x00000736       0x2c c:/ac6/systemworkbench/plugins/fr.ac6.mcu.externaltools.arm-none.win32_1.17.0.201812190825/tools/compiler/bin/../lib/gcc/arm-none-eabi/7.3.1/../../../../arm-none-eabi/lib/thumb/v6-m\libc_nano.a(lib_a-fflush.o)
 .ARM.attributes
                0x00000762       0x2c c:/ac6/systemworkbench/plugins/fr.ac6.mcu.externaltools.arm-none.win32_1.17.0.201812190825/tools/compiler/bin/../lib/gcc/arm-none-eabi/7.3.1/../../../../arm-none-eabi/lib/thumb/v6-m\libc_nano.a(lib_a-lseekr.o)
 .ARM.attributes
                0x0000078e       0x2c c:/ac6/systemworkbench/plugins/fr.ac6.mcu.externaltools.arm-none.win32_1.17.0.201812190825/tools/compiler/bin/../lib/gcc/arm-none-eabi/7.3.1/../../../../arm-none-eabi/lib/thumb/v6-m\libc_nano.a(lib_a-makebuf.o)
 .ARM.attributes
                0x000007ba       0x2c c:/ac6/systemworkbench/plugins/fr.ac6.mcu.externaltools.arm-none.win32_1.17.0.201812190825/tools/compiler/bin/../lib/gcc/arm-none-eabi/7.3.1/../../../../arm-none-eabi/lib/thumb/v6-m\libc_nano.a(lib_a-memchr-stub.o)
 .ARM.attributes
                0x000007e6       0x2c c:/ac6/systemworkbench/plugins/fr.ac6.mcu.externaltools.arm-none.win32_1.17.0.201812190825/tools/compiler/bin/../lib/gcc/arm-none-eabi/7.3.1/../../../../arm-none-eabi/lib/thumb/v6-m\libc_nano.a(lib_a-mlock.o)
 .ARM.attributes
                0x00000812       0x2c c:/ac6/systemworkbench/plugins/fr.ac6.mcu.externaltools.arm-none.win32_1.17.0.201812190825/tools/compiler/bin/../lib/gcc/arm-none-eabi/7.3.1/../../../../arm-none-eabi/lib/thumb/v6-m\libc_nano.a(lib_a-nano-freer.o)
 .ARM.attributes
                0x0000083e       0x2c c:/ac6/systemworkbench/plugins/fr.ac6.mcu.externaltools.arm-none.win32_1.17.0.201812190825/tools/compiler/bin/../lib/gcc/arm-none-eabi/7.3.1/../../../../arm-none-eabi/lib/thumb/v6-m\libc_nano.a(lib_a-readr.o)
 .ARM.attributes
                0x0000086a       0x2c c:/ac6/systemworkbench/plugins/fr.ac6.mcu.externaltools.arm-none.win32_1.17.0.201812190825/tools/compiler/bin/../lib/gcc/arm-none-eabi/7.3.1/../../../../arm-none-eabi/lib/thumb/v6-m\libc_nano.a(lib_a-reent.o)
 .ARM.attributes
                0x00000896       0x2c c:/ac6/systemworkbench/plugins/fr.ac6.mcu.externaltools.arm-none.win32_1.17.0.201812190825/tools/compiler/bin/../lib/gcc/arm-none-eabi/7.3.1/../../../../arm-none-eabi/lib/thumb/v6-m\libc_nano.a(lib_a-fstatr.o)
 .ARM.attributes
                0x000008c2       0x2c c:/ac6/systemworkbench/plugins/fr.ac6.mcu.externaltools.arm-none.win32_1.17.0.201812190825/tools/compiler/bin/../lib/gcc/arm-none-eabi/7.3.1/../../../../arm-none-eabi/lib/thumb/v6-m\libc_nano.a(lib_a-isattyr.o)
 .ARM.attributes
                0x000008ee       0x1e c:/ac6/systemworkbench/plugins/fr.ac6.mcu.externaltools.arm-none.win32_1.17.0.201812190825/tools/compiler/bin/../lib/gcc/arm-none-eabi/7.3.1/thumb/v6-m/crtn.o
 .ARM.attributes
                0x0000090c       0x2c c:/ac6/systemworkbench/plugins/fr.ac6.mcu.externaltools.arm-none.win32_1.17.0.201812190825/tools/compiler/bin/../lib/gcc/arm-none-eabi/7.3.1/../../../../arm-none-eabi/lib/thumb/v6-m\libnosys.a(close.o)
 .ARM.attributes
                0x00000938       0x2c c:/ac6/systemworkbench/plugins/fr.ac6.mcu.externaltools.arm-none.win32_1.17.0.201812190825/tools/compiler/bin/../lib/gcc/arm-none-eabi/7.3.1/../../../../arm-none-eabi/lib/thumb/v6-m\libnosys.a(fstat.o)
 .ARM.attributes
                0x00000964       0x2c c:/ac6/systemworkbench/plugins/fr.ac6.mcu.externaltools.arm-none.win32_1.17.0.201812190825/tools/compiler/bin/../lib/gcc/arm-none-eabi/7.3.1/../../../../arm-none-eabi/lib/thumb/v6-m\libnosys.a(isatty.o)
 .ARM.attributes
                0x00000990       0x2c c:/ac6/systemworkbench/plugins/fr.ac6.mcu.externaltools.arm-none.win32_1.17.0.201812190825/tools/compiler/bin/../lib/gcc/arm-none-eabi/7.3.1/../../../../arm-none-eabi/lib/thumb/v6-m\libnosys.a(lseek.o)
 .ARM.attributes
                0x000009bc       0x2c c:/ac6/systemworkbench/plugins/fr.ac6.mcu.externaltools.arm-none.win32_1.17.0.201812190825/tools/compiler/bin/../lib/gcc/arm-none-eabi/7.3.1/../../../../arm-none-eabi/lib/thumb/v6-m\libnosys.a(sbrk.o)

.comment        0x00000000       0x7f
 .comment       0x00000000       0x7f _build/app_button.o
                                 0x80 (size before relaxing)
 .comment       0x0000007f       0x80 _build/app_error.o
 .comment       0x0000007f       0x80 _build/app_fifo.o
 .comment       0x0000007f       0x80 _build/app_timer.o
 .comment       0x0000007f       0x80 _build/retarget.o
 .comment       0x0000007f       0x80 _build/app_uart_fifo.o
 .comment       0x0000007f       0x80 _build/nrf_drv_common.o
 .comment       0x0000007f       0x80 _build/nrf_drv_gpiote.o
 .comment       0x0000007f       0x80 _build/pstorage.o
 .comment       0x0000007f       0x80 _build/bsp.o
 .comment       0x0000007f       0x80 _build/bsp_btn_ble.o
 .comment       0x0000007f       0x80 _build/main.o
 .comment       0x0000007f       0x80 _build/ble_advdata.o
 .comment       0x0000007f       0x80 _build/ble_advertising.o
 .comment       0x0000007f       0x80 _build/ble_conn_params.o
 .comment       0x0000007f       0x80 _build/ble_nus.o
 .comment       0x0000007f       0x80 _build/system_nrf51.o
 .comment       0x0000007f       0x80 _build/softdevice_handler.o

.debug_frame    0x00000000      0x838
 .debug_frame   0x00000000       0x28 c:/ac6/systemworkbench/plugins/fr.ac6.mcu.externaltools.arm-none.win32_1.17.0.201812190825/tools/compiler/bin/../lib/gcc/arm-none-eabi/7.3.1/../../../../arm-none-eabi/lib/thumb/v6-m\libc_nano.a(lib_a-exit.o)
 .debug_frame   0x00000028       0x2c c:/ac6/systemworkbench/plugins/fr.ac6.mcu.externaltools.arm-none.win32_1.17.0.201812190825/tools/compiler/bin/../lib/gcc/arm-none-eabi/7.3.1/../../../../arm-none-eabi/lib/thumb/v6-m\libc_nano.a(lib_a-init.o)
 .debug_frame   0x00000054       0x20 c:/ac6/systemworkbench/plugins/fr.ac6.mcu.externaltools.arm-none.win32_1.17.0.201812190825/tools/compiler/bin/../lib/gcc/arm-none-eabi/7.3.1/../../../../arm-none-eabi/lib/thumb/v6-m\libc_nano.a(lib_a-memset.o)
 .debug_frame   0x00000074       0x20 c:/ac6/systemworkbench/plugins/fr.ac6.mcu.externaltools.arm-none.win32_1.17.0.201812190825/tools/compiler/bin/../lib/gcc/arm-none-eabi/7.3.1/../../../../arm-none-eabi/lib/thumb/v6-m\libnosys.a(_exit.o)
 .debug_frame   0x00000094       0x20 c:/ac6/systemworkbench/plugins/fr.ac6.mcu.externaltools.arm-none.win32_1.17.0.201812190825/tools/compiler/bin/../lib/gcc/arm-none-eabi/7.3.1/thumb/v6-m\libgcc.a(_udivsi3.o)
 .debug_frame   0x000000b4       0x28 c:/ac6/systemworkbench/plugins/fr.ac6.mcu.externaltools.arm-none.win32_1.17.0.201812190825/tools/compiler/bin/../lib/gcc/arm-none-eabi/7.3.1/../../../../arm-none-eabi/lib/thumb/v6-m\libc_nano.a(lib_a-memcpy-stub.o)
 .debug_frame   0x000000dc       0x50 c:/ac6/systemworkbench/plugins/fr.ac6.mcu.externaltools.arm-none.win32_1.17.0.201812190825/tools/compiler/bin/../lib/gcc/arm-none-eabi/7.3.1/../../../../arm-none-eabi/lib/thumb/v6-m\libc_nano.a(lib_a-printf.o)
 .debug_frame   0x0000012c      0x140 c:/ac6/systemworkbench/plugins/fr.ac6.mcu.externaltools.arm-none.win32_1.17.0.201812190825/tools/compiler/bin/../lib/gcc/arm-none-eabi/7.3.1/../../../../arm-none-eabi/lib/thumb/v6-m\libc_nano.a(lib_a-findfp.o)
 .debug_frame   0x0000026c       0x58 c:/ac6/systemworkbench/plugins/fr.ac6.mcu.externaltools.arm-none.win32_1.17.0.201812190825/tools/compiler/bin/../lib/gcc/arm-none-eabi/7.3.1/../../../../arm-none-eabi/lib/thumb/v6-m\libc_nano.a(lib_a-fwalk.o)
 .debug_frame   0x000002c4       0x2c c:/ac6/systemworkbench/plugins/fr.ac6.mcu.externaltools.arm-none.win32_1.17.0.201812190825/tools/compiler/bin/../lib/gcc/arm-none-eabi/7.3.1/../../../../arm-none-eabi/lib/thumb/v6-m\libc_nano.a(lib_a-nano-mallocr.o)
 .debug_frame   0x000002f0       0x9c c:/ac6/systemworkbench/plugins/fr.ac6.mcu.externaltools.arm-none.win32_1.17.0.201812190825/tools/compiler/bin/../lib/gcc/arm-none-eabi/7.3.1/../../../../arm-none-eabi/lib/thumb/v6-m\libc_nano.a(lib_a-nano-vfprintf.o)
 .debug_frame   0x0000038c       0x54 c:/ac6/systemworkbench/plugins/fr.ac6.mcu.externaltools.arm-none.win32_1.17.0.201812190825/tools/compiler/bin/../lib/gcc/arm-none-eabi/7.3.1/../../../../arm-none-eabi/lib/thumb/v6-m\libc_nano.a(lib_a-nano-vfprintf_i.o)
 .debug_frame   0x000003e0       0x2c c:/ac6/systemworkbench/plugins/fr.ac6.mcu.externaltools.arm-none.win32_1.17.0.201812190825/tools/compiler/bin/../lib/gcc/arm-none-eabi/7.3.1/../../../../arm-none-eabi/lib/thumb/v6-m\libc_nano.a(lib_a-sbrkr.o)
 .debug_frame   0x0000040c       0x90 c:/ac6/systemworkbench/plugins/fr.ac6.mcu.externaltools.arm-none.win32_1.17.0.201812190825/tools/compiler/bin/../lib/gcc/arm-none-eabi/7.3.1/../../../../arm-none-eabi/lib/thumb/v6-m\libc_nano.a(lib_a-stdio.o)
 .debug_frame   0x0000049c       0x48 c:/ac6/systemworkbench/plugins/fr.ac6.mcu.externaltools.arm-none.win32_1.17.0.201812190825/tools/compiler/bin/../lib/gcc/arm-none-eabi/7.3.1/../../../../arm-none-eabi/lib/thumb/v6-m\libc_nano.a(lib_a-wbuf.o)
 .debug_frame   0x000004e4       0x2c c:/ac6/systemworkbench/plugins/fr.ac6.mcu.externaltools.arm-none.win32_1.17.0.201812190825/tools/compiler/bin/../lib/gcc/arm-none-eabi/7.3.1/../../../../arm-none-eabi/lib/thumb/v6-m\libc_nano.a(lib_a-writer.o)
 .debug_frame   0x00000510       0x2c c:/ac6/systemworkbench/plugins/fr.ac6.mcu.externaltools.arm-none.win32_1.17.0.201812190825/tools/compiler/bin/../lib/gcc/arm-none-eabi/7.3.1/../../../../arm-none-eabi/lib/thumb/v6-m\libc_nano.a(lib_a-wsetup.o)
 .debug_frame   0x0000053c       0x2c c:/ac6/systemworkbench/plugins/fr.ac6.mcu.externaltools.arm-none.win32_1.17.0.201812190825/tools/compiler/bin/../lib/gcc/arm-none-eabi/7.3.1/../../../../arm-none-eabi/lib/thumb/v6-m\libc_nano.a(lib_a-closer.o)
 .debug_frame   0x00000568       0x68 c:/ac6/systemworkbench/plugins/fr.ac6.mcu.externaltools.arm-none.win32_1.17.0.201812190825/tools/compiler/bin/../lib/gcc/arm-none-eabi/7.3.1/../../../../arm-none-eabi/lib/thumb/v6-m\libc_nano.a(lib_a-fflush.o)
 .debug_frame   0x000005d0       0x2c c:/ac6/systemworkbench/plugins/fr.ac6.mcu.externaltools.arm-none.win32_1.17.0.201812190825/tools/compiler/bin/../lib/gcc/arm-none-eabi/7.3.1/../../../../arm-none-eabi/lib/thumb/v6-m\libc_nano.a(lib_a-lseekr.o)
 .debug_frame   0x000005fc       0x54 c:/ac6/systemworkbench/plugins/fr.ac6.mcu.externaltools.arm-none.win32_1.17.0.201812190825/tools/compiler/bin/../lib/gcc/arm-none-eabi/7.3.1/../../../../arm-none-eabi/lib/thumb/v6-m\libc_nano.a(lib_a-makebuf.o)
 .debug_frame   0x00000650       0x20 c:/ac6/systemworkbench/plugins/fr.ac6.mcu.externaltools.arm-none.win32_1.17.0.201812190825/tools/compiler/bin/../lib/gcc/arm-none-eabi/7.3.1/../../../../arm-none-eabi/lib/thumb/v6-m\libc_nano.a(lib_a-memchr-stub.o)
 .debug_frame   0x00000670       0x30 c:/ac6/systemworkbench/plugins/fr.ac6.mcu.externaltools.arm-none.win32_1.17.0.201812190825/tools/compiler/bin/../lib/gcc/arm-none-eabi/7.3.1/../../../../arm-none-eabi/lib/thumb/v6-m\libc_nano.a(lib_a-mlock.o)
 .debug_frame   0x000006a0       0x2c c:/ac6/systemworkbench/plugins/fr.ac6.mcu.externaltools.arm-none.win32_1.17.0.201812190825/tools/compiler/bin/../lib/gcc/arm-none-eabi/7.3.1/../../../../arm-none-eabi/lib/thumb/v6-m\libc_nano.a(lib_a-nano-freer.o)
 .debug_frame   0x000006cc       0x2c c:/ac6/systemworkbench/plugins/fr.ac6.mcu.externaltools.arm-none.win32_1.17.0.201812190825/tools/compiler/bin/../lib/gcc/arm-none-eabi/7.3.1/../../../../arm-none-eabi/lib/thumb/v6-m\libc_nano.a(lib_a-readr.o)
 .debug_frame   0x000006f8       0x48 c:/ac6/systemworkbench/plugins/fr.ac6.mcu.externaltools.arm-none.win32_1.17.0.201812190825/tools/compiler/bin/../lib/gcc/arm-none-eabi/7.3.1/../../../../arm-none-eabi/lib/thumb/v6-m\libc_nano.a(lib_a-reent.o)
 .debug_frame   0x00000740       0x2c c:/ac6/systemworkbench/plugins/fr.ac6.mcu.externaltools.arm-none.win32_1.17.0.201812190825/tools/compiler/bin/../lib/gcc/arm-none-eabi/7.3.1/../../../../arm-none-eabi/lib/thumb/v6-m\libc_nano.a(lib_a-fstatr.o)
 .debug_frame   0x0000076c       0x2c c:/ac6/systemworkbench/plugins/fr.ac6.mcu.externaltools.arm-none.win32_1.17.0.201812190825/tools/compiler/bin/../lib/gcc/arm-none-eabi/7.3.1/../../../../arm-none-eabi/lib/thumb/v6-m\libc_nano.a(lib_a-isattyr.o)
 .debug_frame   0x00000798       0x20 c:/ac6/systemworkbench/plugins/fr.ac6.mcu.externaltools.arm-none.win32_1.17.0.201812190825/tools/compiler/bin/../lib/gcc/arm-none-eabi/7.3.1/../../../../arm-none-eabi/lib/thumb/v6-m\libnosys.a(close.o)
 .debug_frame   0x000007b8       0x20 c:/ac6/systemworkbench/plugins/fr.ac6.mcu.externaltools.arm-none.win32_1.17.0.201812190825/tools/compiler/bin/../lib/gcc/arm-none-eabi/7.3.1/../../../../arm-none-eabi/lib/thumb/v6-m\libnosys.a(fstat.o)
 .debug_frame   0x000007d8       0x20 c:/ac6/systemworkbench/plugins/fr.ac6.mcu.externaltools.arm-none.win32_1.17.0.201812190825/tools/compiler/bin/../lib/gcc/arm-none-eabi/7.3.1/../../../../arm-none-eabi/lib/thumb/v6-m\libnosys.a(isatty.o)
 .debug_frame   0x000007f8       0x20 c:/ac6/systemworkbench/plugins/fr.ac6.mcu.externaltools.arm-none.win32_1.17.0.201812190825/tools/compiler/bin/../lib/gcc/arm-none-eabi/7.3.1/../../../../arm-none-eabi/lib/thumb/v6-m\libnosys.a(lseek.o)
 .debug_frame   0x00000818       0x20 c:/ac6/systemworkbench/plugins/fr.ac6.mcu.externaltools.arm-none.win32_1.17.0.201812190825/tools/compiler/bin/../lib/gcc/arm-none-eabi/7.3.1/../../../../arm-none-eabi/lib/thumb/v6-m\libnosys.a(sbrk.o)

.stab           0x00000000       0x6c
 .stab          0x00000000       0x24 c:/ac6/systemworkbench/plugins/fr.ac6.mcu.externaltools.arm-none.win32_1.17.0.201812190825/tools/compiler/bin/../lib/gcc/arm-none-eabi/7.3.1/../../../../arm-none-eabi/lib/thumb/v6-m\libnosys.a(close.o)
 .stab          0x00000024       0x18 c:/ac6/systemworkbench/plugins/fr.ac6.mcu.externaltools.arm-none.win32_1.17.0.201812190825/tools/compiler/bin/../lib/gcc/arm-none-eabi/7.3.1/../../../../arm-none-eabi/lib/thumb/v6-m\libnosys.a(fstat.o)
                                 0x24 (size before relaxing)
 .stab          0x0000003c       0x18 c:/ac6/systemworkbench/plugins/fr.ac6.mcu.externaltools.arm-none.win32_1.17.0.201812190825/tools/compiler/bin/../lib/gcc/arm-none-eabi/7.3.1/../../../../arm-none-eabi/lib/thumb/v6-m\libnosys.a(isatty.o)
                                 0x24 (size before relaxing)
 .stab          0x00000054       0x18 c:/ac6/systemworkbench/plugins/fr.ac6.mcu.externaltools.arm-none.win32_1.17.0.201812190825/tools/compiler/bin/../lib/gcc/arm-none-eabi/7.3.1/../../../../arm-none-eabi/lib/thumb/v6-m\libnosys.a(lseek.o)
                                 0x24 (size before relaxing)

.stabstr        0x00000000       0xe3
 .stabstr       0x00000000       0xe3 c:/ac6/systemworkbench/plugins/fr.ac6.mcu.externaltools.arm-none.win32_1.17.0.201812190825/tools/compiler/bin/../lib/gcc/arm-none-eabi/7.3.1/../../../../arm-none-eabi/lib/thumb/v6-m\libnosys.a(close.o)
